jax devices: [CudaDevice(id=0)]
wandb: WARNING Unable to verify login in offline mode.
wandb: Tracking run with wandb version 0.28.1
wandb: W&B syncing is set to `offline` in this directory. Run `wandb online` or set WANDB_MODE=online to enable cloud syncing.
wandb: Run data is saved locally in /global/scratch/users/ren27/wandb/wandb/offline-run-20260802_160816-zprghbdq
wandb: View this run in the terminal with `wandb leet`
INFO:root:Reload configuration: 
append: true
checkpoint_relative_file_path: best_checkpoint.npz
config_relative_file_path: config.json
logdir: NONE
new_optimizer_state: false
reburn: false
same_logdir: false
use_checkpoint_file: true
use_config_file: true

INFO:root:Running with configuration: 
base_logdir: /global/scratch/users/ren27/vmcnet_logs/phase_a/e2_eta_sweep_carbon
debug_nans: false
distribute: false
dtype: float32
eval:
  nan_safe: false
  nburn: 0
  nchains: 2000
  nepochs: 0
  nmoves_per_width_update: 100
  nsteps_per_param_update: 10
  record_amplitudes: false
  record_local_energies: true
  std_move: 0.25
  use_data_from_training: false
initial_seed: 0
logdir: /global/scratch/users/ren27/vmcnet_logs/phase_a/e2_eta_sweep_carbon/e2_carbon_same_sampled_spring_unified_eta0.2_conOFF_s0
logging_level: INFO
model:
  backflow:
    activation_fn: tanh
    bias_init_1e_stream:
      type: normal
    bias_init_2e_stream:
      type: normal
    kernel_init_2e_1e_stream:
      scale: 1.0
      type: orthogonal
    kernel_init_2e_2e_stream:
      scale: 2.0
      type: orthogonal
    kernel_init_mixed:
      scale: 1.0
      type: orthogonal
    kernel_init_unmixed:
      scale: 2.0
      type: orthogonal
    ndense_list: !!python/tuple
    - &id001 !!python/tuple
      - 256
      - 16
    - *id001
    - *id001
    - !!python/tuple
      - 256
    one_electron_skip: true
    one_electron_skip_scale: 1.0
    two_electron_skip: true
    two_electron_skip_scale: 1.0
    use_bias: true
  bias_init_orbital_linear:
    type: normal
  envelope_softening: 0.0
  full_det: true
  include_cusp_jastrow: false
  input_streams:
    ee_norm_softening: 0.0
    ei_norm_softening: 0.0
    include_2e_stream: true
    include_ee_norm: true
    include_ei_norm: true
  isotropic_decay: true
  kernel_init_envelope_dim:
    type: ones
  kernel_init_envelope_ion:
    type: ones
  kernel_init_orbital_linear:
    scale: 2.0
    type: orthogonal
  ndeterminants: 16
  orbitals_use_bias: true
  type: ferminet
notes: Carbon atom, tuned settings from SPRING paper (arXiv:2401.10190)
problem:
  ee_softening: 0.0
  ei_softening: 0.0
  ion_charges: !!python/tuple
  - 6.0
  ion_pos: !!python/tuple
  - !!python/tuple
    - 0.0
    - 0.0
    - 0.0
  nelec: !!python/tuple
  - 4
  - 2
save_to_current_datetime_subfolder: false
subfolder_name: e2_carbon_same_sampled_spring_unified_eta0.2_conOFF_s0
vmc:
  best_checkpoint_every: 100
  check_for_nans: true
  checkpoint_dir: checkpoints
  checkpoint_every: 5000
  checkpoint_variance_scale: 10
  clip_center: mean
  clip_threshold: 5.0
  nan_safe: true
  nburn: 5000
  nchains: 1000
  nepochs: 25000
  nhistory_max: 200
  nmoves_per_width_update: 100
  nsteps_per_param_update: 10
  optimizer:
    adam:
      b1: 0.9
      b2: 0.999
      eps: 1.0e-08
      eps_root: 0.0
      learning_decay_rate: 0.0001
      learning_rate: 0.05
      schedule_type: inverse_time
    gauss_newton:
      E: 0.0
      clip_threshold: 1000.0
      constrain_norm: true
      damping: 0.001
      learning_decay_rate: 0.0001
      learning_rate: 1.0
      norm_constraint: 0.001
      schedule_type: inverse_time
    kfac:
      curvature_ema: 0.95
      damping: 0.001
      estimation_mode: fisher_exact
      inverse_update_period: 1
      l2_reg: 0.0
      learning_decay_rate: 0.0001
      learning_rate: 0.05
      min_damping: 0.0001
      norm_constraint: 0.001
      register_only_generic: false
      schedule_type: inverse_time
    prime_sr:
      constrain_norm: true
      damping: 0.001
      learning_decay_rate: 0.0001
      learning_rate: 0.02
      mu_cap: 1.0
      norm_constraint: 0.001
      schedule_type: inverse_time
    same_sampled_spring_unified:
      adaptive_eta: false
      adaptive_probe: false
      constrain_norm: false
      damping: 0.001
      lb_window: 30
      learning_decay_rate: 0.0001
      learning_rate: 0.2
      mu: 0.0
      norm_constraint: 0.001
      probe_damping: 0.001
      probe_lr: -1.0
      schedule_type: inverse_time
    sgd:
      learning_decay_rate: 0.0001
      learning_rate: 0.05
      momentum: 0.0
      nesterov: false
      schedule_type: inverse_time
    spring:
      constrain_norm: true
      damping: 0.001
      learning_decay_rate: 0.0001
      learning_rate: 0.05
      mu: 0.99
      norm_constraint: 0.001
      schedule_type: inverse_time
  optimizer_type: same_sampled_spring_unified
  record_amplitudes: false
  record_param_l1_norm: false
  std_move: 0.25
wandb:
  group: e2-eta-carbon-conOFF
  mode: offline
  name: e2_carbon_same_sampled_spring_unified_eta0.2_conOFF_s0
  project: vmcnet-phase-a

INFO:jax._src.xla_bridge:Unable to initialize backend 'rocm': module 'jaxlib.xla_extension' has no attribute 'GpuAllocatorConfig'
INFO:jax._src.xla_bridge:Unable to initialize backend 'tpu': INTERNAL: Failed to open libtpu.so: libtpu.so: cannot open shared object file: No such file or directory
INFO:root:Saving to /global/scratch/users/ren27/vmcnet_logs/phase_a/e2_eta_sweep_carbon/e2_carbon_same_sampled_spring_unified_eta0.2_conOFF_s0
INFO:root:Burning data for 5000 steps
INFO:root:Epoch     1, Energy: -1.52506e+01 (-1.54799e+01), Variance: 4.60895e+01 (6.69962e+01), Accept ratio: 0.47033, 
INFO:root:Epoch     2, Energy: -1.53067e+01 (-1.54471e+01), Variance: 5.76363e+01 (7.46186e+01), Accept ratio: 0.47809, 
INFO:root:Epoch     3, Energy: -1.56378e+01 (-1.58567e+01), Variance: 5.61894e+01 (7.59088e+01), Accept ratio: 0.48929, 
INFO:root:Epoch     4, Energy: -1.74671e+01 (-1.76848e+01), Variance: 7.20517e+01 (9.60391e+01), Accept ratio: 0.47087, 
INFO:root:Epoch     5, Energy: -1.82270e+01 (-1.84103e+01), Variance: 8.23844e+01 (1.05062e+02), Accept ratio: 0.45827, 
INFO:root:Epoch     6, Energy: -1.94615e+01 (-1.96621e+01), Variance: 7.52518e+01 (9.69339e+01), Accept ratio: 0.44674, 
INFO:root:Epoch     7, Energy: -2.15127e+01 (-2.18139e+01), Variance: 7.08327e+01 (1.07419e+02), Accept ratio: 0.42872, 
INFO:root:Epoch     8, Energy: -2.29199e+01 (-2.32022e+01), Variance: 6.59237e+01 (1.07726e+02), Accept ratio: 0.41248, 
INFO:root:Epoch     9, Energy: -2.51976e+01 (-2.55326e+01), Variance: 6.88158e+01 (1.13420e+02), Accept ratio: 0.37571, 
INFO:root:Epoch    10, Energy: -2.63100e+01 (-2.66255e+01), Variance: 7.23607e+01 (1.09758e+02), Accept ratio: 0.36932, 
INFO:root:Epoch    11, Energy: -2.88519e+01 (-2.89667e+01), Variance: 7.81454e+01 (9.18457e+01), Accept ratio: 0.35268, 
INFO:root:Epoch    12, Energy: -3.09770e+01 (-3.12240e+01), Variance: 5.52072e+01 (8.28087e+01), Accept ratio: 0.34732, 
INFO:root:Epoch    13, Energy: -3.31222e+01 (-3.31498e+01), Variance: 3.99133e+01 (4.41151e+01), Accept ratio: 0.30183, 
INFO:root:Epoch    14, Energy: -3.49986e+01 (-3.50266e+01), Variance: 2.55689e+01 (3.18571e+01), Accept ratio: 0.27018, 
INFO:root:Epoch    15, Energy: -3.57944e+01 (-3.56392e+01), Variance: 1.81498e+01 (3.71610e+01), Accept ratio: 0.25152, 
INFO:root:Epoch    16, Energy: -3.63283e+01 (-3.63275e+01), Variance: 1.40746e+01 (1.91183e+01), Accept ratio: 0.23062, 
INFO:root:Epoch    17, Energy: -3.61488e+01 (-3.62059e+01), Variance: 1.27928e+01 (1.99333e+01), Accept ratio: 0.23260, 
INFO:root:Epoch    18, Energy: -3.65310e+01 (-3.63762e+01), Variance: 9.51626e+00 (1.80523e+01), Accept ratio: 0.21332, 
INFO:root:Epoch    19, Energy: -3.67333e+01 (-3.66535e+01), Variance: 8.94331e+00 (1.75123e+01), Accept ratio: 0.20154, 
INFO:root:Epoch    20, Energy: -3.67395e+01 (-3.67649e+01), Variance: 9.75000e+00 (1.26897e+01), Accept ratio: 0.20103, 
INFO:root:Epoch    21, Energy: -3.74350e+01 (-3.73605e+01), Variance: 1.93467e+01 (2.75091e+01), Accept ratio: 0.22442, 
INFO:root:Epoch    22, Energy: -3.63600e+01 (-3.65621e+01), Variance: 2.25006e+01 (3.36607e+01), Accept ratio: 0.23697, 
INFO:root:Epoch    23, Energy: -3.81673e+01 (-3.80209e+01), Variance: 2.84875e+01 (3.83728e+01), Accept ratio: 0.21543, 
INFO:root:Epoch    24, Energy: -3.62478e+01 (-3.66405e+01), Variance: 5.82144e+01 (1.14623e+02), Accept ratio: 0.25565, 
INFO:root:Epoch    25, Energy: -3.88696e+01 (-3.86183e+01), Variance: 5.21542e+01 (7.74505e+01), Accept ratio: 0.21605, 
INFO:root:Epoch    26, Energy: -3.42300e+01 (-3.48191e+01), Variance: 1.19944e+02 (2.15923e+02), Accept ratio: 0.30280, 
INFO:root:Epoch    27, Energy: -4.04305e+01 (-3.97896e+01), Variance: 1.78714e+02 (3.63256e+02), Accept ratio: 0.23897, 
INFO:root:Epoch    28, Energy: -3.17649e+01 (-3.21896e+01), Variance: 1.52887e+02 (2.22577e+02), Accept ratio: 0.34701, 
INFO:root:Epoch    29, Energy: -3.56159e+01 (-3.54822e+01), Variance: 1.29144e+02 (1.51392e+02), Accept ratio: 0.26712, 
INFO:root:Epoch    30, Energy: -3.42378e+01 (-3.41530e+01), Variance: 6.61007e+01 (1.05993e+02), Accept ratio: 0.29594, 
INFO:root:Epoch    31, Energy: -3.96822e+01 (-3.95318e+01), Variance: 5.63903e+01 (6.89663e+01), Accept ratio: 0.27505, 
INFO:root:Epoch    32, Energy: -3.46269e+01 (-3.48697e+01), Variance: 7.39661e+01 (9.76558e+01), Accept ratio: 0.33602, 
INFO:root:Epoch    33, Energy: -4.24078e+01 (-4.19017e+01), Variance: 1.60487e+02 (3.27317e+02), Accept ratio: 0.24893, 
INFO:root:Epoch    34, Energy: -3.16131e+01 (-3.19287e+01), Variance: 1.36783e+02 (2.07164e+02), Accept ratio: 0.42760, 
INFO:root:Epoch    35, Energy: -3.47085e+01 (-3.46027e+01), Variance: 1.30512e+02 (1.79557e+02), Accept ratio: 0.32543, 
INFO:root:Epoch    36, Energy: -2.93879e+01 (-2.98458e+01), Variance: 1.73452e+02 (3.28415e+02), Accept ratio: 0.44793, 
INFO:root:Epoch    37, Energy: -3.19162e+01 (-3.23095e+01), Variance: 1.26232e+02 (2.05473e+02), Accept ratio: 0.38105, 
INFO:root:Epoch    38, Energy: -3.01263e+01 (-3.00521e+01), Variance: 8.81038e+01 (1.19787e+02), Accept ratio: 0.37849, 
INFO:root:Epoch    39, Energy: -3.49126e+01 (-3.48415e+01), Variance: 9.23039e+01 (1.14347e+02), Accept ratio: 0.33857, 
INFO:root:Epoch    40, Energy: -3.42051e+01 (-3.44078e+01), Variance: 8.85052e+01 (1.23474e+02), Accept ratio: 0.35602, 
INFO:root:Epoch    41, Energy: -3.85889e+01 (-3.85287e+01), Variance: 7.34044e+01 (1.14883e+02), Accept ratio: 0.33072, 
INFO:root:Epoch    42, Energy: -3.40182e+01 (-3.42701e+01), Variance: 7.99658e+01 (1.21709e+02), Accept ratio: 0.37742, 
INFO:root:Epoch    43, Energy: -3.88399e+01 (-3.87289e+01), Variance: 5.51073e+01 (7.51516e+01), Accept ratio: 0.31085, 
INFO:root:Epoch    44, Energy: -3.43992e+01 (-3.45873e+01), Variance: 8.89327e+01 (1.15769e+02), Accept ratio: 0.36247, 
INFO:root:Epoch    45, Energy: -4.03753e+01 (-4.02721e+01), Variance: 1.42855e+02 (1.57811e+02), Accept ratio: 0.28059, 
INFO:root:Epoch    46, Energy: -2.79580e+01 (-2.81975e+01), Variance: 2.61924e+02 (3.53670e+02), Accept ratio: 0.48975, 
INFO:root:Epoch    47, Energy: -3.14777e+01 (-3.11278e+01), Variance: 2.75809e+02 (4.11952e+02), Accept ratio: 0.38072, 
INFO:root:Epoch    48, Energy: -2.93739e+01 (-2.94645e+01), Variance: 3.10779e+02 (3.81543e+02), Accept ratio: 0.42632, 
INFO:root:Epoch    49, Energy: -3.08882e+01 (-3.09869e+01), Variance: 3.16001e+02 (3.43536e+02), Accept ratio: 0.42515, 
INFO:root:Epoch    50, Energy: -3.35410e+01 (-3.28447e+01), Variance: 5.81193e+02 (1.02020e+03), Accept ratio: 0.35434, 
INFO:root:Epoch    51, Energy: -3.02674e+01 (-3.04640e+01), Variance: 3.65205e+02 (4.31364e+02), Accept ratio: 0.49159, 
INFO:root:Epoch    52, Energy: -3.09793e+01 (-3.06579e+01), Variance: 4.28485e+02 (7.03238e+02), Accept ratio: 0.39611, 
INFO:root:Epoch    53, Energy: -2.38816e+01 (-2.01355e+01), Variance: 1.66628e+03 (9.49741e+03), Accept ratio: 0.45612, 
INFO:root:Epoch    54, Energy: -2.24526e+01 (-2.19946e+01), Variance: 2.29053e+03 (3.39186e+03), Accept ratio: 0.47156, 
INFO:root:Epoch    55, Energy: -2.02613e+01 (-2.35247e+01), Variance: 1.37655e+04 (2.75157e+04), Accept ratio: 0.40383, 
INFO:root:Epoch    56, Energy: 1.46021e+01 (1.10517e+01), Variance: 1.27432e+05 (2.30114e+05), Accept ratio: 0.39940, 
INFO:root:Epoch    57, Energy: 2.90426e+02 (8.36172e+02), Variance: 1.79941e+07 (2.62121e+08), Accept ratio: 0.42489, 
INFO:root:Epoch    58, Energy: nan (nan), Variance: nan (nan), Accept ratio: 0.43347, , nans ckpt saved
INFO:root:VMC terminated due to Nans! Aborting.
[1;34mwandb[0m: 
[1;34mwandb[0m: You can sync this run to the cloud by running:
[1;34mwandb[0m: [1mwandb sync /global/scratch/users/ren27/wandb/wandb/offline-run-20260802_160816-zprghbdq[0m
[1;34mwandb[0m: Find logs at: [1;35m../wandb/wandb/offline-run-20260802_160816-zprghbdq/logs[0m
