jax devices: [CudaDevice(id=0)]
SMOKE START 2026-08-02T13:19:18-07:00
wandb: WARNING Unable to verify login in offline mode.
INFO:root:Reload configuration: 
append: true
checkpoint_relative_file_path: best_checkpoint.npz
config_relative_file_path: config.json
logdir: NONE
new_optimizer_state: false
reburn: false
same_logdir: false
use_checkpoint_file: true
use_config_file: true

INFO:root:Running with configuration: 
base_logdir: /global/scratch/users/ren27/vmcnet_logs/phase_a/smoke
debug_nans: false
distribute: false
dtype: float32
eval:
  nan_safe: false
  nburn: 0
  nchains: 2000
  nepochs: 0
  nmoves_per_width_update: 100
  nsteps_per_param_update: 10
  record_amplitudes: false
  record_local_energies: true
  std_move: 0.25
  use_data_from_training: false
initial_seed: 0
logdir: /global/scratch/users/ren27/vmcnet_logs/phase_a/smoke/smoke_carbon_prime_sr_n2000
logging_level: INFO
model:
  backflow:
    activation_fn: tanh
    bias_init_1e_stream:
      type: normal
    bias_init_2e_stream:
      type: normal
    kernel_init_2e_1e_stream:
      scale: 1.0
      type: orthogonal
    kernel_init_2e_2e_stream:
      scale: 2.0
      type: orthogonal
    kernel_init_mixed:
      scale: 1.0
      type: orthogonal
    kernel_init_unmixed:
      scale: 2.0
      type: orthogonal
    ndense_list: !!python/tuple
    - &id001 !!python/tuple
      - 256
      - 16
    - *id001
    - *id001
    - !!python/tuple
      - 256
    one_electron_skip: true
    one_electron_skip_scale: 1.0
    two_electron_skip: true
    two_electron_skip_scale: 1.0
    use_bias: true
  bias_init_orbital_linear:
    type: normal
  envelope_softening: 0.0
  full_det: true
  include_cusp_jastrow: false
  input_streams:
    ee_norm_softening: 0.0
    ei_norm_softening: 0.0
    include_2e_stream: true
    include_ee_norm: true
    include_ei_norm: true
  isotropic_decay: true
  kernel_init_envelope_dim:
    type: ones
  kernel_init_envelope_ion:
    type: ones
  kernel_init_orbital_linear:
    scale: 2.0
    type: orthogonal
  ndeterminants: 16
  orbitals_use_bias: true
  type: ferminet
notes: Carbon atom, tuned settings from SPRING paper (arXiv:2401.10190)
problem:
  ee_softening: 0.0
  ei_softening: 0.0
  ion_charges: !!python/tuple
  - 6.0
  ion_pos: !!python/tuple
  - !!python/tuple
    - 0.0
    - 0.0
    - 0.0
  nelec: !!python/tuple
  - 4
  - 2
save_to_current_datetime_subfolder: false
subfolder_name: smoke_carbon_prime_sr_n2000
vmc:
  best_checkpoint_every: 100
  check_for_nans: false
  checkpoint_dir: checkpoints
  checkpoint_every: 200
  checkpoint_variance_scale: 10
  clip_center: mean
  clip_threshold: 5.0
  nan_safe: true
  nburn: 1000
  nchains: 2000
  nepochs: 200
  nhistory_max: 200
  nmoves_per_width_update: 100
  nsteps_per_param_update: 10
  optimizer:
    adam:
      b1: 0.9
      b2: 0.999
      eps: 1.0e-08
      eps_root: 0.0
      learning_decay_rate: 0.0001
      learning_rate: 0.05
      schedule_type: inverse_time
    gauss_newton:
      E: 0.0
      clip_threshold: 1000.0
      constrain_norm: true
      damping: 0.001
      learning_decay_rate: 0.0001
      learning_rate: 1.0
      norm_constraint: 0.001
      schedule_type: inverse_time
    kfac:
      curvature_ema: 0.95
      damping: 0.001
      estimation_mode: fisher_exact
      inverse_update_period: 1
      l2_reg: 0.0
      learning_decay_rate: 0.0001
      learning_rate: 0.05
      min_damping: 0.0001
      norm_constraint: 0.001
      register_only_generic: false
      schedule_type: inverse_time
    prime_sr:
      constrain_norm: true
      damping: 0.001
      learning_decay_rate: 0.0001
      learning_rate: 0.02
      mu_cap: 1.0
      norm_constraint: 0.001
      schedule_type: inverse_time
    same_sampled_spring_unified:
      adaptive_eta: false
      adaptive_probe: false
      constrain_norm: true
      damping: 0.001
      lb_window: 30
      learning_decay_rate: 0.0001
      learning_rate: 0.05
      mu: 0.0
      norm_constraint: 0.001
      probe_damping: 0.001
      probe_lr: -1.0
      schedule_type: inverse_time
    sgd:
      learning_decay_rate: 0.0001
      learning_rate: 0.05
      momentum: 0.0
      nesterov: false
      schedule_type: inverse_time
    spring:
      constrain_norm: true
      damping: 0.001
      learning_decay_rate: 0.0001
      learning_rate: 0.05
      mu: 0.99
      norm_constraint: 0.001
      schedule_type: inverse_time
  optimizer_type: prime_sr
  record_amplitudes: false
  record_param_l1_norm: false
  std_move: 0.25
wandb:
  group: default
  mode: disabled
  name: vmc-molecule_run
  project: default

INFO:jax._src.xla_bridge:Unable to initialize backend 'rocm': module 'jaxlib.xla_extension' has no attribute 'GpuAllocatorConfig'
INFO:jax._src.xla_bridge:Unable to initialize backend 'tpu': INTERNAL: Failed to open libtpu.so: libtpu.so: cannot open shared object file: No such file or directory
INFO:root:Saving to /global/scratch/users/ren27/vmcnet_logs/phase_a/smoke/smoke_carbon_prime_sr_n2000
INFO:root:Burning data for 1000 steps
INFO:root:Epoch     1, Energy: -1.58410e+01 (-1.61274e+01), Variance: 5.25941e+01 (8.38700e+01), Accept ratio: 0.48013, 
INFO:root:Epoch     2, Energy: -1.55886e+01 (-1.57923e+01), Variance: 4.93144e+01 (6.90619e+01), Accept ratio: 0.47952, 
INFO:root:Epoch     3, Energy: -1.55849e+01 (-1.57994e+01), Variance: 5.01866e+01 (7.07900e+01), Accept ratio: 0.47940, 
INFO:root:Epoch     4, Energy: -1.57383e+01 (-1.59812e+01), Variance: 4.90900e+01 (7.82835e+01), Accept ratio: 0.47774, 
INFO:root:Epoch     5, Energy: -1.59282e+01 (-1.62598e+01), Variance: 5.38243e+01 (9.90543e+01), Accept ratio: 0.48198, 
INFO:root:Epoch     6, Energy: -1.56829e+01 (-1.58340e+01), Variance: 4.83262e+01 (7.94449e+01), Accept ratio: 0.47831, 
INFO:root:Epoch     7, Energy: -1.59153e+01 (-1.61399e+01), Variance: 5.09647e+01 (8.01242e+01), Accept ratio: 0.47855, 
INFO:root:Epoch     8, Energy: -1.57551e+01 (-1.60162e+01), Variance: 5.06769e+01 (7.47168e+01), Accept ratio: 0.48105, 
INFO:root:Epoch     9, Energy: -1.59344e+01 (-1.61390e+01), Variance: 4.99271e+01 (6.92222e+01), Accept ratio: 0.47634, 
INFO:root:Epoch    10, Energy: -1.61542e+01 (-1.65033e+01), Variance: 6.06208e+01 (1.05642e+02), Accept ratio: 0.47111, 
INFO:root:Epoch    11, Energy: -1.64648e+01 (-1.68058e+01), Variance: 5.71696e+01 (1.09242e+02), Accept ratio: 0.47204, 
INFO:root:Epoch    12, Energy: -1.61672e+01 (-1.64148e+01), Variance: 5.18743e+01 (7.70606e+01), Accept ratio: 0.47857, 
INFO:root:Epoch    13, Energy: -1.65546e+01 (-1.66512e+01), Variance: 5.66194e+01 (6.39327e+01), Accept ratio: 0.47382, 
INFO:root:Epoch    14, Energy: -1.65018e+01 (-1.68015e+01), Variance: 5.70289e+01 (8.87136e+01), Accept ratio: 0.47274, 
INFO:root:Epoch    15, Energy: -1.65179e+01 (-1.68149e+01), Variance: 5.29813e+01 (1.04397e+02), Accept ratio: 0.46943, 
INFO:root:Epoch    16, Energy: -1.65731e+01 (-1.69384e+01), Variance: 5.58341e+01 (1.11240e+02), Accept ratio: 0.47200, 
INFO:root:Epoch    17, Energy: -1.63682e+01 (-1.65426e+01), Variance: 5.29153e+01 (6.97495e+01), Accept ratio: 0.47244, 
INFO:root:Epoch    18, Energy: -1.69906e+01 (-1.72801e+01), Variance: 6.54397e+01 (9.95086e+01), Accept ratio: 0.47322, 
INFO:root:Epoch    19, Energy: -1.66723e+01 (-1.69214e+01), Variance: 5.38753e+01 (8.08942e+01), Accept ratio: 0.46618, 
INFO:root:Epoch    20, Energy: -1.67421e+01 (-1.70488e+01), Variance: 5.52133e+01 (8.93921e+01), Accept ratio: 0.47139, 
INFO:root:Epoch    21, Energy: -1.70928e+01 (-1.73742e+01), Variance: 5.98689e+01 (8.65633e+01), Accept ratio: 0.46481, 
INFO:root:Epoch    22, Energy: -1.70100e+01 (-1.72184e+01), Variance: 5.77924e+01 (8.62221e+01), Accept ratio: 0.46487, 
INFO:root:Epoch    23, Energy: -1.68872e+01 (-1.70836e+01), Variance: 5.06782e+01 (7.39570e+01), Accept ratio: 0.46551, 
INFO:root:Epoch    24, Energy: -1.72908e+01 (-1.75750e+01), Variance: 6.37774e+01 (9.65226e+01), Accept ratio: 0.46658, 
INFO:root:Epoch    25, Energy: -1.74543e+01 (-1.75646e+01), Variance: 6.34782e+01 (7.19354e+01), Accept ratio: 0.46599, 
INFO:root:Epoch    26, Energy: -1.74010e+01 (-1.76795e+01), Variance: 6.45257e+01 (9.37102e+01), Accept ratio: 0.46478, 
INFO:root:Epoch    27, Energy: -1.76334e+01 (-1.78982e+01), Variance: 6.10694e+01 (9.05144e+01), Accept ratio: 0.46037, 
INFO:root:Epoch    28, Energy: -1.74661e+01 (-1.77767e+01), Variance: 6.18155e+01 (9.54370e+01), Accept ratio: 0.45651, 
INFO:root:Epoch    29, Energy: -1.72975e+01 (-1.75147e+01), Variance: 5.95682e+01 (8.19264e+01), Accept ratio: 0.46167, 
INFO:root:Epoch    30, Energy: -1.74748e+01 (-1.78348e+01), Variance: 5.84601e+01 (1.07264e+02), Accept ratio: 0.45982, 
INFO:root:Epoch    31, Energy: -1.77786e+01 (-1.81095e+01), Variance: 6.89828e+01 (1.18365e+02), Accept ratio: 0.46014, 
INFO:root:Epoch    32, Energy: -1.78899e+01 (-1.81622e+01), Variance: 6.83233e+01 (9.97959e+01), Accept ratio: 0.45368, 
INFO:root:Epoch    33, Energy: -1.79575e+01 (-1.81109e+01), Variance: 6.98112e+01 (8.27931e+01), Accept ratio: 0.46135, 
INFO:root:Epoch    34, Energy: -1.79694e+01 (-1.83274e+01), Variance: 7.16840e+01 (1.15227e+02), Accept ratio: 0.45188, 
INFO:root:Epoch    35, Energy: -1.81678e+01 (-1.83269e+01), Variance: 6.88552e+01 (8.73998e+01), Accept ratio: 0.45244, 
INFO:root:Epoch    36, Energy: -1.82606e+01 (-1.84389e+01), Variance: 6.46050e+01 (8.08010e+01), Accept ratio: 0.45484, 
INFO:root:Epoch    37, Energy: -1.86480e+01 (-1.88713e+01), Variance: 7.10689e+01 (9.27984e+01), Accept ratio: 0.44900, 
INFO:root:Epoch    38, Energy: -1.84497e+01 (-1.87862e+01), Variance: 6.83263e+01 (1.03856e+02), Accept ratio: 0.44824, 
INFO:root:Epoch    39, Energy: -1.84806e+01 (-1.86666e+01), Variance: 7.02780e+01 (8.83371e+01), Accept ratio: 0.44787, 
INFO:root:Epoch    40, Energy: -1.87050e+01 (-1.89608e+01), Variance: 7.09070e+01 (1.04376e+02), Accept ratio: 0.44770, 
INFO:root:Epoch    41, Energy: -1.87390e+01 (-1.90082e+01), Variance: 6.84896e+01 (9.48746e+01), Accept ratio: 0.44673, 
INFO:root:Epoch    42, Energy: -1.92397e+01 (-1.96588e+01), Variance: 7.77622e+01 (1.54405e+02), Accept ratio: 0.44177, 
INFO:root:Epoch    43, Energy: -1.88135e+01 (-1.90016e+01), Variance: 6.83166e+01 (8.85731e+01), Accept ratio: 0.43829, 
INFO:root:Epoch    44, Energy: -1.90345e+01 (-1.92907e+01), Variance: 7.24558e+01 (1.05671e+02), Accept ratio: 0.44317, 
INFO:root:Epoch    45, Energy: -1.92051e+01 (-1.94869e+01), Variance: 7.34985e+01 (1.04664e+02), Accept ratio: 0.44048, 
INFO:root:Epoch    46, Energy: -1.89629e+01 (-1.92090e+01), Variance: 6.87807e+01 (9.42024e+01), Accept ratio: 0.44171, 
INFO:root:Epoch    47, Energy: -1.93429e+01 (-1.96960e+01), Variance: 7.86317e+01 (1.45509e+02), Accept ratio: 0.43942, 
INFO:root:Epoch    48, Energy: -1.90598e+01 (-1.94821e+01), Variance: 6.97538e+01 (1.79191e+02), Accept ratio: 0.43852, 
INFO:root:Epoch    49, Energy: -1.92447e+01 (-1.94947e+01), Variance: 7.22543e+01 (9.75400e+01), Accept ratio: 0.44447, 
INFO:root:Epoch    50, Energy: -1.94412e+01 (-1.96800e+01), Variance: 7.71681e+01 (1.01897e+02), Accept ratio: 0.43955, 
INFO:root:Epoch    51, Energy: -1.99431e+01 (-2.03023e+01), Variance: 8.07374e+01 (1.22980e+02), Accept ratio: 0.47719, 
INFO:root:Epoch    52, Energy: -1.98032e+01 (-1.99924e+01), Variance: 8.06957e+01 (1.02233e+02), Accept ratio: 0.48163, 
INFO:root:Epoch    53, Energy: -1.98603e+01 (-2.01639e+01), Variance: 7.99031e+01 (1.15297e+02), Accept ratio: 0.47620, 
INFO:root:Epoch    54, Energy: -1.95500e+01 (-1.97306e+01), Variance: 7.17825e+01 (8.88736e+01), Accept ratio: 0.47223, 
INFO:root:Epoch    55, Energy: -1.96450e+01 (-1.99231e+01), Variance: 7.43721e+01 (1.08915e+02), Accept ratio: 0.47195, 
INFO:root:Epoch    56, Energy: -2.00054e+01 (-2.02533e+01), Variance: 7.51570e+01 (9.91557e+01), Accept ratio: 0.47754, 
INFO:root:Epoch    57, Energy: -1.98608e+01 (-2.02394e+01), Variance: 8.00927e+01 (1.41019e+02), Accept ratio: 0.47037, 
INFO:root:Epoch    58, Energy: -2.01998e+01 (-2.04137e+01), Variance: 7.99846e+01 (1.01770e+02), Accept ratio: 0.46896, 
INFO:root:Epoch    59, Energy: -2.04896e+01 (-2.09518e+01), Variance: 8.26734e+01 (1.63845e+02), Accept ratio: 0.47418, 
INFO:root:Epoch    60, Energy: -2.07760e+01 (-2.11798e+01), Variance: 9.01089e+01 (1.37985e+02), Accept ratio: 0.46224, 
INFO:root:Epoch    61, Energy: -2.08094e+01 (-2.13748e+01), Variance: 9.39699e+01 (2.04953e+02), Accept ratio: 0.46507, 
INFO:root:Epoch    62, Energy: -2.05485e+01 (-2.09487e+01), Variance: 8.63719e+01 (1.40156e+02), Accept ratio: 0.46313, 
INFO:root:Epoch    63, Energy: -2.06253e+01 (-2.09312e+01), Variance: 8.17814e+01 (1.17999e+02), Accept ratio: 0.46227, 
INFO:root:Epoch    64, Energy: -2.01673e+01 (-2.04208e+01), Variance: 7.34139e+01 (1.00683e+02), Accept ratio: 0.46550, 
INFO:root:Epoch    65, Energy: -2.06270e+01 (-2.08769e+01), Variance: 8.02353e+01 (1.13121e+02), Accept ratio: 0.46310, 
INFO:root:Epoch    66, Energy: -2.05900e+01 (-2.08378e+01), Variance: 8.44193e+01 (1.11248e+02), Accept ratio: 0.45922, 
INFO:root:Epoch    67, Energy: -2.05870e+01 (-2.08191e+01), Variance: 7.58037e+01 (1.07388e+02), Accept ratio: 0.45914, 
INFO:root:Epoch    68, Energy: -2.05520e+01 (-2.08630e+01), Variance: 7.52090e+01 (1.09525e+02), Accept ratio: 0.45461, 
INFO:root:Epoch    69, Energy: -2.11798e+01 (-2.14584e+01), Variance: 9.01988e+01 (1.23758e+02), Accept ratio: 0.45823, 
INFO:root:Epoch    70, Energy: -2.11725e+01 (-2.14364e+01), Variance: 8.51197e+01 (1.11480e+02), Accept ratio: 0.45253, 
INFO:root:Epoch    71, Energy: -2.13001e+01 (-2.15652e+01), Variance: 8.71021e+01 (1.16455e+02), Accept ratio: 0.45218, 
INFO:root:Epoch    72, Energy: -2.12301e+01 (-2.14286e+01), Variance: 8.50001e+01 (1.07679e+02), Accept ratio: 0.45136, 
INFO:root:Epoch    73, Energy: -2.13466e+01 (-2.16511e+01), Variance: 8.16242e+01 (1.14758e+02), Accept ratio: 0.44715, 
INFO:root:Epoch    74, Energy: -2.16521e+01 (-2.21903e+01), Variance: 9.63126e+01 (1.82281e+02), Accept ratio: 0.45103, 
INFO:root:Epoch    75, Energy: -2.15035e+01 (-2.17595e+01), Variance: 8.57023e+01 (1.20225e+02), Accept ratio: 0.44562, 
INFO:root:Epoch    76, Energy: -2.15575e+01 (-2.18990e+01), Variance: 8.43262e+01 (1.27196e+02), Accept ratio: 0.44329, 
INFO:root:Epoch    77, Energy: -2.17089e+01 (-2.19698e+01), Variance: 9.15620e+01 (1.20468e+02), Accept ratio: 0.44620, 
INFO:root:Epoch    78, Energy: -2.17295e+01 (-2.20523e+01), Variance: 9.08925e+01 (1.58533e+02), Accept ratio: 0.44542, 
INFO:root:Epoch    79, Energy: -2.20491e+01 (-2.23671e+01), Variance: 9.26672e+01 (1.38644e+02), Accept ratio: 0.44327, 
INFO:root:Epoch    80, Energy: -2.21761e+01 (-2.26317e+01), Variance: 9.78037e+01 (1.65871e+02), Accept ratio: 0.44379, 
INFO:root:Epoch    81, Energy: -2.22770e+01 (-2.26043e+01), Variance: 9.76579e+01 (1.36146e+02), Accept ratio: 0.47893, 
INFO:root:Epoch    82, Energy: -2.22601e+01 (-2.25926e+01), Variance: 8.94165e+01 (1.36479e+02), Accept ratio: 0.47342, 
INFO:root:Epoch    83, Energy: -2.22393e+01 (-2.23316e+01), Variance: 8.28787e+01 (1.26779e+02), Accept ratio: 0.47685, 
INFO:root:Epoch    84, Energy: -2.23267e+01 (-2.27404e+01), Variance: 9.10773e+01 (1.55941e+02), Accept ratio: 0.47625, 
INFO:root:Epoch    85, Energy: -2.25313e+01 (-2.27153e+01), Variance: 8.95560e+01 (1.08036e+02), Accept ratio: 0.48095, 
INFO:root:Epoch    86, Energy: -2.27179e+01 (-2.29054e+01), Variance: 9.52534e+01 (1.13708e+02), Accept ratio: 0.47119, 
INFO:root:Epoch    87, Energy: -2.22785e+01 (-2.25810e+01), Variance: 8.92010e+01 (1.37051e+02), Accept ratio: 0.47310, 
INFO:root:Epoch    88, Energy: -2.27656e+01 (-2.30744e+01), Variance: 9.59260e+01 (1.42510e+02), Accept ratio: 0.47232, 
INFO:root:Epoch    89, Energy: -2.26191e+01 (-2.28579e+01), Variance: 8.91970e+01 (1.20241e+02), Accept ratio: 0.46815, 
INFO:root:Epoch    90, Energy: -2.28563e+01 (-2.30495e+01), Variance: 9.14526e+01 (1.11004e+02), Accept ratio: 0.46653, 
INFO:root:Epoch    91, Energy: -2.29940e+01 (-2.32506e+01), Variance: 9.80251e+01 (1.26793e+02), Accept ratio: 0.46804, 
INFO:root:Epoch    92, Energy: -2.32222e+01 (-2.34480e+01), Variance: 9.34401e+01 (1.19194e+02), Accept ratio: 0.46716, 
INFO:root:Epoch    93, Energy: -2.33705e+01 (-2.36376e+01), Variance: 9.24897e+01 (1.28047e+02), Accept ratio: 0.46209, 
INFO:root:Epoch    94, Energy: -2.32850e+01 (-2.34272e+01), Variance: 8.32998e+01 (9.74217e+01), Accept ratio: 0.45805, 
INFO:root:Epoch    95, Energy: -2.33088e+01 (-2.38153e+01), Variance: 9.50289e+01 (3.15089e+02), Accept ratio: 0.46585, 
INFO:root:Epoch    96, Energy: -2.35799e+01 (-2.37905e+01), Variance: 1.01913e+02 (1.32568e+02), Accept ratio: 0.45872, 
INFO:root:Epoch    97, Energy: -2.35791e+01 (-2.37549e+01), Variance: 9.30081e+01 (1.12225e+02), Accept ratio: 0.45261, 
INFO:root:Epoch    98, Energy: -2.37466e+01 (-2.40111e+01), Variance: 9.41107e+01 (1.33790e+02), Accept ratio: 0.45685, 
INFO:root:Epoch    99, Energy: -2.38012e+01 (-2.41431e+01), Variance: 9.73984e+01 (1.51931e+02), Accept ratio: 0.45423, 
INFO:root:Epoch   100, Energy: -2.39105e+01 (-2.42692e+01), Variance: 9.68565e+01 (1.48730e+02), Accept ratio: 0.45199, , best weights saved
INFO:root:Epoch   101, Energy: -2.40163e+01 (-2.42827e+01), Variance: 9.54425e+01 (1.30865e+02), Accept ratio: 0.44954, 
INFO:root:Epoch   102, Energy: -2.39760e+01 (-2.41924e+01), Variance: 9.40978e+01 (1.20527e+02), Accept ratio: 0.45015, 
INFO:root:Epoch   103, Energy: -2.38584e+01 (-2.41103e+01), Variance: 9.46619e+01 (1.22159e+02), Accept ratio: 0.45366, 
INFO:root:Epoch   104, Energy: -2.41863e+01 (-2.45280e+01), Variance: 9.62049e+01 (1.39318e+02), Accept ratio: 0.44738, 
INFO:root:Epoch   105, Energy: -2.43248e+01 (-2.45250e+01), Variance: 1.00606e+02 (1.43786e+02), Accept ratio: 0.44758, 
INFO:root:Epoch   106, Energy: -2.43231e+01 (-2.45724e+01), Variance: 9.68842e+01 (1.28419e+02), Accept ratio: 0.44512, 
INFO:root:Epoch   107, Energy: -2.45037e+01 (-2.46666e+01), Variance: 9.49815e+01 (1.14081e+02), Accept ratio: 0.44855, 
INFO:root:Epoch   108, Energy: -2.47332e+01 (-2.48963e+01), Variance: 9.57177e+01 (1.12763e+02), Accept ratio: 0.43932, 
INFO:root:Epoch   109, Energy: -2.48111e+01 (-2.50172e+01), Variance: 1.00358e+02 (1.28523e+02), Accept ratio: 0.43788, 
INFO:root:Epoch   110, Energy: -2.45823e+01 (-2.47370e+01), Variance: 8.72444e+01 (1.03512e+02), Accept ratio: 0.43816, 
INFO:root:Epoch   111, Energy: -2.47589e+01 (-2.49745e+01), Variance: 9.30768e+01 (1.17962e+02), Accept ratio: 0.47767, 
INFO:root:Epoch   112, Energy: -2.49270e+01 (-2.52025e+01), Variance: 9.73838e+01 (1.36328e+02), Accept ratio: 0.47928, 
INFO:root:Epoch   113, Energy: -2.52243e+01 (-2.54826e+01), Variance: 1.10000e+02 (1.44561e+02), Accept ratio: 0.47672, 
INFO:root:Epoch   114, Energy: -2.47663e+01 (-2.49902e+01), Variance: 9.42023e+01 (1.22790e+02), Accept ratio: 0.47185, 
INFO:root:Epoch   115, Energy: -2.49096e+01 (-2.52653e+01), Variance: 9.64539e+01 (1.72469e+02), Accept ratio: 0.46843, 
INFO:root:Epoch   116, Energy: -2.55951e+01 (-2.59367e+01), Variance: 9.83809e+01 (1.63989e+02), Accept ratio: 0.46851, 
INFO:root:Epoch   117, Energy: -2.54099e+01 (-2.57873e+01), Variance: 1.01958e+02 (1.71379e+02), Accept ratio: 0.46224, 
INFO:root:Epoch   118, Energy: -2.56753e+01 (-2.65026e+01), Variance: 1.17688e+02 (3.17582e+02), Accept ratio: 0.46815, 
INFO:root:Epoch   119, Energy: -2.57272e+01 (-2.60115e+01), Variance: 1.06671e+02 (1.69771e+02), Accept ratio: 0.46712, 
INFO:root:Epoch   120, Energy: -2.54259e+01 (-2.57523e+01), Variance: 1.02512e+02 (1.52597e+02), Accept ratio: 0.46210, 
INFO:root:Epoch   121, Energy: -2.56125e+01 (-2.59540e+01), Variance: 1.00813e+02 (1.53598e+02), Accept ratio: 0.46151, 
INFO:root:Epoch   122, Energy: -2.57944e+01 (-2.60109e+01), Variance: 9.48537e+01 (1.25443e+02), Accept ratio: 0.46021, 
INFO:root:Epoch   123, Energy: -2.58794e+01 (-2.62314e+01), Variance: 9.75359e+01 (1.51581e+02), Accept ratio: 0.45916, 
INFO:root:Epoch   124, Energy: -2.58903e+01 (-2.60675e+01), Variance: 9.03770e+01 (1.20199e+02), Accept ratio: 0.45786, 
INFO:root:Epoch   125, Energy: -2.63592e+01 (-2.66540e+01), Variance: 1.07256e+02 (1.51144e+02), Accept ratio: 0.45682, 
INFO:root:Epoch   126, Energy: -2.62079e+01 (-2.63883e+01), Variance: 9.02709e+01 (1.09829e+02), Accept ratio: 0.45261, 
INFO:root:Epoch   127, Energy: -2.64399e+01 (-2.66667e+01), Variance: 9.51976e+01 (1.32854e+02), Accept ratio: 0.44845, 
INFO:root:Epoch   128, Energy: -2.65075e+01 (-2.68364e+01), Variance: 9.38155e+01 (1.37269e+02), Accept ratio: 0.45430, 
INFO:root:Epoch   129, Energy: -2.64988e+01 (-2.67848e+01), Variance: 9.75217e+01 (1.43130e+02), Accept ratio: 0.44566, 
INFO:root:Epoch   130, Energy: -2.65165e+01 (-2.67559e+01), Variance: 9.93796e+01 (1.34937e+02), Accept ratio: 0.44576, 
INFO:root:Epoch   131, Energy: -2.66646e+01 (-2.68113e+01), Variance: 9.28104e+01 (1.15108e+02), Accept ratio: 0.44658, 
INFO:root:Epoch   132, Energy: -2.66769e+01 (-2.68926e+01), Variance: 9.74890e+01 (1.22007e+02), Accept ratio: 0.43826, 
INFO:root:Epoch   133, Energy: -2.67640e+01 (-2.70404e+01), Variance: 8.84411e+01 (1.26730e+02), Accept ratio: 0.44083, 
INFO:root:Epoch   134, Energy: -2.69915e+01 (-2.73049e+01), Variance: 8.91572e+01 (1.51148e+02), Accept ratio: 0.43629, 
INFO:root:Epoch   135, Energy: -2.69491e+01 (-2.74979e+01), Variance: 9.46299e+01 (3.07851e+02), Accept ratio: 0.43703, 
INFO:root:Epoch   136, Energy: -2.69593e+01 (-2.72020e+01), Variance: 9.88921e+01 (1.43469e+02), Accept ratio: 0.43884, 
INFO:root:Epoch   137, Energy: -2.71064e+01 (-2.73843e+01), Variance: 9.39058e+01 (1.29534e+02), Accept ratio: 0.43402, 
INFO:root:Epoch   138, Energy: -2.74085e+01 (-2.76055e+01), Variance: 8.94378e+01 (1.19351e+02), Accept ratio: 0.43146, 
INFO:root:Epoch   139, Energy: -2.77081e+01 (-2.79140e+01), Variance: 9.65114e+01 (1.25279e+02), Accept ratio: 0.42775, 
INFO:root:Epoch   140, Energy: -2.75310e+01 (-2.77611e+01), Variance: 9.44831e+01 (1.21820e+02), Accept ratio: 0.42809, 
INFO:root:Epoch   141, Energy: -2.77185e+01 (-2.79163e+01), Variance: 9.23387e+01 (1.14047e+02), Accept ratio: 0.46962, 
INFO:root:Epoch   142, Energy: -2.76615e+01 (-2.81275e+01), Variance: 9.26070e+01 (2.43737e+02), Accept ratio: 0.47035, 
INFO:root:Epoch   143, Energy: -2.78284e+01 (-2.80078e+01), Variance: 9.34065e+01 (1.15410e+02), Accept ratio: 0.46907, 
INFO:root:Epoch   144, Energy: -2.78540e+01 (-2.80937e+01), Variance: 9.68134e+01 (1.36039e+02), Accept ratio: 0.46779, 
INFO:root:Epoch   145, Energy: -2.77183e+01 (-2.79551e+01), Variance: 9.56538e+01 (1.27276e+02), Accept ratio: 0.46442, 
INFO:root:Epoch   146, Energy: -2.77638e+01 (-2.79367e+01), Variance: 8.69353e+01 (1.16694e+02), Accept ratio: 0.46381, 
INFO:root:Epoch   147, Energy: -2.80138e+01 (-2.81279e+01), Variance: 8.71903e+01 (9.92595e+01), Accept ratio: 0.46264, 
INFO:root:Epoch   148, Energy: -2.81209e+01 (-2.84042e+01), Variance: 9.32113e+01 (1.92014e+02), Accept ratio: 0.46218, 
INFO:root:Epoch   149, Energy: -2.82557e+01 (-2.83672e+01), Variance: 8.75263e+01 (9.87481e+01), Accept ratio: 0.46006, 
INFO:root:Epoch   150, Energy: -2.81565e+01 (-2.82909e+01), Variance: 8.75837e+01 (1.03086e+02), Accept ratio: 0.45811, 
INFO:root:Epoch   151, Energy: -2.82176e+01 (-2.84475e+01), Variance: 8.73613e+01 (1.15677e+02), Accept ratio: 0.45188, 
INFO:root:Epoch   152, Energy: -2.83298e+01 (-2.85797e+01), Variance: 9.37648e+01 (1.43966e+02), Accept ratio: 0.45538, 
INFO:root:Epoch   153, Energy: -2.87609e+01 (-2.88909e+01), Variance: 9.31167e+01 (1.09950e+02), Accept ratio: 0.45552, 
INFO:root:Epoch   154, Energy: -2.87313e+01 (-2.88951e+01), Variance: 8.88431e+01 (1.10787e+02), Accept ratio: 0.45160, 
INFO:root:Epoch   155, Energy: -2.89489e+01 (-2.91073e+01), Variance: 8.10770e+01 (1.01415e+02), Accept ratio: 0.44567, 
INFO:root:Epoch   156, Energy: -2.89228e+01 (-2.89926e+01), Variance: 8.53480e+01 (9.13315e+01), Accept ratio: 0.44365, 
INFO:root:Epoch   157, Energy: -2.87909e+01 (-2.89800e+01), Variance: 8.31372e+01 (1.07058e+02), Accept ratio: 0.44266, 
INFO:root:Epoch   158, Energy: -2.89933e+01 (-2.91030e+01), Variance: 8.50614e+01 (9.56214e+01), Accept ratio: 0.44452, 
INFO:root:Epoch   159, Energy: -2.90975e+01 (-2.93216e+01), Variance: 8.78314e+01 (1.31423e+02), Accept ratio: 0.44018, 
INFO:root:Epoch   160, Energy: -2.90934e+01 (-2.94340e+01), Variance: 8.33722e+01 (1.55007e+02), Accept ratio: 0.44226, 
INFO:root:Epoch   161, Energy: -2.94348e+01 (-2.96252e+01), Variance: 8.50910e+01 (1.18181e+02), Accept ratio: 0.47940, 
INFO:root:Epoch   162, Energy: -2.95257e+01 (-2.96663e+01), Variance: 8.67665e+01 (1.13702e+02), Accept ratio: 0.47860, 
INFO:root:Epoch   163, Energy: -2.92408e+01 (-2.88466e+01), Variance: 8.90660e+01 (6.09356e+02), Accept ratio: 0.47525, 
INFO:root:Epoch   164, Energy: -2.94067e+01 (-2.95328e+01), Variance: 8.08391e+01 (9.55685e+01), Accept ratio: 0.47713, 
INFO:root:Epoch   165, Energy: -2.94587e+01 (-2.94778e+01), Variance: 8.28540e+01 (8.62110e+01), Accept ratio: 0.47966, 
INFO:root:Epoch   166, Energy: -2.95958e+01 (-2.98205e+01), Variance: 8.91620e+01 (1.22199e+02), Accept ratio: 0.47856, 
INFO:root:Epoch   167, Energy: -2.95620e+01 (-2.95877e+01), Variance: 8.42851e+01 (1.33762e+02), Accept ratio: 0.47580, 
INFO:root:Epoch   168, Energy: -2.99955e+01 (-2.93157e+01), Variance: 8.74813e+01 (1.34680e+03), Accept ratio: 0.47565, 
INFO:root:Epoch   169, Energy: -2.98533e+01 (-2.99387e+01), Variance: 7.88148e+01 (8.88367e+01), Accept ratio: 0.47337, 
INFO:root:Epoch   170, Energy: -3.00718e+01 (-3.03275e+01), Variance: 7.90816e+01 (1.23310e+02), Accept ratio: 0.47184, 
INFO:root:Epoch   171, Energy: -2.97609e+01 (-2.99949e+01), Variance: 7.69243e+01 (1.19865e+02), Accept ratio: 0.46875, 
INFO:root:Epoch   172, Energy: -3.03914e+01 (-3.05400e+01), Variance: 8.22676e+01 (1.00782e+02), Accept ratio: 0.46599, 
INFO:root:Epoch   173, Energy: -3.01639e+01 (-3.02351e+01), Variance: 7.18035e+01 (7.97018e+01), Accept ratio: 0.46350, 
INFO:root:Epoch   174, Energy: -3.05880e+01 (-3.07041e+01), Variance: 7.71680e+01 (1.07623e+02), Accept ratio: 0.45967, 
INFO:root:Epoch   175, Energy: -3.05283e+01 (-3.06224e+01), Variance: 7.45947e+01 (8.58672e+01), Accept ratio: 0.46115, 
INFO:root:Epoch   176, Energy: -3.05193e+01 (-3.06850e+01), Variance: 8.11950e+01 (1.00247e+02), Accept ratio: 0.45866, 
INFO:root:Epoch   177, Energy: -3.03923e+01 (-3.05425e+01), Variance: 7.45572e+01 (9.23381e+01), Accept ratio: 0.45242, 
INFO:root:Epoch   178, Energy: -3.04700e+01 (-3.06047e+01), Variance: 7.60671e+01 (9.03996e+01), Accept ratio: 0.45321, 
INFO:root:Epoch   179, Energy: -3.07675e+01 (-3.09213e+01), Variance: 7.27772e+01 (9.20046e+01), Accept ratio: 0.45712, 
INFO:root:Epoch   180, Energy: -3.08022e+01 (-3.08104e+01), Variance: 7.28887e+01 (7.60592e+01), Accept ratio: 0.45158, 
INFO:root:Epoch   181, Energy: -3.09822e+01 (-3.12535e+01), Variance: 8.03622e+01 (1.21954e+02), Accept ratio: 0.44759, 
INFO:root:Epoch   182, Energy: -3.10228e+01 (-3.11894e+01), Variance: 7.13953e+01 (1.00902e+02), Accept ratio: 0.44773, 
INFO:root:Epoch   183, Energy: -3.08990e+01 (-3.09745e+01), Variance: 7.07757e+01 (8.04063e+01), Accept ratio: 0.44432, 
INFO:root:Epoch   184, Energy: -3.09536e+01 (-3.10034e+01), Variance: 6.97321e+01 (7.38517e+01), Accept ratio: 0.44739, 
INFO:root:Epoch   185, Energy: -3.10967e+01 (-3.12375e+01), Variance: 7.14546e+01 (9.50886e+01), Accept ratio: 0.44486, 
INFO:root:Epoch   186, Energy: -3.12101e+01 (-3.12623e+01), Variance: 6.82922e+01 (7.25853e+01), Accept ratio: 0.44288, 
INFO:root:Epoch   187, Energy: -3.11914e+01 (-3.12325e+01), Variance: 7.29168e+01 (8.26042e+01), Accept ratio: 0.44304, 
INFO:root:Epoch   188, Energy: -3.13684e+01 (-3.14555e+01), Variance: 7.37518e+01 (8.16821e+01), Accept ratio: 0.44461, 
INFO:root:Epoch   189, Energy: -3.13775e+01 (-3.15819e+01), Variance: 6.80381e+01 (1.30307e+02), Accept ratio: 0.43898, 
INFO:root:Epoch   190, Energy: -3.14161e+01 (-3.15315e+01), Variance: 7.05061e+01 (8.58793e+01), Accept ratio: 0.43741, 
INFO:root:Epoch   191, Energy: -3.13964e+01 (-3.14227e+01), Variance: 6.84470e+01 (7.89490e+01), Accept ratio: 0.47934, 
INFO:root:Epoch   192, Energy: -3.14685e+01 (-3.14671e+01), Variance: 7.35853e+01 (8.70730e+01), Accept ratio: 0.48163, 
INFO:root:Epoch   193, Energy: -3.13828e+01 (-3.14549e+01), Variance: 6.86080e+01 (7.44248e+01), Accept ratio: 0.48110, 
INFO:root:Epoch   194, Energy: -3.15531e+01 (-3.16312e+01), Variance: 6.66357e+01 (7.36518e+01), Accept ratio: 0.47455, 
INFO:root:Epoch   195, Energy: -3.16852e+01 (-3.17582e+01), Variance: 6.32385e+01 (7.07584e+01), Accept ratio: 0.47545, 
INFO:root:Epoch   196, Energy: -3.16128e+01 (-3.16964e+01), Variance: 6.36049e+01 (7.60113e+01), Accept ratio: 0.47405, 
INFO:root:Epoch   197, Energy: -3.15926e+01 (-3.16336e+01), Variance: 6.57635e+01 (7.54528e+01), Accept ratio: 0.47307, 
INFO:root:Epoch   198, Energy: -3.18804e+01 (-3.20146e+01), Variance: 6.89625e+01 (9.26465e+01), Accept ratio: 0.47222, 
INFO:root:Epoch   199, Energy: -3.18663e+01 (-3.18275e+01), Variance: 6.59089e+01 (7.98422e+01), Accept ratio: 0.46532, 
INFO:root:Epoch   200, Energy: -3.19933e+01 (-3.20665e+01), Variance: 6.28784e+01 (7.29402e+01), Accept ratio: 0.46859, , regular ckpt saved, best weights saved
INFO:root:Completed VMC! Evaluating
INFO:root:Burning data for 0 steps
SMOKE END 2026-08-02T13:24:46-07:00
