jax devices: [CudaDevice(id=0)]
wandb: WARNING Unable to verify login in offline mode.
wandb: Tracking run with wandb version 0.28.1
wandb: W&B syncing is set to `offline` in this directory. Run `wandb online` or set WANDB_MODE=online to enable cloud syncing.
wandb: Run data is saved locally in /global/scratch/users/ren27/wandb/wandb/offline-run-20260802_205030-huc32265
wandb: View this run in the terminal with `wandb leet`
INFO:root:Reload configuration: 
append: true
checkpoint_relative_file_path: best_checkpoint.npz
config_relative_file_path: config.json
logdir: NONE
new_optimizer_state: false
reburn: false
same_logdir: false
use_checkpoint_file: true
use_config_file: true

INFO:root:Running with configuration: 
base_logdir: /global/scratch/users/ren27/vmcnet_logs/phase_a/e4_h4_stress_grid
debug_nans: false
distribute: false
dtype: float32
eval:
  nan_safe: false
  nburn: 0
  nchains: 2000
  nepochs: 0
  nmoves_per_width_update: 100
  nsteps_per_param_update: 10
  record_amplitudes: false
  record_local_energies: true
  std_move: 0.25
  use_data_from_training: false
initial_seed: 0
logdir: /global/scratch/users/ren27/vmcnet_logs/phase_a/e4_h4_stress_grid/e4_h4_spring_eta0.3_n1000_s0
logging_level: INFO
model:
  backflow:
    activation_fn: tanh
    bias_init_1e_stream:
      type: normal
    bias_init_2e_stream:
      type: normal
    kernel_init_2e_1e_stream:
      scale: 1.0
      type: orthogonal
    kernel_init_2e_2e_stream:
      scale: 2.0
      type: orthogonal
    kernel_init_mixed:
      scale: 1.0
      type: orthogonal
    kernel_init_unmixed:
      scale: 2.0
      type: orthogonal
    ndense_list: !!python/tuple
    - &id001 !!python/tuple
      - 256
      - 16
    - *id001
    - *id001
    - !!python/tuple
      - 256
    one_electron_skip: true
    one_electron_skip_scale: 1.0
    two_electron_skip: true
    two_electron_skip_scale: 1.0
    use_bias: true
  bias_init_orbital_linear:
    type: normal
  envelope_softening: 0.0
  full_det: true
  include_cusp_jastrow: false
  input_streams:
    ee_norm_softening: 0.0
    ei_norm_softening: 0.0
    include_2e_stream: true
    include_ee_norm: true
    include_ei_norm: true
  isotropic_decay: true
  kernel_init_envelope_dim:
    type: ones
  kernel_init_envelope_ion:
    type: ones
  kernel_init_orbital_linear:
    scale: 2.0
    type: orthogonal
  ndeterminants: 16
  orbitals_use_bias: true
  type: ferminet
notes: H4 square, 4 Bohr side. vmc/eval blocks are explicit so nothing rides on defaults
  (the bare-geometry version inherited nepochs=200000 and eval.nchains=1000). Settings
  mirror carbon.json / the SPRING-paper protocol.
problem:
  ee_softening: 0.0
  ei_softening: 0.0
  ion_charges: !!python/tuple
  - 1.0
  - 1.0
  - 1.0
  - 1.0
  ion_pos: !!python/tuple
  - !!python/tuple
    - 0.0
    - 0.0
    - 0.0
  - !!python/tuple
    - 4.0
    - 0.0
    - 0.0
  - !!python/tuple
    - 0.0
    - 4.0
    - 0.0
  - !!python/tuple
    - 4.0
    - 4.0
    - 0.0
  nelec: !!python/tuple
  - 2
  - 2
save_to_current_datetime_subfolder: false
subfolder_name: e4_h4_spring_eta0.3_n1000_s0
vmc:
  best_checkpoint_every: 100
  check_for_nans: true
  checkpoint_dir: checkpoints
  checkpoint_every: 5000
  checkpoint_variance_scale: 10
  clip_center: mean
  clip_threshold: 5.0
  nan_safe: true
  nburn: 5000
  nchains: 1000
  nepochs: 25000
  nhistory_max: 200
  nmoves_per_width_update: 100
  nsteps_per_param_update: 10
  optimizer:
    adam:
      b1: 0.9
      b2: 0.999
      eps: 1.0e-08
      eps_root: 0.0
      learning_decay_rate: 0.0001
      learning_rate: 0.05
      schedule_type: inverse_time
    gauss_newton:
      E: 0.0
      clip_threshold: 1000.0
      constrain_norm: true
      damping: 0.001
      learning_decay_rate: 0.0001
      learning_rate: 1.0
      norm_constraint: 0.001
      schedule_type: inverse_time
    kfac:
      curvature_ema: 0.95
      damping: 0.001
      estimation_mode: fisher_exact
      inverse_update_period: 1
      l2_reg: 0.0
      learning_decay_rate: 0.0001
      learning_rate: 0.05
      min_damping: 0.0001
      norm_constraint: 0.001
      register_only_generic: false
      schedule_type: inverse_time
    prime_sr:
      constrain_norm: true
      damping: 0.001
      learning_decay_rate: 0.0001
      learning_rate: 0.02
      mu_cap: 1.0
      norm_constraint: 0.001
      schedule_type: inverse_time
    same_sampled_spring_unified:
      adaptive_eta: false
      adaptive_probe: false
      constrain_norm: true
      damping: 0.001
      lb_window: 30
      learning_decay_rate: 0.0001
      learning_rate: 0.05
      mu: 0.0
      norm_constraint: 0.001
      probe_damping: 0.001
      probe_lr: -1.0
      schedule_type: inverse_time
    sgd:
      learning_decay_rate: 0.0001
      learning_rate: 0.05
      momentum: 0.0
      nesterov: false
      schedule_type: inverse_time
    spring:
      constrain_norm: false
      damping: 0.001
      learning_decay_rate: 0.0001
      learning_rate: 0.3
      mu: 0.99
      norm_constraint: 0.001
      schedule_type: inverse_time
  optimizer_type: spring
  record_amplitudes: false
  record_param_l1_norm: false
  std_move: 0.25
wandb:
  group: e4-h4-stress
  mode: offline
  name: e4_h4_spring_eta0.3_n1000_s0
  project: vmcnet-phase-a

INFO:jax._src.xla_bridge:Unable to initialize backend 'rocm': module 'jaxlib.xla_extension' has no attribute 'GpuAllocatorConfig'
INFO:jax._src.xla_bridge:Unable to initialize backend 'tpu': INTERNAL: Failed to open libtpu.so: libtpu.so: cannot open shared object file: No such file or directory
INFO:root:Saving to /global/scratch/users/ren27/vmcnet_logs/phase_a/e4_h4_stress_grid/e4_h4_spring_eta0.3_n1000_s0
INFO:root:Burning data for 5000 steps
INFO:root:Epoch     1, Energy: -9.90482e-01 (-9.78448e-01), Variance: 1.38784e+00 (1.63697e+00), Accept ratio: 0.52510, 
INFO:root:Epoch     2, Energy: -1.12992e+00 (-1.13583e+00), Variance: 1.09420e+00 (1.15689e+00), Accept ratio: 0.54636, 
INFO:root:Epoch     3, Energy: -1.27057e+00 (-1.24385e+00), Variance: 8.12860e-01 (1.26019e+00), Accept ratio: 0.55406, 
INFO:root:Epoch     4, Energy: -1.40651e+00 (-1.40839e+00), Variance: 6.82781e-01 (8.64380e-01), Accept ratio: 0.56093, 
INFO:root:Epoch     5, Energy: -1.45953e+00 (-1.43171e+00), Variance: 5.38622e-01 (1.05187e+00), Accept ratio: 0.56790, 
INFO:root:Epoch     6, Energy: -1.50987e+00 (-1.49617e+00), Variance: 4.11545e-01 (6.13226e-01), Accept ratio: 0.57342, 
INFO:root:Epoch     7, Energy: -1.62954e+00 (-1.63481e+00), Variance: 3.26618e-01 (4.53245e-01), Accept ratio: 0.58314, 
INFO:root:Epoch     8, Energy: -1.67190e+00 (-1.66538e+00), Variance: 2.73882e-01 (3.72681e-01), Accept ratio: 0.58398, 
INFO:root:Epoch     9, Energy: -1.69608e+00 (-1.68876e+00), Variance: 2.34050e-01 (3.72063e-01), Accept ratio: 0.58798, 
INFO:root:Epoch    10, Energy: -1.73844e+00 (-1.73144e+00), Variance: 1.97451e-01 (2.43254e-01), Accept ratio: 0.58327, 
INFO:root:Epoch    11, Energy: -1.77824e+00 (-1.77270e+00), Variance: 1.62248e-01 (1.89309e-01), Accept ratio: 0.55146, 
INFO:root:Epoch    12, Energy: -1.82266e+00 (-1.81117e+00), Variance: 1.40898e-01 (2.85267e-01), Accept ratio: 0.54686, 
INFO:root:Epoch    13, Energy: -1.82996e+00 (-1.82167e+00), Variance: 1.21560e-01 (1.73811e-01), Accept ratio: 0.55092, 
INFO:root:Epoch    14, Energy: -1.84676e+00 (-1.84449e+00), Variance: 1.00391e-01 (1.09390e-01), Accept ratio: 0.55274, 
INFO:root:Epoch    15, Energy: -1.84773e+00 (-1.84009e+00), Variance: 1.04490e-01 (1.48771e-01), Accept ratio: 0.54649, 
INFO:root:Epoch    16, Energy: -1.87841e+00 (-1.87298e+00), Variance: 8.97501e-02 (1.33464e-01), Accept ratio: 0.54722, 
INFO:root:Epoch    17, Energy: -1.87233e+00 (-1.87172e+00), Variance: 8.91223e-02 (9.71299e-02), Accept ratio: 0.54057, 
INFO:root:Epoch    18, Energy: -1.88022e+00 (-1.87641e+00), Variance: 8.67640e-02 (1.01881e-01), Accept ratio: 0.53621, 
INFO:root:Epoch    19, Energy: -1.88645e+00 (-1.88602e+00), Variance: 8.44108e-02 (1.27369e-01), Accept ratio: 0.53677, 
INFO:root:Epoch    20, Energy: -1.88612e+00 (-1.88519e+00), Variance: 8.74490e-02 (9.78208e-02), Accept ratio: 0.53405, 
INFO:root:Epoch    21, Energy: -1.89884e+00 (-1.89597e+00), Variance: 7.78601e-02 (8.96771e-02), Accept ratio: 0.53131, 
INFO:root:Epoch    22, Energy: -1.92443e+00 (-1.92439e+00), Variance: 7.42979e-02 (8.28543e-02), Accept ratio: 0.53554, 
INFO:root:Epoch    23, Energy: -1.93109e+00 (-1.92972e+00), Variance: 7.36914e-02 (8.74561e-02), Accept ratio: 0.53802, 
INFO:root:Epoch    24, Energy: -1.93492e+00 (-1.93491e+00), Variance: 8.37833e-02 (9.64846e-02), Accept ratio: 0.53266, 
INFO:root:Epoch    25, Energy: -1.93733e+00 (-1.93546e+00), Variance: 6.97059e-02 (7.40632e-02), Accept ratio: 0.53141, 
INFO:root:Epoch    26, Energy: -1.93974e+00 (-1.94162e+00), Variance: 8.27048e-02 (1.08017e-01), Accept ratio: 0.53039, 
INFO:root:Epoch    27, Energy: -1.94488e+00 (-1.94370e+00), Variance: 8.70188e-02 (9.19760e-02), Accept ratio: 0.54081, 
INFO:root:Epoch    28, Energy: -1.95231e+00 (-1.95093e+00), Variance: 8.01036e-02 (8.60314e-02), Accept ratio: 0.52760, 
INFO:root:Epoch    29, Energy: -1.94386e+00 (-1.94743e+00), Variance: 9.07544e-02 (1.12842e-01), Accept ratio: 0.52259, 
INFO:root:Epoch    30, Energy: -1.96631e+00 (-1.94385e+00), Variance: 9.30403e-02 (6.12821e-01), Accept ratio: 0.52485, 
INFO:root:Epoch    31, Energy: -1.94372e+00 (-1.93336e+00), Variance: 9.93803e-02 (2.56803e-01), Accept ratio: 0.52343, 
INFO:root:Epoch    32, Energy: -1.95587e+00 (-1.95323e+00), Variance: 8.36429e-02 (1.03214e-01), Accept ratio: 0.52615, 
INFO:root:Epoch    33, Energy: -1.97498e+00 (-1.97421e+00), Variance: 9.91996e-02 (1.05561e-01), Accept ratio: 0.51971, 
INFO:root:Epoch    34, Energy: -1.96431e+00 (-1.96442e+00), Variance: 8.76063e-02 (9.06010e-02), Accept ratio: 0.52227, 
INFO:root:Epoch    35, Energy: -1.96505e+00 (-1.96710e+00), Variance: 8.78319e-02 (1.00019e-01), Accept ratio: 0.52212, 
INFO:root:Epoch    36, Energy: -1.96519e+00 (-1.96374e+00), Variance: 9.09958e-02 (9.69844e-02), Accept ratio: 0.52219, 
INFO:root:Epoch    37, Energy: -1.97089e+00 (-1.96821e+00), Variance: 9.69367e-02 (1.06036e-01), Accept ratio: 0.52485, 
INFO:root:Epoch    38, Energy: -1.98627e+00 (-1.98759e+00), Variance: 1.02308e-01 (1.22121e-01), Accept ratio: 0.51780, 
INFO:root:Epoch    39, Energy: -1.98464e+00 (-1.98346e+00), Variance: 9.70988e-02 (1.11455e-01), Accept ratio: 0.52126, 
INFO:root:Epoch    40, Energy: -1.97350e+00 (-1.97087e+00), Variance: 1.04489e-01 (1.23514e-01), Accept ratio: 0.51444, 
INFO:root:Epoch    41, Energy: -1.98677e+00 (-1.98782e+00), Variance: 9.22017e-02 (1.10391e-01), Accept ratio: 0.51091, 
INFO:root:Epoch    42, Energy: -1.97910e+00 (-1.97395e+00), Variance: 1.04523e-01 (1.34134e-01), Accept ratio: 0.51884, 
INFO:root:Epoch    43, Energy: -1.98520e+00 (-1.98385e+00), Variance: 8.98514e-02 (9.49258e-02), Accept ratio: 0.51815, 
INFO:root:Epoch    44, Energy: -1.98568e+00 (-1.98167e+00), Variance: 1.09443e-01 (1.36438e-01), Accept ratio: 0.50888, 
INFO:root:Epoch    45, Energy: -1.98568e+00 (-1.98200e+00), Variance: 1.13428e-01 (1.28312e-01), Accept ratio: 0.51293, 
INFO:root:Epoch    46, Energy: -1.98868e+00 (-1.98974e+00), Variance: 1.45474e-01 (1.93072e-01), Accept ratio: 0.50850, 
INFO:root:Epoch    47, Energy: -1.98887e+00 (-1.97780e+00), Variance: 1.52194e-01 (3.38202e-01), Accept ratio: 0.50685, 
INFO:root:Epoch    48, Energy: -2.00616e+00 (-2.00207e+00), Variance: 1.39783e-01 (1.85387e-01), Accept ratio: 0.50874, 
INFO:root:Epoch    49, Energy: -1.99409e+00 (-1.99197e+00), Variance: 1.59560e-01 (1.81430e-01), Accept ratio: 0.51157, 
INFO:root:Epoch    50, Energy: -1.98923e+00 (-1.98704e+00), Variance: 1.55045e-01 (1.88410e-01), Accept ratio: 0.51252, 
INFO:root:Epoch    51, Energy: -1.99519e+00 (-1.99419e+00), Variance: 1.60259e-01 (1.70993e-01), Accept ratio: 0.50804, 
INFO:root:Epoch    52, Energy: -1.98014e+00 (-1.98038e+00), Variance: 1.70822e-01 (1.72884e-01), Accept ratio: 0.50289, 
INFO:root:Epoch    53, Energy: -2.00517e+00 (-2.01015e+00), Variance: 1.68197e-01 (2.06361e-01), Accept ratio: 0.49978, 
INFO:root:Epoch    54, Energy: -2.02595e+00 (-2.02302e+00), Variance: 1.83641e-01 (2.25571e-01), Accept ratio: 0.50497, 
INFO:root:Epoch    55, Energy: -1.98870e+00 (-1.97918e+00), Variance: 2.25919e-01 (3.16596e-01), Accept ratio: 0.50663, 
INFO:root:Epoch    56, Energy: -1.98620e+00 (-1.98229e+00), Variance: 1.61877e-01 (2.27683e-01), Accept ratio: 0.50300, 
INFO:root:Epoch    57, Energy: -1.98303e+00 (-1.98160e+00), Variance: 2.20179e-01 (2.53191e-01), Accept ratio: 0.50751, 
INFO:root:Epoch    58, Energy: -1.98878e+00 (-1.98620e+00), Variance: 2.24232e-01 (2.97830e-01), Accept ratio: 0.49924, 
INFO:root:Epoch    59, Energy: -1.98754e+00 (-1.98612e+00), Variance: 2.30469e-01 (2.51059e-01), Accept ratio: 0.50018, 
INFO:root:Epoch    60, Energy: -2.03684e+00 (-2.03792e+00), Variance: 2.08353e-01 (2.17366e-01), Accept ratio: 0.50146, 
INFO:root:Epoch    61, Energy: -2.01883e+00 (-2.01603e+00), Variance: 2.12930e-01 (2.28440e-01), Accept ratio: 0.49812, 
INFO:root:Epoch    62, Energy: -1.96119e+00 (-1.95283e+00), Variance: 2.92048e-01 (3.99747e-01), Accept ratio: 0.50324, 
INFO:root:Epoch    63, Energy: -2.00553e+00 (-2.00701e+00), Variance: 2.74171e-01 (3.03890e-01), Accept ratio: 0.50150, 
INFO:root:Epoch    64, Energy: -1.97459e+00 (-1.97134e+00), Variance: 2.84632e-01 (3.31311e-01), Accept ratio: 0.49667, 
INFO:root:Epoch    65, Energy: -2.01513e+00 (-2.01744e+00), Variance: 3.13500e-01 (3.45720e-01), Accept ratio: 0.49371, 
INFO:root:Epoch    66, Energy: -2.01495e+00 (-2.02241e+00), Variance: 2.91642e-01 (3.53117e-01), Accept ratio: 0.50380, 
INFO:root:Epoch    67, Energy: -1.99536e+00 (-1.99250e+00), Variance: 2.87549e-01 (3.15702e-01), Accept ratio: 0.50511, 
INFO:root:Epoch    68, Energy: -1.99471e+00 (-1.99911e+00), Variance: 3.45681e-01 (4.22579e-01), Accept ratio: 0.50184, 
INFO:root:Epoch    69, Energy: -2.00295e+00 (-2.00516e+00), Variance: 4.08738e-01 (4.74906e-01), Accept ratio: 0.50107, 
INFO:root:Epoch    70, Energy: -2.02659e+00 (-2.02309e+00), Variance: 5.12016e-01 (5.86713e-01), Accept ratio: 0.49837, 
INFO:root:Epoch    71, Energy: -1.98435e+00 (-1.98721e+00), Variance: 4.53385e-01 (5.42470e-01), Accept ratio: 0.50342, 
INFO:root:Epoch    72, Energy: -2.01086e+00 (-2.01557e+00), Variance: 5.86417e-01 (1.06437e+00), Accept ratio: 0.49746, 
INFO:root:Epoch    73, Energy: -1.99725e+00 (-1.99645e+00), Variance: 5.89986e-01 (7.91014e-01), Accept ratio: 0.50442, 
INFO:root:Epoch    74, Energy: -2.00608e+00 (-1.98300e+00), Variance: 6.21278e-01 (1.10891e+00), Accept ratio: 0.50956, 
INFO:root:Epoch    75, Energy: -2.00508e+00 (-1.98504e+00), Variance: 6.13945e-01 (1.46340e+00), Accept ratio: 0.50354, 
INFO:root:Epoch    76, Energy: -2.01432e+00 (-2.01584e+00), Variance: 5.07202e-01 (6.02082e-01), Accept ratio: 0.50737, 
INFO:root:Epoch    77, Energy: -2.03512e+00 (-2.03547e+00), Variance: 5.75328e-01 (1.14984e+00), Accept ratio: 0.50834, 
INFO:root:Epoch    78, Energy: -2.00540e+00 (-2.01815e+00), Variance: 7.12396e-01 (1.73870e+00), Accept ratio: 0.50697, 
INFO:root:Epoch    79, Energy: -1.99975e+00 (-2.01452e+00), Variance: 6.91351e-01 (1.01356e+00), Accept ratio: 0.50252, 
INFO:root:Epoch    80, Energy: -1.98165e+00 (-1.97518e+00), Variance: 7.64450e-01 (9.43901e-01), Accept ratio: 0.50792, 
INFO:root:Epoch    81, Energy: -1.99085e+00 (-2.00317e+00), Variance: 6.32954e-01 (1.52536e+00), Accept ratio: 0.51192, 
INFO:root:Epoch    82, Energy: -1.96217e+00 (-1.93045e+00), Variance: 7.51686e-01 (2.06393e+00), Accept ratio: 0.49999, 
INFO:root:Epoch    83, Energy: -2.03480e+00 (-2.01661e+00), Variance: 6.63250e-01 (1.36487e+00), Accept ratio: 0.50745, 
INFO:root:Epoch    84, Energy: -2.01948e+00 (-2.02905e+00), Variance: 6.76838e-01 (1.65667e+00), Accept ratio: 0.49956, 
INFO:root:Epoch    85, Energy: -2.01520e+00 (-1.98374e+00), Variance: 6.86065e-01 (2.62912e+00), Accept ratio: 0.50717, 
INFO:root:Epoch    86, Energy: -1.95070e+00 (-1.95574e+00), Variance: 6.48498e-01 (2.70815e+00), Accept ratio: 0.49499, 
INFO:root:Epoch    87, Energy: -1.98170e+00 (-1.95306e+00), Variance: 6.94061e-01 (2.17671e+00), Accept ratio: 0.50781, 
INFO:root:Epoch    88, Energy: -1.99497e+00 (-1.98877e+00), Variance: 6.86099e-01 (1.09565e+00), Accept ratio: 0.50949, 
INFO:root:Epoch    89, Energy: -2.01611e+00 (-2.00759e+00), Variance: 7.93643e-01 (1.25385e+00), Accept ratio: 0.50588, 
INFO:root:Epoch    90, Energy: -2.01682e+00 (-1.99723e+00), Variance: 8.49893e-01 (1.19498e+00), Accept ratio: 0.49501, 
INFO:root:Epoch    91, Energy: -2.06609e+00 (-2.07234e+00), Variance: 9.61731e-01 (1.33504e+00), Accept ratio: 0.50267, 
INFO:root:Epoch    92, Energy: -1.95903e+00 (-1.95544e+00), Variance: 7.07394e-01 (2.42920e+00), Accept ratio: 0.49821, 
INFO:root:Epoch    93, Energy: -2.07155e+00 (-2.02925e+00), Variance: 7.89988e-01 (4.03040e+00), Accept ratio: 0.50188, 
INFO:root:Epoch    94, Energy: -1.96090e+00 (-1.94654e+00), Variance: 7.08649e-01 (1.69292e+00), Accept ratio: 0.50521, 
INFO:root:Epoch    95, Energy: -1.96209e+00 (-2.01062e+00), Variance: 8.30508e-01 (5.19549e+00), Accept ratio: 0.50272, 
INFO:root:Epoch    96, Energy: -2.01383e+00 (-2.02366e+00), Variance: 5.77596e-01 (8.55417e-01), Accept ratio: 0.50528, 
INFO:root:Epoch    97, Energy: -1.96816e+00 (-1.97296e+00), Variance: 7.83716e-01 (1.81171e+00), Accept ratio: 0.50050, 
INFO:root:Epoch    98, Energy: -1.99157e+00 (-1.97508e+00), Variance: 7.76912e-01 (1.40787e+00), Accept ratio: 0.49995, 
INFO:root:Epoch    99, Energy: -2.01567e+00 (-2.01893e+00), Variance: 7.65728e-01 (1.15167e+00), Accept ratio: 0.50065, 
INFO:root:Epoch   100, Energy: -2.02247e+00 (-1.99884e+00), Variance: 6.52946e-01 (1.31004e+00), Accept ratio: 0.49284, , best weights saved
INFO:root:Epoch   101, Energy: -2.00995e+00 (-2.00766e+00), Variance: 6.20127e-01 (9.46562e-01), Accept ratio: 0.49928, 
INFO:root:Epoch   102, Energy: -1.97933e+00 (-1.97926e+00), Variance: 5.51331e-01 (7.41442e-01), Accept ratio: 0.49863, 
INFO:root:Epoch   103, Energy: -1.98869e+00 (-1.95385e+00), Variance: 6.94537e-01 (1.12848e+00), Accept ratio: 0.49477, 
INFO:root:Epoch   104, Energy: -2.00140e+00 (-2.01591e+00), Variance: 6.65802e-01 (1.30670e+00), Accept ratio: 0.49955, 
INFO:root:Epoch   105, Energy: -1.97297e+00 (-1.95814e+00), Variance: 6.89812e-01 (1.12357e+00), Accept ratio: 0.49641, 
INFO:root:Epoch   106, Energy: -1.99762e+00 (-2.03303e+00), Variance: 5.95236e-01 (1.62959e+00), Accept ratio: 0.49500, 
INFO:root:Epoch   107, Energy: -1.94757e+00 (-1.94211e+00), Variance: 5.80971e-01 (7.01449e-01), Accept ratio: 0.49710, 
INFO:root:Epoch   108, Energy: -2.01485e+00 (-2.02869e+00), Variance: 6.54802e-01 (1.18637e+00), Accept ratio: 0.49422, 
INFO:root:Epoch   109, Energy: -2.01049e+00 (-1.99977e+00), Variance: 8.35486e-01 (1.44994e+00), Accept ratio: 0.49556, 
INFO:root:Epoch   110, Energy: -2.00000e+00 (-1.98610e+00), Variance: 7.73306e-01 (1.02984e+00), Accept ratio: 0.49149, 
INFO:root:Epoch   111, Energy: -1.94487e+00 (-1.94655e+00), Variance: 9.30151e-01 (1.74970e+00), Accept ratio: 0.48656, 
INFO:root:Epoch   112, Energy: -2.08400e+00 (-2.06557e+00), Variance: 9.85133e-01 (2.67404e+00), Accept ratio: 0.48887, 
INFO:root:Epoch   113, Energy: -1.98122e+00 (-1.99271e+00), Variance: 1.02002e+00 (2.87955e+00), Accept ratio: 0.49528, 
INFO:root:Epoch   114, Energy: -2.00094e+00 (-1.99643e+00), Variance: 1.06262e+00 (7.73624e+00), Accept ratio: 0.50177, 
INFO:root:Epoch   115, Energy: -1.97830e+00 (-1.95560e+00), Variance: 1.15108e+00 (1.87242e+00), Accept ratio: 0.50127, 
INFO:root:Epoch   116, Energy: -2.02388e+00 (-2.07982e+00), Variance: 9.65334e-01 (3.18506e+00), Accept ratio: 0.49937, 
INFO:root:Epoch   117, Energy: -2.02154e+00 (-2.04382e+00), Variance: 1.07831e+00 (5.14283e+00), Accept ratio: 0.49959, 
INFO:root:Epoch   118, Energy: -2.04509e+00 (-2.05091e+00), Variance: 8.83098e-01 (1.24251e+00), Accept ratio: 0.50188, 
INFO:root:Epoch   119, Energy: -2.00323e+00 (-1.97056e+00), Variance: 8.47769e-01 (3.09947e+00), Accept ratio: 0.49356, 
INFO:root:Epoch   120, Energy: -1.98872e+00 (-1.94444e+00), Variance: 8.85845e-01 (3.24977e+00), Accept ratio: 0.50410, 
INFO:root:Epoch   121, Energy: -1.95115e+00 (-1.95292e+00), Variance: 1.02742e+00 (1.62076e+00), Accept ratio: 0.49993, 
INFO:root:Epoch   122, Energy: -1.96584e+00 (-1.93546e+00), Variance: 9.70437e-01 (1.89266e+00), Accept ratio: 0.49735, 
INFO:root:Epoch   123, Energy: -2.02426e+00 (-2.04189e+00), Variance: 1.10180e+00 (2.95980e+00), Accept ratio: 0.49938, 
INFO:root:Epoch   124, Energy: -1.98325e+00 (-1.96260e+00), Variance: 9.42102e-01 (2.52090e+00), Accept ratio: 0.49901, 
INFO:root:Epoch   125, Energy: -1.99329e+00 (-1.99060e+00), Variance: 1.14643e+00 (3.93999e+00), Accept ratio: 0.49206, 
INFO:root:Epoch   126, Energy: -2.01266e+00 (-2.02490e+00), Variance: 1.17400e+00 (2.74361e+00), Accept ratio: 0.49975, 
INFO:root:Epoch   127, Energy: -1.99207e+00 (-2.00285e+00), Variance: 1.43672e+00 (3.78462e+00), Accept ratio: 0.49770, 
INFO:root:Epoch   128, Energy: -1.97228e+00 (-1.98393e+00), Variance: 1.26962e+00 (4.02432e+00), Accept ratio: 0.49105, 
INFO:root:Epoch   129, Energy: -1.94316e+00 (-1.92896e+00), Variance: 1.37339e+00 (2.91303e+00), Accept ratio: 0.49262, 
INFO:root:Epoch   130, Energy: -2.00555e+00 (-2.02627e+00), Variance: 1.61940e+00 (5.16923e+00), Accept ratio: 0.49645, 
INFO:root:Epoch   131, Energy: -2.00355e+00 (-2.05366e+00), Variance: 1.15818e+00 (4.35001e+00), Accept ratio: 0.49482, 
INFO:root:Epoch   132, Energy: -2.03768e+00 (-2.07382e+00), Variance: 1.32223e+00 (4.78317e+00), Accept ratio: 0.49291, 
INFO:root:Epoch   133, Energy: -1.97993e+00 (-2.15556e+00), Variance: 1.24066e+00 (3.20230e+01), Accept ratio: 0.49237, 
INFO:root:Epoch   134, Energy: -2.01511e+00 (-1.99891e+00), Variance: 1.13566e+00 (1.42686e+00), Accept ratio: 0.49137, 
INFO:root:Epoch   135, Energy: -2.01307e+00 (-1.91565e+00), Variance: 1.21161e+00 (1.04289e+01), Accept ratio: 0.49291, 
INFO:root:Epoch   136, Energy: -1.95231e+00 (-1.92069e+00), Variance: 1.12610e+00 (2.22863e+00), Accept ratio: 0.49000, 
INFO:root:Epoch   137, Energy: -1.98463e+00 (-1.94292e+00), Variance: 1.26463e+00 (3.61900e+00), Accept ratio: 0.48738, 
INFO:root:Epoch   138, Energy: -2.02466e+00 (-2.02573e+00), Variance: 1.14826e+00 (1.67774e+00), Accept ratio: 0.49895, 
INFO:root:Epoch   139, Energy: -1.99659e+00 (-1.98857e+00), Variance: 1.19978e+00 (1.44532e+00), Accept ratio: 0.48869, 
INFO:root:Epoch   140, Energy: -1.99858e+00 (-2.01469e+00), Variance: 1.26612e+00 (1.89524e+00), Accept ratio: 0.49424, 
INFO:root:Epoch   141, Energy: -2.05353e+00 (-2.06485e+00), Variance: 1.08944e+00 (1.36999e+00), Accept ratio: 0.48827, 
INFO:root:Epoch   142, Energy: -1.96747e+00 (-1.91564e+00), Variance: 1.37527e+00 (5.93395e+00), Accept ratio: 0.49010, 
INFO:root:Epoch   143, Energy: -2.02008e+00 (-2.03854e+00), Variance: 1.13799e+00 (1.90271e+00), Accept ratio: 0.48294, 
INFO:root:Epoch   144, Energy: -1.95592e+00 (-1.93901e+00), Variance: 1.08089e+00 (1.84121e+00), Accept ratio: 0.48085, 
INFO:root:Epoch   145, Energy: -2.02788e+00 (-2.02828e+00), Variance: 9.33864e-01 (1.11532e+00), Accept ratio: 0.49165, 
INFO:root:Epoch   146, Energy: -1.98328e+00 (-1.98464e+00), Variance: 8.88748e-01 (1.21856e+00), Accept ratio: 0.48993, 
INFO:root:Epoch   147, Energy: -2.01774e+00 (-2.01214e+00), Variance: 7.99814e-01 (1.06203e+00), Accept ratio: 0.49594, 
INFO:root:Epoch   148, Energy: -1.98795e+00 (-1.98876e+00), Variance: 9.62918e-01 (1.25801e+00), Accept ratio: 0.49499, 
INFO:root:Epoch   149, Energy: -2.02951e+00 (-1.96150e+00), Variance: 9.62411e-01 (5.98007e+00), Accept ratio: 0.49621, 
INFO:root:Epoch   150, Energy: -1.99806e+00 (-1.98694e+00), Variance: 7.98763e-01 (1.04927e+00), Accept ratio: 0.49889, 
INFO:root:Epoch   151, Energy: -1.96139e+00 (-1.94220e+00), Variance: 9.63300e-01 (1.44311e+00), Accept ratio: 0.49300, 
INFO:root:Epoch   152, Energy: -2.05102e+00 (-2.12958e+00), Variance: 9.60062e-01 (3.96159e+00), Accept ratio: 0.49832, 
INFO:root:Epoch   153, Energy: -1.98537e+00 (-2.02261e+00), Variance: 8.15464e-01 (4.26069e+00), Accept ratio: 0.50299, 
INFO:root:Epoch   154, Energy: -1.96254e+00 (-1.95446e+00), Variance: 8.53375e-01 (1.14032e+00), Accept ratio: 0.49757, 
INFO:root:Epoch   155, Energy: -1.97693e+00 (-1.97812e+00), Variance: 8.37902e-01 (1.22379e+00), Accept ratio: 0.50500, 
INFO:root:Epoch   156, Energy: -2.00195e+00 (-2.00285e+00), Variance: 9.02054e-01 (1.18472e+00), Accept ratio: 0.50121, 
INFO:root:Epoch   157, Energy: -2.00077e+00 (-1.97081e+00), Variance: 8.57319e-01 (2.12576e+00), Accept ratio: 0.49930, 
INFO:root:Epoch   158, Energy: -2.04800e+00 (-2.04735e+00), Variance: 8.17827e-01 (2.25238e+00), Accept ratio: 0.50017, 
INFO:root:Epoch   159, Energy: -1.98209e+00 (-1.99358e+00), Variance: 7.51700e-01 (1.21310e+00), Accept ratio: 0.49409, 
INFO:root:Epoch   160, Energy: -1.99679e+00 (-1.99201e+00), Variance: 6.71601e-01 (1.15381e+00), Accept ratio: 0.50193, 
INFO:root:Epoch   161, Energy: -2.00228e+00 (-2.01883e+00), Variance: 6.55324e-01 (1.11916e+00), Accept ratio: 0.48959, 
INFO:root:Epoch   162, Energy: -1.99904e+00 (-2.00730e+00), Variance: 8.57161e-01 (1.47109e+00), Accept ratio: 0.49077, 
INFO:root:Epoch   163, Energy: -2.00045e+00 (-2.01460e+00), Variance: 7.00566e-01 (1.31893e+00), Accept ratio: 0.49779, 
INFO:root:Epoch   164, Energy: -1.97549e+00 (-1.96856e+00), Variance: 6.59899e-01 (1.04425e+00), Accept ratio: 0.49866, 
INFO:root:Epoch   165, Energy: -1.96621e+00 (-1.95832e+00), Variance: 7.54573e-01 (1.26308e+00), Accept ratio: 0.48343, 
INFO:root:Epoch   166, Energy: -2.00920e+00 (-2.00473e+00), Variance: 6.38910e-01 (8.67301e-01), Accept ratio: 0.49555, 
INFO:root:Epoch   167, Energy: -2.02994e+00 (-2.03305e+00), Variance: 6.64729e-01 (1.57727e+00), Accept ratio: 0.49021, 
INFO:root:Epoch   168, Energy: -2.02029e+00 (-2.05067e+00), Variance: 5.81990e-01 (1.93232e+00), Accept ratio: 0.49432, 
INFO:root:Epoch   169, Energy: -1.96549e+00 (-1.95544e+00), Variance: 5.30473e-01 (9.09847e-01), Accept ratio: 0.49417, 
INFO:root:Epoch   170, Energy: -1.97462e+00 (-1.95340e+00), Variance: 5.30536e-01 (8.85512e-01), Accept ratio: 0.49585, 
INFO:root:Epoch   171, Energy: -1.95712e+00 (-1.81680e+00), Variance: 5.27660e-01 (1.65814e+01), Accept ratio: 0.49207, 
INFO:root:Epoch   172, Energy: -2.02190e+00 (-2.01286e+00), Variance: 4.42548e-01 (6.81477e-01), Accept ratio: 0.49232, 
INFO:root:Epoch   173, Energy: -2.01960e+00 (-2.05845e+00), Variance: 4.20295e-01 (1.62746e+00), Accept ratio: 0.48900, 
INFO:root:Epoch   174, Energy: -1.97916e+00 (-1.98389e+00), Variance: 4.98264e-01 (1.37413e+00), Accept ratio: 0.49162, 
INFO:root:Epoch   175, Energy: -2.01168e+00 (-2.04383e+00), Variance: 3.52643e-01 (1.47451e+00), Accept ratio: 0.48197, 
INFO:root:Epoch   176, Energy: -2.03880e+00 (-2.00897e+00), Variance: 3.67935e-01 (8.21251e-01), Accept ratio: 0.48822, 
INFO:root:Epoch   177, Energy: -1.99977e+00 (-2.00192e+00), Variance: 3.35683e-01 (7.20340e-01), Accept ratio: 0.48957, 
INFO:root:Epoch   178, Energy: -2.04157e+00 (-2.03686e+00), Variance: 3.22509e-01 (6.74900e-01), Accept ratio: 0.48926, 
INFO:root:Epoch   179, Energy: -2.01391e+00 (-1.98962e+00), Variance: 3.67221e-01 (8.33286e-01), Accept ratio: 0.49020, 
INFO:root:Epoch   180, Energy: -1.99188e+00 (-1.99009e+00), Variance: 3.57419e-01 (6.73995e-01), Accept ratio: 0.49873, 
INFO:root:Epoch   181, Energy: -1.96930e+00 (-1.94987e+00), Variance: 3.98824e-01 (9.68221e-01), Accept ratio: 0.48834, 
INFO:root:Epoch   182, Energy: -1.99921e+00 (-1.98844e+00), Variance: 4.25558e-01 (1.00450e+00), Accept ratio: 0.49048, 
INFO:root:Epoch   183, Energy: -2.01071e+00 (-2.00225e+00), Variance: 4.48043e-01 (1.57070e+00), Accept ratio: 0.48672, 
INFO:root:Epoch   184, Energy: -2.02599e+00 (-2.00853e+00), Variance: 4.18094e-01 (2.67212e+00), Accept ratio: 0.48542, 
INFO:root:Epoch   185, Energy: -2.02302e+00 (-2.05315e+00), Variance: 4.79277e-01 (1.93911e+00), Accept ratio: 0.48601, 
INFO:root:Epoch   186, Energy: -2.01275e+00 (-2.03877e+00), Variance: 3.69451e-01 (1.39621e+00), Accept ratio: 0.48749, 
INFO:root:Epoch   187, Energy: -2.01475e+00 (-2.03778e+00), Variance: 4.69755e-01 (1.08872e+00), Accept ratio: 0.48357, 
INFO:root:Epoch   188, Energy: -2.01931e+00 (-1.87461e+00), Variance: 7.08507e-01 (6.59602e+01), Accept ratio: 0.48913, 
INFO:root:Epoch   189, Energy: -2.02389e+00 (-2.03134e+00), Variance: 5.03276e-01 (9.17284e+00), Accept ratio: 0.48610, 
INFO:root:Epoch   190, Energy: -1.99581e+00 (-1.97211e+00), Variance: 5.08017e-01 (5.71244e+00), Accept ratio: 0.48344, 
INFO:root:Epoch   191, Energy: -1.99248e+00 (-2.13960e+00), Variance: 5.65418e-01 (1.78060e+01), Accept ratio: 0.49295, 
INFO:root:Epoch   192, Energy: -2.00197e+00 (-2.02418e+00), Variance: 6.38387e-01 (1.50365e+01), Accept ratio: 0.48799, 
INFO:root:Epoch   193, Energy: -1.99272e+00 (-1.98077e+00), Variance: 4.80016e-01 (1.72453e+00), Accept ratio: 0.49174, 
INFO:root:Epoch   194, Energy: -2.03882e+00 (-2.07273e+00), Variance: 4.24475e-01 (1.39732e+00), Accept ratio: 0.49504, 
INFO:root:Epoch   195, Energy: -2.03765e+00 (-2.02948e+00), Variance: 5.40245e-01 (1.92819e+00), Accept ratio: 0.49014, 
INFO:root:Epoch   196, Energy: -2.03654e+00 (-2.21389e+00), Variance: 5.62689e-01 (3.62235e+01), Accept ratio: 0.49463, 
INFO:root:Epoch   197, Energy: -2.01370e+00 (-2.00770e+00), Variance: 4.74910e-01 (1.35468e+00), Accept ratio: 0.49351, 
INFO:root:Epoch   198, Energy: -2.06298e+00 (-2.07518e+00), Variance: 3.10372e-01 (1.13187e+00), Accept ratio: 0.48221, 
INFO:root:Epoch   199, Energy: -2.02111e+00 (-2.00188e+00), Variance: 3.97675e-01 (1.42681e+00), Accept ratio: 0.49251, 
INFO:root:Epoch   200, Energy: -2.02181e+00 (-2.04443e+00), Variance: 3.10066e-01 (9.99474e-01), Accept ratio: 0.49629, , best weights saved
INFO:root:Epoch   201, Energy: -1.97554e+00 (-1.98413e+00), Variance: 2.93616e-01 (8.11199e-01), Accept ratio: 0.49429, 
INFO:root:Epoch   202, Energy: -2.00774e+00 (-1.95223e+00), Variance: 3.02853e-01 (2.16897e+00), Accept ratio: 0.49663, 
INFO:root:Epoch   203, Energy: -2.00216e+00 (-1.99552e+00), Variance: 2.95534e-01 (8.08957e-01), Accept ratio: 0.48963, 
INFO:root:Epoch   204, Energy: -2.02846e+00 (-2.05479e+00), Variance: 2.57308e-01 (1.01320e+00), Accept ratio: 0.48952, 
INFO:root:Epoch   205, Energy: -2.00049e+00 (-2.11688e+00), Variance: 5.15764e-01 (1.32080e+01), Accept ratio: 0.48983, 
INFO:root:Epoch   206, Energy: -2.01756e+00 (-1.98608e+00), Variance: 3.33344e-01 (1.36533e+00), Accept ratio: 0.49366, 
INFO:root:Epoch   207, Energy: -2.01496e+00 (-2.02431e+00), Variance: 3.63950e-01 (1.39541e+00), Accept ratio: 0.49416, 
INFO:root:Epoch   208, Energy: -2.00602e+00 (-2.02199e+00), Variance: 2.62116e-01 (8.34490e-01), Accept ratio: 0.49557, 
INFO:root:Epoch   209, Energy: -2.01758e+00 (-2.05718e+00), Variance: 3.53440e-01 (1.47833e+00), Accept ratio: 0.48849, 
INFO:root:Epoch   210, Energy: -2.05365e+00 (-2.07671e+00), Variance: 3.78635e-01 (1.45812e+00), Accept ratio: 0.49092, 
INFO:root:Epoch   211, Energy: -2.01605e+00 (-2.01365e+00), Variance: 3.40027e-01 (1.43347e+00), Accept ratio: 0.48641, 
INFO:root:Epoch   212, Energy: -2.02273e+00 (-2.03054e+00), Variance: 2.86539e-01 (1.16026e+00), Accept ratio: 0.49038, 
INFO:root:Epoch   213, Energy: -2.02370e+00 (-2.04310e+00), Variance: 3.25055e-01 (1.04954e+00), Accept ratio: 0.49687, 
INFO:root:Epoch   214, Energy: -1.99576e+00 (-2.00030e+00), Variance: 4.02992e-01 (1.74209e+00), Accept ratio: 0.49501, 
INFO:root:Epoch   215, Energy: -2.01933e+00 (-2.04696e+00), Variance: 3.73664e-01 (1.37728e+00), Accept ratio: 0.49182, 
INFO:root:Epoch   216, Energy: -2.01171e+00 (-2.00482e+00), Variance: 3.21723e-01 (1.40659e+00), Accept ratio: 0.49046, 
INFO:root:Epoch   217, Energy: -2.01694e+00 (-1.99155e+00), Variance: 3.68324e-01 (1.19658e+00), Accept ratio: 0.49204, 
INFO:root:Epoch   218, Energy: -2.01447e+00 (-2.03268e+00), Variance: 2.87276e-01 (1.14494e+00), Accept ratio: 0.49077, 
INFO:root:Epoch   219, Energy: -2.01448e+00 (-1.99095e+00), Variance: 2.76014e-01 (1.01575e+00), Accept ratio: 0.50123, 
INFO:root:Epoch   220, Energy: -1.98728e+00 (-1.94966e+00), Variance: 3.78643e-01 (1.36332e+00), Accept ratio: 0.49289, 
INFO:root:Epoch   221, Energy: -1.96944e+00 (-1.95935e+00), Variance: 3.43953e-01 (1.22363e+00), Accept ratio: 0.49101, 
INFO:root:Epoch   222, Energy: -2.01392e+00 (-1.96921e+00), Variance: 4.16310e-01 (1.87452e+00), Accept ratio: 0.49235, 
INFO:root:Epoch   223, Energy: -2.01147e+00 (-2.00745e+00), Variance: 2.41648e-01 (9.56033e-01), Accept ratio: 0.49549, 
INFO:root:Epoch   224, Energy: -2.00655e+00 (-2.02819e+00), Variance: 3.11772e-01 (1.41991e+00), Accept ratio: 0.49971, 
INFO:root:Epoch   225, Energy: -1.98516e+00 (-1.96057e+00), Variance: 2.63518e-01 (2.01620e+00), Accept ratio: 0.50033, 
INFO:root:Epoch   226, Energy: -2.01276e+00 (-2.00552e+00), Variance: 2.61696e-01 (8.65977e-01), Accept ratio: 0.50096, 
INFO:root:Epoch   227, Energy: -2.00067e+00 (-2.00425e+00), Variance: 2.04906e-01 (6.49502e-01), Accept ratio: 0.49952, 
INFO:root:Epoch   228, Energy: -2.01413e+00 (-2.01664e+00), Variance: 3.16762e-01 (1.45234e+00), Accept ratio: 0.49580, 
INFO:root:Epoch   229, Energy: -2.00668e+00 (-2.01828e+00), Variance: 2.90256e-01 (1.11671e+00), Accept ratio: 0.48946, 
INFO:root:Epoch   230, Energy: -2.00783e+00 (-2.02433e+00), Variance: 2.55852e-01 (1.31168e+00), Accept ratio: 0.48930, 
INFO:root:Epoch   231, Energy: -1.99079e+00 (-1.98431e+00), Variance: 2.09412e-01 (8.15728e-01), Accept ratio: 0.49587, 
INFO:root:Epoch   232, Energy: -2.03349e+00 (-2.04025e+00), Variance: 2.11386e-01 (1.12715e+00), Accept ratio: 0.49022, 
INFO:root:Epoch   233, Energy: -2.00556e+00 (-2.01932e+00), Variance: 3.17931e-01 (1.71784e+00), Accept ratio: 0.50185, 
INFO:root:Epoch   234, Energy: -1.98848e+00 (-1.98607e+00), Variance: 1.35579e-01 (5.24063e-01), Accept ratio: 0.49495, 
INFO:root:Epoch   235, Energy: -1.99237e+00 (-1.94348e+00), Variance: 1.97088e-01 (8.07178e-01), Accept ratio: 0.49905, 
INFO:root:Epoch   236, Energy: -2.01238e+00 (-2.04696e+00), Variance: 2.14637e-01 (1.47081e+00), Accept ratio: 0.49295, 
INFO:root:Epoch   237, Energy: -1.98094e+00 (-1.90541e+00), Variance: 2.42033e-01 (1.91166e+00), Accept ratio: 0.49463, 
INFO:root:Epoch   238, Energy: -2.02492e+00 (-2.00824e+00), Variance: 2.20877e-01 (9.87038e-01), Accept ratio: 0.49204, 
INFO:root:Epoch   239, Energy: -2.05607e+00 (-2.06786e+00), Variance: 2.17664e-01 (1.07425e+00), Accept ratio: 0.49283, 
INFO:root:Epoch   240, Energy: -2.01081e+00 (-2.07123e+00), Variance: 2.38268e-01 (4.69808e+00), Accept ratio: 0.49256, 
INFO:root:Epoch   241, Energy: -2.02152e+00 (-2.00469e+00), Variance: 1.82556e-01 (1.15389e+00), Accept ratio: 0.49483, 
INFO:root:Epoch   242, Energy: -1.99288e+00 (-1.93243e+00), Variance: 2.28373e-01 (1.79249e+00), Accept ratio: 0.48653, 
INFO:root:Epoch   243, Energy: -1.99881e+00 (-1.99201e+00), Variance: 2.07322e-01 (1.08443e+00), Accept ratio: 0.48920, 
INFO:root:Epoch   244, Energy: -1.99804e+00 (-1.98586e+00), Variance: 2.05763e-01 (7.67450e-01), Accept ratio: 0.49479, 
INFO:root:Epoch   245, Energy: -2.03246e+00 (-2.04347e+00), Variance: 1.88593e-01 (5.97404e-01), Accept ratio: 0.49405, 
INFO:root:Epoch   246, Energy: -2.01469e+00 (-2.03356e+00), Variance: 2.11428e-01 (8.07297e-01), Accept ratio: 0.49548, 
INFO:root:Epoch   247, Energy: -2.02131e+00 (-2.03380e+00), Variance: 1.59946e-01 (9.18366e-01), Accept ratio: 0.49377, 
INFO:root:Epoch   248, Energy: -2.02391e+00 (-2.04530e+00), Variance: 1.26167e-01 (5.14336e-01), Accept ratio: 0.49584, 
INFO:root:Epoch   249, Energy: -2.02719e+00 (-2.05222e+00), Variance: 1.45664e-01 (6.81192e-01), Accept ratio: 0.49267, 
INFO:root:Epoch   250, Energy: -1.97827e+00 (-1.94396e+00), Variance: 2.20601e-01 (8.91762e-01), Accept ratio: 0.48833, 
INFO:root:Epoch   251, Energy: -2.00328e+00 (-1.99192e+00), Variance: 2.01023e-01 (9.71150e-01), Accept ratio: 0.49151, 
INFO:root:Epoch   252, Energy: -2.00273e+00 (-1.95329e+00), Variance: 1.81843e-01 (9.97895e-01), Accept ratio: 0.48430, 
INFO:root:Epoch   253, Energy: -1.99994e+00 (-1.98637e+00), Variance: 2.10884e-01 (1.05966e+00), Accept ratio: 0.49507, 
INFO:root:Epoch   254, Energy: -1.98092e+00 (-1.96175e+00), Variance: 2.16497e-01 (1.02222e+00), Accept ratio: 0.48991, 
INFO:root:Epoch   255, Energy: -2.01305e+00 (-2.02070e+00), Variance: 1.85828e-01 (1.15667e+00), Accept ratio: 0.49493, 
INFO:root:Epoch   256, Energy: -2.01768e+00 (-2.03207e+00), Variance: 2.25828e-01 (1.26423e+00), Accept ratio: 0.48857, 
INFO:root:Epoch   257, Energy: -2.03283e+00 (-2.04623e+00), Variance: 1.72689e-01 (1.13438e+00), Accept ratio: 0.50034, 
INFO:root:Epoch   258, Energy: -2.00986e+00 (-2.01720e+00), Variance: 2.37377e-01 (1.34868e+00), Accept ratio: 0.49346, 
INFO:root:Epoch   259, Energy: -2.00073e+00 (-1.99098e+00), Variance: 1.47876e-01 (6.39742e-01), Accept ratio: 0.49331, 
INFO:root:Epoch   260, Energy: nan (nan), Variance: nan (nan), Accept ratio: 0.49473, , nans ckpt saved
INFO:root:VMC terminated due to Nans! Aborting.
[1;34mwandb[0m: 
[1;34mwandb[0m: You can sync this run to the cloud by running:
[1;34mwandb[0m: [1mwandb sync /global/scratch/users/ren27/wandb/wandb/offline-run-20260802_205030-huc32265[0m
[1;34mwandb[0m: Find logs at: [1;35m../wandb/wandb/offline-run-20260802_205030-huc32265/logs[0m
