jax devices: [CudaDevice(id=0)]
SMOKE START 2026-08-02T13:19:18-07:00
wandb: WARNING Unable to verify login in offline mode.
INFO:root:Reload configuration: 
append: true
checkpoint_relative_file_path: best_checkpoint.npz
config_relative_file_path: config.json
logdir: NONE
new_optimizer_state: false
reburn: false
same_logdir: false
use_checkpoint_file: true
use_config_file: true

INFO:root:Running with configuration: 
base_logdir: /global/scratch/users/ren27/vmcnet_logs/phase_a/smoke
debug_nans: false
distribute: false
dtype: float32
eval:
  nan_safe: false
  nburn: 0
  nchains: 2000
  nepochs: 0
  nmoves_per_width_update: 100
  nsteps_per_param_update: 10
  record_amplitudes: false
  record_local_energies: true
  std_move: 0.25
  use_data_from_training: false
initial_seed: 0
logdir: /global/scratch/users/ren27/vmcnet_logs/phase_a/smoke/smoke_carbon_same_sampled_spring_unified_n2000
logging_level: INFO
model:
  backflow:
    activation_fn: tanh
    bias_init_1e_stream:
      type: normal
    bias_init_2e_stream:
      type: normal
    kernel_init_2e_1e_stream:
      scale: 1.0
      type: orthogonal
    kernel_init_2e_2e_stream:
      scale: 2.0
      type: orthogonal
    kernel_init_mixed:
      scale: 1.0
      type: orthogonal
    kernel_init_unmixed:
      scale: 2.0
      type: orthogonal
    ndense_list: !!python/tuple
    - &id001 !!python/tuple
      - 256
      - 16
    - *id001
    - *id001
    - !!python/tuple
      - 256
    one_electron_skip: true
    one_electron_skip_scale: 1.0
    two_electron_skip: true
    two_electron_skip_scale: 1.0
    use_bias: true
  bias_init_orbital_linear:
    type: normal
  envelope_softening: 0.0
  full_det: true
  include_cusp_jastrow: false
  input_streams:
    ee_norm_softening: 0.0
    ei_norm_softening: 0.0
    include_2e_stream: true
    include_ee_norm: true
    include_ei_norm: true
  isotropic_decay: true
  kernel_init_envelope_dim:
    type: ones
  kernel_init_envelope_ion:
    type: ones
  kernel_init_orbital_linear:
    scale: 2.0
    type: orthogonal
  ndeterminants: 16
  orbitals_use_bias: true
  type: ferminet
notes: Carbon atom, tuned settings from SPRING paper (arXiv:2401.10190)
problem:
  ee_softening: 0.0
  ei_softening: 0.0
  ion_charges: !!python/tuple
  - 6.0
  ion_pos: !!python/tuple
  - !!python/tuple
    - 0.0
    - 0.0
    - 0.0
  nelec: !!python/tuple
  - 4
  - 2
save_to_current_datetime_subfolder: false
subfolder_name: smoke_carbon_same_sampled_spring_unified_n2000
vmc:
  best_checkpoint_every: 100
  check_for_nans: false
  checkpoint_dir: checkpoints
  checkpoint_every: 200
  checkpoint_variance_scale: 10
  clip_center: mean
  clip_threshold: 5.0
  nan_safe: true
  nburn: 1000
  nchains: 2000
  nepochs: 200
  nhistory_max: 200
  nmoves_per_width_update: 100
  nsteps_per_param_update: 10
  optimizer:
    adam:
      b1: 0.9
      b2: 0.999
      eps: 1.0e-08
      eps_root: 0.0
      learning_decay_rate: 0.0001
      learning_rate: 0.05
      schedule_type: inverse_time
    gauss_newton:
      E: 0.0
      clip_threshold: 1000.0
      constrain_norm: true
      damping: 0.001
      learning_decay_rate: 0.0001
      learning_rate: 1.0
      norm_constraint: 0.001
      schedule_type: inverse_time
    kfac:
      curvature_ema: 0.95
      damping: 0.001
      estimation_mode: fisher_exact
      inverse_update_period: 1
      l2_reg: 0.0
      learning_decay_rate: 0.0001
      learning_rate: 0.05
      min_damping: 0.0001
      norm_constraint: 0.001
      register_only_generic: false
      schedule_type: inverse_time
    prime_sr:
      constrain_norm: true
      damping: 0.001
      learning_decay_rate: 0.0001
      learning_rate: 0.02
      mu_cap: 1.0
      norm_constraint: 0.001
      schedule_type: inverse_time
    same_sampled_spring_unified:
      adaptive_eta: false
      adaptive_probe: false
      constrain_norm: true
      damping: 0.001
      lb_window: 30
      learning_decay_rate: 0.0001
      learning_rate: 0.02
      mu: 0.0
      norm_constraint: 0.001
      probe_damping: 0.001
      probe_lr: -1.0
      schedule_type: inverse_time
    sgd:
      learning_decay_rate: 0.0001
      learning_rate: 0.05
      momentum: 0.0
      nesterov: false
      schedule_type: inverse_time
    spring:
      constrain_norm: true
      damping: 0.001
      learning_decay_rate: 0.0001
      learning_rate: 0.05
      mu: 0.99
      norm_constraint: 0.001
      schedule_type: inverse_time
  optimizer_type: same_sampled_spring_unified
  record_amplitudes: false
  record_param_l1_norm: false
  std_move: 0.25
wandb:
  group: default
  mode: disabled
  name: vmc-molecule_run
  project: default

INFO:jax._src.xla_bridge:Unable to initialize backend 'rocm': module 'jaxlib.xla_extension' has no attribute 'GpuAllocatorConfig'
INFO:jax._src.xla_bridge:Unable to initialize backend 'tpu': INTERNAL: Failed to open libtpu.so: libtpu.so: cannot open shared object file: No such file or directory
INFO:root:Saving to /global/scratch/users/ren27/vmcnet_logs/phase_a/smoke/smoke_carbon_same_sampled_spring_unified_n2000
INFO:root:Burning data for 1000 steps
INFO:root:Epoch     1, Energy: -1.54573e+01 (-1.56310e+01), Variance: 4.49359e+01 (5.95579e+01), Accept ratio: 0.47702, 
INFO:root:Epoch     2, Energy: -1.56129e+01 (-1.58376e+01), Variance: 4.75472e+01 (7.65245e+01), Accept ratio: 0.48130, 
INFO:root:Epoch     3, Energy: -1.55844e+01 (-1.56838e+01), Variance: 5.00871e+01 (7.30748e+01), Accept ratio: 0.48225, 
INFO:root:Epoch     4, Energy: -1.53030e+01 (-1.56859e+01), Variance: 4.40325e+01 (1.25456e+02), Accept ratio: 0.48338, 
INFO:root:Epoch     5, Energy: -1.57537e+01 (-1.60650e+01), Variance: 5.52875e+01 (1.19263e+02), Accept ratio: 0.47842, 
INFO:root:Epoch     6, Energy: -1.53749e+01 (-1.55458e+01), Variance: 4.58748e+01 (6.23434e+01), Accept ratio: 0.47900, 
INFO:root:Epoch     7, Energy: -1.55879e+01 (-1.58450e+01), Variance: 4.81202e+01 (7.61658e+01), Accept ratio: 0.48263, 
INFO:root:Epoch     8, Energy: -1.58190e+01 (-1.60859e+01), Variance: 4.96448e+01 (7.62651e+01), Accept ratio: 0.47840, 
INFO:root:Epoch     9, Energy: -1.61872e+01 (-1.64950e+01), Variance: 5.49416e+01 (9.33277e+01), Accept ratio: 0.47930, 
INFO:root:Epoch    10, Energy: -1.63465e+01 (-1.65877e+01), Variance: 5.25424e+01 (7.64064e+01), Accept ratio: 0.47217, 
INFO:root:Epoch    11, Energy: -1.60992e+01 (-1.63035e+01), Variance: 4.95448e+01 (6.70344e+01), Accept ratio: 0.47173, 
INFO:root:Epoch    12, Energy: -1.61971e+01 (-1.64619e+01), Variance: 4.92576e+01 (7.56228e+01), Accept ratio: 0.47695, 
INFO:root:Epoch    13, Energy: -1.65195e+01 (-1.68601e+01), Variance: 6.00473e+01 (1.13061e+02), Accept ratio: 0.47228, 
INFO:root:Epoch    14, Energy: -1.66566e+01 (-1.68984e+01), Variance: 5.49998e+01 (8.26880e+01), Accept ratio: 0.46971, 
INFO:root:Epoch    15, Energy: -1.67084e+01 (-1.71179e+01), Variance: 6.33215e+01 (1.31882e+02), Accept ratio: 0.47247, 
INFO:root:Epoch    16, Energy: -1.67062e+01 (-1.71497e+01), Variance: 5.82339e+01 (1.41986e+02), Accept ratio: 0.46853, 
INFO:root:Epoch    17, Energy: -1.69585e+01 (-1.72563e+01), Variance: 6.38854e+01 (1.08900e+02), Accept ratio: 0.47154, 
INFO:root:Epoch    18, Energy: -1.69391e+01 (-1.72629e+01), Variance: 6.29597e+01 (9.99786e+01), Accept ratio: 0.46542, 
INFO:root:Epoch    19, Energy: -1.71022e+01 (-1.73406e+01), Variance: 5.87665e+01 (8.12086e+01), Accept ratio: 0.46864, 
INFO:root:Epoch    20, Energy: -1.73665e+01 (-1.76381e+01), Variance: 6.46987e+01 (9.19593e+01), Accept ratio: 0.46402, 
INFO:root:Epoch    21, Energy: -1.71232e+01 (-1.73518e+01), Variance: 6.20011e+01 (8.20124e+01), Accept ratio: 0.45922, 
INFO:root:Epoch    22, Energy: -1.75896e+01 (-1.78570e+01), Variance: 6.66898e+01 (9.86726e+01), Accept ratio: 0.46443, 
INFO:root:Epoch    23, Energy: -1.76301e+01 (-1.77715e+01), Variance: 6.41058e+01 (7.57690e+01), Accept ratio: 0.46226, 
INFO:root:Epoch    24, Energy: -1.75588e+01 (-1.76985e+01), Variance: 6.31192e+01 (7.48728e+01), Accept ratio: 0.46648, 
INFO:root:Epoch    25, Energy: -1.73350e+01 (-1.74404e+01), Variance: 5.96007e+01 (7.07340e+01), Accept ratio: 0.45921, 
INFO:root:Epoch    26, Energy: -1.75239e+01 (-1.78538e+01), Variance: 6.70002e+01 (1.22779e+02), Accept ratio: 0.45963, 
INFO:root:Epoch    27, Energy: -1.75546e+01 (-1.78469e+01), Variance: 6.15748e+01 (1.00939e+02), Accept ratio: 0.45812, 
INFO:root:Epoch    28, Energy: -1.78050e+01 (-1.81257e+01), Variance: 6.33676e+01 (1.08416e+02), Accept ratio: 0.46165, 
INFO:root:Epoch    29, Energy: -1.75920e+01 (-1.77678e+01), Variance: 6.21782e+01 (8.40910e+01), Accept ratio: 0.45819, 
INFO:root:Epoch    30, Energy: -1.76710e+01 (-1.79496e+01), Variance: 6.10242e+01 (9.11258e+01), Accept ratio: 0.45358, 
INFO:root:Epoch    31, Energy: -1.78658e+01 (-1.80949e+01), Variance: 6.01933e+01 (8.20297e+01), Accept ratio: 0.45840, 
INFO:root:Epoch    32, Energy: -1.79314e+01 (-1.82379e+01), Variance: 6.68840e+01 (9.82007e+01), Accept ratio: 0.45418, 
INFO:root:Epoch    33, Energy: -1.82263e+01 (-1.85593e+01), Variance: 7.02787e+01 (1.23535e+02), Accept ratio: 0.45117, 
INFO:root:Epoch    34, Energy: -1.82385e+01 (-1.86879e+01), Variance: 7.08612e+01 (2.03661e+02), Accept ratio: 0.45090, 
INFO:root:Epoch    35, Energy: -1.82650e+01 (-1.84336e+01), Variance: 6.80554e+01 (9.12954e+01), Accept ratio: 0.45362, 
INFO:root:Epoch    36, Energy: -1.83269e+01 (-1.85729e+01), Variance: 6.30161e+01 (8.75364e+01), Accept ratio: 0.44535, 
INFO:root:Epoch    37, Energy: -1.84220e+01 (-1.86502e+01), Variance: 7.24444e+01 (9.82826e+01), Accept ratio: 0.45303, 
INFO:root:Epoch    38, Energy: -1.84867e+01 (-1.87125e+01), Variance: 7.07314e+01 (9.38393e+01), Accept ratio: 0.44639, 
INFO:root:Epoch    39, Energy: -1.85500e+01 (-1.88883e+01), Variance: 7.31803e+01 (1.21183e+02), Accept ratio: 0.44359, 
INFO:root:Epoch    40, Energy: -1.87081e+01 (-1.89986e+01), Variance: 6.85583e+01 (1.36574e+02), Accept ratio: 0.44870, 
INFO:root:Epoch    41, Energy: -1.87765e+01 (-1.89205e+01), Variance: 6.93805e+01 (8.45501e+01), Accept ratio: 0.44954, 
INFO:root:Epoch    42, Energy: -1.91631e+01 (-1.95790e+01), Variance: 7.53099e+01 (1.34268e+02), Accept ratio: 0.44648, 
INFO:root:Epoch    43, Energy: -1.88651e+01 (-1.93625e+01), Variance: 7.44877e+01 (1.61799e+02), Accept ratio: 0.44394, 
INFO:root:Epoch    44, Energy: -1.88017e+01 (-1.89577e+01), Variance: 6.61261e+01 (8.87118e+01), Accept ratio: 0.44384, 
INFO:root:Epoch    45, Energy: -1.90059e+01 (-1.91881e+01), Variance: 7.47304e+01 (9.09826e+01), Accept ratio: 0.44169, 
INFO:root:Epoch    46, Energy: -1.93876e+01 (-1.96431e+01), Variance: 8.41062e+01 (1.09397e+02), Accept ratio: 0.44073, 
INFO:root:Epoch    47, Energy: -1.91967e+01 (-1.94604e+01), Variance: 7.59598e+01 (1.04571e+02), Accept ratio: 0.44372, 
INFO:root:Epoch    48, Energy: -1.94010e+01 (-1.95874e+01), Variance: 7.18099e+01 (9.20170e+01), Accept ratio: 0.44409, 
INFO:root:Epoch    49, Energy: -1.95017e+01 (-1.97526e+01), Variance: 7.57142e+01 (1.02195e+02), Accept ratio: 0.43375, 
INFO:root:Epoch    50, Energy: -1.98527e+01 (-2.01442e+01), Variance: 8.15589e+01 (1.18486e+02), Accept ratio: 0.43646, 
INFO:root:Epoch    51, Energy: -1.98554e+01 (-2.01424e+01), Variance: 7.41903e+01 (1.08407e+02), Accept ratio: 0.47640, 
INFO:root:Epoch    52, Energy: -1.98119e+01 (-2.00735e+01), Variance: 7.84382e+01 (1.08297e+02), Accept ratio: 0.47646, 
INFO:root:Epoch    53, Energy: -1.98125e+01 (-2.00871e+01), Variance: 6.96151e+01 (9.97952e+01), Accept ratio: 0.47593, 
INFO:root:Epoch    54, Energy: -2.05882e+01 (-2.09171e+01), Variance: 8.79048e+01 (1.50016e+02), Accept ratio: 0.47692, 
INFO:root:Epoch    55, Energy: -2.04199e+01 (-2.07453e+01), Variance: 8.87892e+01 (1.28386e+02), Accept ratio: 0.47001, 
INFO:root:Epoch    56, Energy: -1.99671e+01 (-2.02627e+01), Variance: 7.84619e+01 (1.15307e+02), Accept ratio: 0.47069, 
INFO:root:Epoch    57, Energy: -2.00239e+01 (-2.03226e+01), Variance: 7.74855e+01 (1.10794e+02), Accept ratio: 0.46632, 
INFO:root:Epoch    58, Energy: -2.03226e+01 (-2.07328e+01), Variance: 8.30817e+01 (1.35111e+02), Accept ratio: 0.46610, 
INFO:root:Epoch    59, Energy: -2.02857e+01 (-2.05439e+01), Variance: 8.10745e+01 (1.07274e+02), Accept ratio: 0.46763, 
INFO:root:Epoch    60, Energy: -2.06603e+01 (-2.09593e+01), Variance: 8.44533e+01 (1.28504e+02), Accept ratio: 0.46296, 
INFO:root:Epoch    61, Energy: -2.08813e+01 (-2.12114e+01), Variance: 9.26164e+01 (1.51930e+02), Accept ratio: 0.46185, 
INFO:root:Epoch    62, Energy: -2.05489e+01 (-2.07235e+01), Variance: 7.71714e+01 (9.49897e+01), Accept ratio: 0.46006, 
INFO:root:Epoch    63, Energy: -2.11178e+01 (-2.13764e+01), Variance: 8.67498e+01 (1.15837e+02), Accept ratio: 0.46060, 
INFO:root:Epoch    64, Energy: -2.13737e+01 (-2.17080e+01), Variance: 9.23619e+01 (1.35792e+02), Accept ratio: 0.45421, 
INFO:root:Epoch    65, Energy: -2.13164e+01 (-2.14959e+01), Variance: 8.65143e+01 (1.03888e+02), Accept ratio: 0.45490, 
INFO:root:Epoch    66, Energy: -2.11087e+01 (-2.14137e+01), Variance: 8.38147e+01 (1.18376e+02), Accept ratio: 0.45499, 
INFO:root:Epoch    67, Energy: -2.12805e+01 (-2.15778e+01), Variance: 8.92822e+01 (1.25464e+02), Accept ratio: 0.45654, 
INFO:root:Epoch    68, Energy: -2.13539e+01 (-2.14745e+01), Variance: 9.47445e+01 (1.05517e+02), Accept ratio: 0.45189, 
INFO:root:Epoch    69, Energy: -2.11601e+01 (-2.14348e+01), Variance: 8.33680e+01 (1.18387e+02), Accept ratio: 0.45165, 
INFO:root:Epoch    70, Energy: -2.16735e+01 (-2.19839e+01), Variance: 9.16874e+01 (1.52572e+02), Accept ratio: 0.45060, 
INFO:root:Epoch    71, Energy: -2.18420e+01 (-2.22774e+01), Variance: 9.30386e+01 (1.77504e+02), Accept ratio: 0.44563, 
INFO:root:Epoch    72, Energy: -2.23003e+01 (-2.24491e+01), Variance: 9.53636e+01 (1.10984e+02), Accept ratio: 0.44911, 
INFO:root:Epoch    73, Energy: -2.20518e+01 (-2.24095e+01), Variance: 9.61556e+01 (1.50012e+02), Accept ratio: 0.44676, 
INFO:root:Epoch    74, Energy: -2.18052e+01 (-2.21153e+01), Variance: 8.83875e+01 (1.23391e+02), Accept ratio: 0.44588, 
INFO:root:Epoch    75, Energy: -2.16585e+01 (-2.20406e+01), Variance: 8.19116e+01 (1.29217e+02), Accept ratio: 0.43910, 
INFO:root:Epoch    76, Energy: -2.21987e+01 (-2.25442e+01), Variance: 9.33576e+01 (1.36516e+02), Accept ratio: 0.44436, 
INFO:root:Epoch    77, Energy: -2.24811e+01 (-2.26891e+01), Variance: 8.86894e+01 (1.09290e+02), Accept ratio: 0.43766, 
INFO:root:Epoch    78, Energy: -2.23952e+01 (-2.26705e+01), Variance: 9.83062e+01 (1.35623e+02), Accept ratio: 0.43525, 
INFO:root:Epoch    79, Energy: -2.24580e+01 (-2.27186e+01), Variance: 9.03773e+01 (1.16285e+02), Accept ratio: 0.43924, 
INFO:root:Epoch    80, Energy: -2.26827e+01 (-2.29793e+01), Variance: 8.88541e+01 (1.30111e+02), Accept ratio: 0.43352, 
INFO:root:Epoch    81, Energy: -2.27326e+01 (-2.29874e+01), Variance: 9.04660e+01 (1.19450e+02), Accept ratio: 0.48357, 
INFO:root:Epoch    82, Energy: -2.26439e+01 (-2.31280e+01), Variance: 9.03970e+01 (1.94533e+02), Accept ratio: 0.46952, 
INFO:root:Epoch    83, Energy: -2.27889e+01 (-2.32043e+01), Variance: 9.04212e+01 (1.98391e+02), Accept ratio: 0.47594, 
INFO:root:Epoch    84, Energy: -2.27482e+01 (-2.30997e+01), Variance: 8.93182e+01 (1.44753e+02), Accept ratio: 0.47279, 
INFO:root:Epoch    85, Energy: -2.28335e+01 (-2.31266e+01), Variance: 9.07226e+01 (1.32720e+02), Accept ratio: 0.47199, 
INFO:root:Epoch    86, Energy: -2.30319e+01 (-2.33261e+01), Variance: 9.63198e+01 (1.50982e+02), Accept ratio: 0.47834, 
INFO:root:Epoch    87, Energy: -2.32322e+01 (-2.35617e+01), Variance: 1.00196e+02 (1.46233e+02), Accept ratio: 0.47105, 
INFO:root:Epoch    88, Energy: -2.30649e+01 (-2.32113e+01), Variance: 9.28136e+01 (1.36936e+02), Accept ratio: 0.47567, 
INFO:root:Epoch    89, Energy: -2.27741e+01 (-2.30411e+01), Variance: 9.00212e+01 (1.21508e+02), Accept ratio: 0.46918, 
INFO:root:Epoch    90, Energy: -2.29851e+01 (-2.30976e+01), Variance: 9.17088e+01 (1.09467e+02), Accept ratio: 0.47152, 
INFO:root:Epoch    91, Energy: -2.31437e+01 (-2.34807e+01), Variance: 1.02571e+02 (1.43316e+02), Accept ratio: 0.46920, 
INFO:root:Epoch    92, Energy: -2.32411e+01 (-2.36651e+01), Variance: 9.97439e+01 (2.09200e+02), Accept ratio: 0.46987, 
INFO:root:Epoch    93, Energy: -2.29983e+01 (-2.35013e+01), Variance: 9.91110e+01 (1.91908e+02), Accept ratio: 0.46837, 
INFO:root:Epoch    94, Energy: -2.35369e+01 (-2.39369e+01), Variance: 1.03866e+02 (1.64149e+02), Accept ratio: 0.47164, 
INFO:root:Epoch    95, Energy: -2.32214e+01 (-2.35288e+01), Variance: 9.04436e+01 (1.42258e+02), Accept ratio: 0.46282, 
INFO:root:Epoch    96, Energy: -2.33566e+01 (-2.37259e+01), Variance: 9.39284e+01 (1.56025e+02), Accept ratio: 0.46624, 
INFO:root:Epoch    97, Energy: -2.31459e+01 (-2.34323e+01), Variance: 8.93415e+01 (1.41166e+02), Accept ratio: 0.46442, 
INFO:root:Epoch    98, Energy: -2.36169e+01 (-2.38230e+01), Variance: 9.33235e+01 (1.14598e+02), Accept ratio: 0.46363, 
INFO:root:Epoch    99, Energy: -2.35923e+01 (-2.38693e+01), Variance: 9.39782e+01 (1.30701e+02), Accept ratio: 0.45821, 
INFO:root:Epoch   100, Energy: -2.39821e+01 (-2.42696e+01), Variance: 1.03425e+02 (1.47038e+02), Accept ratio: 0.45668, , best weights saved
INFO:root:Epoch   101, Energy: -2.39712e+01 (-2.44248e+01), Variance: 1.03032e+02 (1.73266e+02), Accept ratio: 0.45704, 
INFO:root:Epoch   102, Energy: -2.39080e+01 (-2.41879e+01), Variance: 9.91993e+01 (1.39872e+02), Accept ratio: 0.45752, 
INFO:root:Epoch   103, Energy: -2.34269e+01 (-2.35543e+01), Variance: 8.25038e+01 (9.40807e+01), Accept ratio: 0.45883, 
INFO:root:Epoch   104, Energy: -2.35111e+01 (-2.38746e+01), Variance: 8.56105e+01 (1.57766e+02), Accept ratio: 0.45724, 
INFO:root:Epoch   105, Energy: -2.34621e+01 (-2.37718e+01), Variance: 8.09394e+01 (1.45813e+02), Accept ratio: 0.45813, 
INFO:root:Epoch   106, Energy: -2.38173e+01 (-2.40385e+01), Variance: 9.40696e+01 (1.21777e+02), Accept ratio: 0.45593, 
INFO:root:Epoch   107, Energy: -2.37401e+01 (-2.39601e+01), Variance: 8.88962e+01 (1.11678e+02), Accept ratio: 0.45604, 
INFO:root:Epoch   108, Energy: -2.37910e+01 (-2.41397e+01), Variance: 8.90627e+01 (1.51518e+02), Accept ratio: 0.45852, 
INFO:root:Epoch   109, Energy: -2.37529e+01 (-2.41427e+01), Variance: 8.91527e+01 (1.44262e+02), Accept ratio: 0.45468, 
INFO:root:Epoch   110, Energy: -2.42289e+01 (-2.45446e+01), Variance: 1.02902e+02 (1.44376e+02), Accept ratio: 0.45357, 
INFO:root:Epoch   111, Energy: -2.39925e+01 (-2.42997e+01), Variance: 9.72204e+01 (1.56186e+02), Accept ratio: 0.45345, 
INFO:root:Epoch   112, Energy: -2.41554e+01 (-2.44398e+01), Variance: 9.79379e+01 (1.30694e+02), Accept ratio: 0.45176, 
INFO:root:Epoch   113, Energy: -2.43945e+01 (-2.46340e+01), Variance: 1.00406e+02 (1.39048e+02), Accept ratio: 0.45070, 
INFO:root:Epoch   114, Energy: -2.43822e+01 (-2.46401e+01), Variance: 1.02489e+02 (1.42410e+02), Accept ratio: 0.44372, 
INFO:root:Epoch   115, Energy: -2.48103e+01 (-2.52526e+01), Variance: 1.09258e+02 (1.99486e+02), Accept ratio: 0.44866, 
INFO:root:Epoch   116, Energy: -2.48505e+01 (-2.50355e+01), Variance: 1.05432e+02 (1.27928e+02), Accept ratio: 0.44293, 
INFO:root:Epoch   117, Energy: -2.46534e+01 (-2.50154e+01), Variance: 9.87741e+01 (1.57900e+02), Accept ratio: 0.44261, 
INFO:root:Epoch   118, Energy: -2.48126e+01 (-2.50751e+01), Variance: 1.04491e+02 (1.41809e+02), Accept ratio: 0.44241, 
INFO:root:Epoch   119, Energy: -2.48901e+01 (-2.52412e+01), Variance: 9.84325e+01 (1.56072e+02), Accept ratio: 0.44456, 
INFO:root:Epoch   120, Energy: -2.45586e+01 (-2.47463e+01), Variance: 8.45297e+01 (1.05026e+02), Accept ratio: 0.44569, 
INFO:root:Epoch   121, Energy: -2.49226e+01 (-2.51936e+01), Variance: 9.67069e+01 (1.31510e+02), Accept ratio: 0.48505, 
INFO:root:Epoch   122, Energy: -2.43982e+01 (-2.48142e+01), Variance: 9.78835e+01 (1.55920e+02), Accept ratio: 0.48228, 
INFO:root:Epoch   123, Energy: -2.44757e+01 (-2.48233e+01), Variance: 9.75843e+01 (1.41864e+02), Accept ratio: 0.48400, 
INFO:root:Epoch   124, Energy: -2.46773e+01 (-2.49874e+01), Variance: 9.99863e+01 (1.37613e+02), Accept ratio: 0.48247, 
INFO:root:Epoch   125, Energy: -2.49883e+01 (-2.52246e+01), Variance: 9.97818e+01 (1.34153e+02), Accept ratio: 0.48400, 
INFO:root:Epoch   126, Energy: -2.50941e+01 (-2.53239e+01), Variance: 9.98035e+01 (1.28219e+02), Accept ratio: 0.48150, 
INFO:root:Epoch   127, Energy: -2.50792e+01 (-2.52498e+01), Variance: 9.25518e+01 (1.10347e+02), Accept ratio: 0.48129, 
INFO:root:Epoch   128, Energy: -2.53348e+01 (-2.54934e+01), Variance: 9.10178e+01 (1.11585e+02), Accept ratio: 0.47816, 
INFO:root:Epoch   129, Energy: -2.50767e+01 (-2.52638e+01), Variance: 9.06865e+01 (1.09771e+02), Accept ratio: 0.47398, 
INFO:root:Epoch   130, Energy: -2.54071e+01 (-2.56369e+01), Variance: 9.36467e+01 (1.35205e+02), Accept ratio: 0.47625, 
INFO:root:Epoch   131, Energy: -2.56036e+01 (-2.58158e+01), Variance: 9.38105e+01 (1.21509e+02), Accept ratio: 0.47411, 
INFO:root:Epoch   132, Energy: -2.58731e+01 (-2.62851e+01), Variance: 1.03712e+02 (1.92526e+02), Accept ratio: 0.47083, 
INFO:root:Epoch   133, Energy: -2.59173e+01 (-2.62712e+01), Variance: 1.07613e+02 (1.54621e+02), Accept ratio: 0.47322, 
INFO:root:Epoch   134, Energy: -2.58085e+01 (-2.60844e+01), Variance: 9.22824e+01 (1.34077e+02), Accept ratio: 0.46769, 
INFO:root:Epoch   135, Energy: -2.56663e+01 (-2.59572e+01), Variance: 1.01088e+02 (1.47172e+02), Accept ratio: 0.46702, 
INFO:root:Epoch   136, Energy: -2.55523e+01 (-2.57810e+01), Variance: 9.18559e+01 (1.23208e+02), Accept ratio: 0.46654, 
INFO:root:Epoch   137, Energy: -2.61062e+01 (-2.64029e+01), Variance: 1.03005e+02 (1.46139e+02), Accept ratio: 0.46704, 
INFO:root:Epoch   138, Energy: -2.60392e+01 (-2.63391e+01), Variance: 9.89150e+01 (1.45731e+02), Accept ratio: 0.46199, 
INFO:root:Epoch   139, Energy: -2.59954e+01 (-2.62977e+01), Variance: 9.49007e+01 (1.38549e+02), Accept ratio: 0.46179, 
INFO:root:Epoch   140, Energy: -2.62141e+01 (-2.63529e+01), Variance: 9.45172e+01 (1.18076e+02), Accept ratio: 0.46240, 
INFO:root:Epoch   141, Energy: -2.61839e+01 (-2.64614e+01), Variance: 8.48471e+01 (1.38168e+02), Accept ratio: 0.46067, 
INFO:root:Epoch   142, Energy: -2.61840e+01 (-2.64515e+01), Variance: 9.37643e+01 (1.41344e+02), Accept ratio: 0.45779, 
INFO:root:Epoch   143, Energy: -2.63124e+01 (-2.64525e+01), Variance: 8.88051e+01 (1.04180e+02), Accept ratio: 0.46267, 
INFO:root:Epoch   144, Energy: -2.64990e+01 (-2.67480e+01), Variance: 9.45285e+01 (1.25655e+02), Accept ratio: 0.46059, 
INFO:root:Epoch   145, Energy: -2.67599e+01 (-2.72238e+01), Variance: 1.00743e+02 (2.14046e+02), Accept ratio: 0.45483, 
INFO:root:Epoch   146, Energy: -2.65928e+01 (-2.69052e+01), Variance: 1.00426e+02 (1.54334e+02), Accept ratio: 0.44505, 
INFO:root:Epoch   147, Energy: -2.68768e+01 (-2.71696e+01), Variance: 9.90354e+01 (1.44433e+02), Accept ratio: 0.45691, 
INFO:root:Epoch   148, Energy: -2.69323e+01 (-2.71158e+01), Variance: 9.76815e+01 (1.25201e+02), Accept ratio: 0.45167, 
INFO:root:Epoch   149, Energy: -2.66673e+01 (-2.69362e+01), Variance: 9.55924e+01 (1.37510e+02), Accept ratio: 0.45034, 
INFO:root:Epoch   150, Energy: -2.69050e+01 (-2.72617e+01), Variance: 9.01797e+01 (1.57553e+02), Accept ratio: 0.45409, 
INFO:root:Epoch   151, Energy: -2.69405e+01 (-2.71172e+01), Variance: 9.37684e+01 (1.19355e+02), Accept ratio: 0.45429, 
INFO:root:Epoch   152, Energy: -2.71429e+01 (-2.75353e+01), Variance: 8.81576e+01 (1.64205e+02), Accept ratio: 0.44863, 
INFO:root:Epoch   153, Energy: -2.73256e+01 (-2.75367e+01), Variance: 8.78886e+01 (1.34728e+02), Accept ratio: 0.44829, 
INFO:root:Epoch   154, Energy: -2.74798e+01 (-2.75732e+01), Variance: 9.29080e+01 (1.01725e+02), Accept ratio: 0.44615, 
INFO:root:Epoch   155, Energy: -2.72953e+01 (-2.73865e+01), Variance: 8.72740e+01 (9.86243e+01), Accept ratio: 0.44078, 
INFO:root:Epoch   156, Energy: -2.75146e+01 (-2.77462e+01), Variance: 9.53678e+01 (1.33957e+02), Accept ratio: 0.44023, 
INFO:root:Epoch   157, Energy: -2.75100e+01 (-2.77701e+01), Variance: 9.48396e+01 (1.30328e+02), Accept ratio: 0.44414, 
INFO:root:Epoch   158, Energy: -2.76515e+01 (-2.79191e+01), Variance: 9.29874e+01 (1.47368e+02), Accept ratio: 0.43709, 
INFO:root:Epoch   159, Energy: -2.77308e+01 (-2.80065e+01), Variance: 9.19839e+01 (1.39412e+02), Accept ratio: 0.43364, 
INFO:root:Epoch   160, Energy: -2.76382e+01 (-2.79319e+01), Variance: 9.35776e+01 (1.48955e+02), Accept ratio: 0.43859, 
INFO:root:Epoch   161, Energy: -2.75728e+01 (-2.78002e+01), Variance: 9.16638e+01 (1.26251e+02), Accept ratio: 0.47764, 
INFO:root:Epoch   162, Energy: -2.76302e+01 (-2.78401e+01), Variance: 8.93456e+01 (1.20549e+02), Accept ratio: 0.47795, 
INFO:root:Epoch   163, Energy: -2.77122e+01 (-2.79649e+01), Variance: 9.18198e+01 (1.37075e+02), Accept ratio: 0.47179, 
INFO:root:Epoch   164, Energy: -2.78361e+01 (-2.79739e+01), Variance: 8.48457e+01 (1.01245e+02), Accept ratio: 0.47332, 
INFO:root:Epoch   165, Energy: -2.78915e+01 (-2.80664e+01), Variance: 9.23118e+01 (1.27245e+02), Accept ratio: 0.46827, 
INFO:root:Epoch   166, Energy: -2.77501e+01 (-2.79582e+01), Variance: 8.85777e+01 (1.12897e+02), Accept ratio: 0.46853, 
INFO:root:Epoch   167, Energy: -2.78874e+01 (-2.81032e+01), Variance: 9.28479e+01 (1.22886e+02), Accept ratio: 0.47009, 
INFO:root:Epoch   168, Energy: -2.77739e+01 (-2.79026e+01), Variance: 9.16408e+01 (1.09146e+02), Accept ratio: 0.46694, 
INFO:root:Epoch   169, Energy: -2.80710e+01 (-2.83140e+01), Variance: 9.42220e+01 (1.25130e+02), Accept ratio: 0.46718, 
INFO:root:Epoch   170, Energy: -2.81944e+01 (-2.83722e+01), Variance: 8.92485e+01 (1.09383e+02), Accept ratio: 0.47095, 
INFO:root:Epoch   171, Energy: -2.86026e+01 (-2.87256e+01), Variance: 9.47865e+01 (1.08424e+02), Accept ratio: 0.46586, 
INFO:root:Epoch   172, Energy: -2.85983e+01 (-2.88056e+01), Variance: 8.69822e+01 (1.19412e+02), Accept ratio: 0.45514, 
INFO:root:Epoch   173, Energy: -2.85183e+01 (-2.86129e+01), Variance: 7.93971e+01 (9.41047e+01), Accept ratio: 0.46175, 
INFO:root:Epoch   174, Energy: -2.85414e+01 (-2.86482e+01), Variance: 8.70452e+01 (1.10661e+02), Accept ratio: 0.45843, 
INFO:root:Epoch   175, Energy: -2.82998e+01 (-2.84557e+01), Variance: 7.87931e+01 (1.04190e+02), Accept ratio: 0.45966, 
INFO:root:Epoch   176, Energy: -2.88645e+01 (-2.90076e+01), Variance: 8.23382e+01 (1.02375e+02), Accept ratio: 0.46164, 
INFO:root:Epoch   177, Energy: -2.88836e+01 (-2.90641e+01), Variance: 8.00727e+01 (1.15435e+02), Accept ratio: 0.45399, 
INFO:root:Epoch   178, Energy: -2.89230e+01 (-2.91573e+01), Variance: 8.31469e+01 (1.24125e+02), Accept ratio: 0.45863, 
INFO:root:Epoch   179, Energy: -2.92304e+01 (-2.94212e+01), Variance: 8.37710e+01 (1.07542e+02), Accept ratio: 0.45460, 
INFO:root:Epoch   180, Energy: -2.92583e+01 (-2.94095e+01), Variance: 7.81624e+01 (9.90655e+01), Accept ratio: 0.45454, 
INFO:root:Epoch   181, Energy: -2.92644e+01 (-2.94137e+01), Variance: 7.75302e+01 (1.08663e+02), Accept ratio: 0.45087, 
INFO:root:Epoch   182, Energy: -2.92511e+01 (-2.94194e+01), Variance: 7.94293e+01 (9.81807e+01), Accept ratio: 0.44858, 
INFO:root:Epoch   183, Energy: -2.93100e+01 (-2.94071e+01), Variance: 7.81877e+01 (8.93725e+01), Accept ratio: 0.44622, 
INFO:root:Epoch   184, Energy: -2.91448e+01 (-2.92290e+01), Variance: 7.35626e+01 (8.33242e+01), Accept ratio: 0.45073, 
INFO:root:Epoch   185, Energy: -2.96036e+01 (-2.97722e+01), Variance: 8.28840e+01 (1.24365e+02), Accept ratio: 0.44409, 
INFO:root:Epoch   186, Energy: -2.95933e+01 (-2.97463e+01), Variance: 8.28178e+01 (1.11969e+02), Accept ratio: 0.44785, 
INFO:root:Epoch   187, Energy: -2.95193e+01 (-2.95873e+01), Variance: 7.66912e+01 (8.27368e+01), Accept ratio: 0.44363, 
INFO:root:Epoch   188, Energy: -2.98138e+01 (-2.99048e+01), Variance: 7.71544e+01 (8.77487e+01), Accept ratio: 0.44100, 
INFO:root:Epoch   189, Energy: -2.98846e+01 (-2.99899e+01), Variance: 7.42389e+01 (8.45791e+01), Accept ratio: 0.44085, 
INFO:root:Epoch   190, Energy: -2.99823e+01 (-3.00707e+01), Variance: 7.78007e+01 (8.96165e+01), Accept ratio: 0.43684, 
INFO:root:Epoch   191, Energy: -3.01971e+01 (-3.02457e+01), Variance: 7.77541e+01 (8.49762e+01), Accept ratio: 0.48103, 
INFO:root:Epoch   192, Energy: -3.01978e+01 (-3.02050e+01), Variance: 7.25345e+01 (7.30945e+01), Accept ratio: 0.47248, 
INFO:root:Epoch   193, Energy: -3.02225e+01 (-3.03012e+01), Variance: 7.65283e+01 (8.39684e+01), Accept ratio: 0.47422, 
INFO:root:Epoch   194, Energy: -3.04128e+01 (-3.05618e+01), Variance: 7.76302e+01 (9.70469e+01), Accept ratio: 0.47394, 
INFO:root:Epoch   195, Energy: -3.03797e+01 (-3.04085e+01), Variance: 7.46106e+01 (8.59927e+01), Accept ratio: 0.46869, 
INFO:root:Epoch   196, Energy: -3.02221e+01 (-3.03659e+01), Variance: 7.76532e+01 (9.47791e+01), Accept ratio: 0.47275, 
INFO:root:Epoch   197, Energy: -3.05652e+01 (-3.06979e+01), Variance: 8.29847e+01 (1.04212e+02), Accept ratio: 0.47553, 
INFO:root:Epoch   198, Energy: -3.08484e+01 (-3.09988e+01), Variance: 7.76614e+01 (9.91079e+01), Accept ratio: 0.46297, 
INFO:root:Epoch   199, Energy: -3.09249e+01 (-3.10059e+01), Variance: 7.77977e+01 (8.63621e+01), Accept ratio: 0.46277, 
INFO:root:Epoch   200, Energy: -3.08442e+01 (-3.08839e+01), Variance: 7.49995e+01 (7.81934e+01), Accept ratio: 0.46400, , regular ckpt saved, best weights saved
INFO:root:Completed VMC! Evaluating
INFO:root:Burning data for 0 steps
SMOKE END 2026-08-02T13:25:10-07:00
