jax devices: [CudaDevice(id=0)]
wandb: WARNING Unable to verify login in offline mode.
wandb: Tracking run with wandb version 0.28.1
wandb: W&B syncing is set to `offline` in this directory. Run `wandb online` or set WANDB_MODE=online to enable cloud syncing.
wandb: Run data is saved locally in /global/scratch/users/ren27/wandb/wandb/offline-run-20260802_142808-j7gq9jjt
wandb: View this run in the terminal with `wandb leet`
INFO:root:Reload configuration: 
append: true
checkpoint_relative_file_path: best_checkpoint.npz
config_relative_file_path: config.json
logdir: NONE
new_optimizer_state: false
reburn: false
same_logdir: false
use_checkpoint_file: true
use_config_file: true

INFO:root:Running with configuration: 
base_logdir: /global/scratch/users/ren27/vmcnet_logs/phase_a/e2_eta_sweep_carbon
debug_nans: false
distribute: false
dtype: float32
eval:
  nan_safe: false
  nburn: 0
  nchains: 2000
  nepochs: 0
  nmoves_per_width_update: 100
  nsteps_per_param_update: 10
  record_amplitudes: false
  record_local_energies: true
  std_move: 0.25
  use_data_from_training: false
initial_seed: 0
logdir: /global/scratch/users/ren27/vmcnet_logs/phase_a/e2_eta_sweep_carbon/e2_carbon_prime_sr_eta0.05_conOFF_s0
logging_level: INFO
model:
  backflow:
    activation_fn: tanh
    bias_init_1e_stream:
      type: normal
    bias_init_2e_stream:
      type: normal
    kernel_init_2e_1e_stream:
      scale: 1.0
      type: orthogonal
    kernel_init_2e_2e_stream:
      scale: 2.0
      type: orthogonal
    kernel_init_mixed:
      scale: 1.0
      type: orthogonal
    kernel_init_unmixed:
      scale: 2.0
      type: orthogonal
    ndense_list: !!python/tuple
    - &id001 !!python/tuple
      - 256
      - 16
    - *id001
    - *id001
    - !!python/tuple
      - 256
    one_electron_skip: true
    one_electron_skip_scale: 1.0
    two_electron_skip: true
    two_electron_skip_scale: 1.0
    use_bias: true
  bias_init_orbital_linear:
    type: normal
  envelope_softening: 0.0
  full_det: true
  include_cusp_jastrow: false
  input_streams:
    ee_norm_softening: 0.0
    ei_norm_softening: 0.0
    include_2e_stream: true
    include_ee_norm: true
    include_ei_norm: true
  isotropic_decay: true
  kernel_init_envelope_dim:
    type: ones
  kernel_init_envelope_ion:
    type: ones
  kernel_init_orbital_linear:
    scale: 2.0
    type: orthogonal
  ndeterminants: 16
  orbitals_use_bias: true
  type: ferminet
notes: Carbon atom, tuned settings from SPRING paper (arXiv:2401.10190)
problem:
  ee_softening: 0.0
  ei_softening: 0.0
  ion_charges: !!python/tuple
  - 6.0
  ion_pos: !!python/tuple
  - !!python/tuple
    - 0.0
    - 0.0
    - 0.0
  nelec: !!python/tuple
  - 4
  - 2
save_to_current_datetime_subfolder: false
subfolder_name: e2_carbon_prime_sr_eta0.05_conOFF_s0
vmc:
  best_checkpoint_every: 100
  check_for_nans: true
  checkpoint_dir: checkpoints
  checkpoint_every: 5000
  checkpoint_variance_scale: 10
  clip_center: mean
  clip_threshold: 5.0
  nan_safe: true
  nburn: 5000
  nchains: 1000
  nepochs: 25000
  nhistory_max: 200
  nmoves_per_width_update: 100
  nsteps_per_param_update: 10
  optimizer:
    adam:
      b1: 0.9
      b2: 0.999
      eps: 1.0e-08
      eps_root: 0.0
      learning_decay_rate: 0.0001
      learning_rate: 0.05
      schedule_type: inverse_time
    gauss_newton:
      E: 0.0
      clip_threshold: 1000.0
      constrain_norm: true
      damping: 0.001
      learning_decay_rate: 0.0001
      learning_rate: 1.0
      norm_constraint: 0.001
      schedule_type: inverse_time
    kfac:
      curvature_ema: 0.95
      damping: 0.001
      estimation_mode: fisher_exact
      inverse_update_period: 1
      l2_reg: 0.0
      learning_decay_rate: 0.0001
      learning_rate: 0.05
      min_damping: 0.0001
      norm_constraint: 0.001
      register_only_generic: false
      schedule_type: inverse_time
    prime_sr:
      constrain_norm: false
      damping: 0.001
      learning_decay_rate: 0.0001
      learning_rate: 0.05
      mu_cap: 1.0
      norm_constraint: 0.001
      schedule_type: inverse_time
    same_sampled_spring_unified:
      adaptive_eta: false
      adaptive_probe: false
      constrain_norm: true
      damping: 0.001
      lb_window: 30
      learning_decay_rate: 0.0001
      learning_rate: 0.05
      mu: 0.0
      norm_constraint: 0.001
      probe_damping: 0.001
      probe_lr: -1.0
      schedule_type: inverse_time
    sgd:
      learning_decay_rate: 0.0001
      learning_rate: 0.05
      momentum: 0.0
      nesterov: false
      schedule_type: inverse_time
    spring:
      constrain_norm: true
      damping: 0.001
      learning_decay_rate: 0.0001
      learning_rate: 0.05
      mu: 0.99
      norm_constraint: 0.001
      schedule_type: inverse_time
  optimizer_type: prime_sr
  record_amplitudes: false
  record_param_l1_norm: false
  std_move: 0.25
wandb:
  group: e2-eta-carbon-conOFF
  mode: offline
  name: e2_carbon_prime_sr_eta0.05_conOFF_s0
  project: vmcnet-phase-a

INFO:jax._src.xla_bridge:Unable to initialize backend 'rocm': module 'jaxlib.xla_extension' has no attribute 'GpuAllocatorConfig'
INFO:jax._src.xla_bridge:Unable to initialize backend 'tpu': INTERNAL: Failed to open libtpu.so: libtpu.so: cannot open shared object file: No such file or directory
INFO:root:Saving to /global/scratch/users/ren27/vmcnet_logs/phase_a/e2_eta_sweep_carbon/e2_carbon_prime_sr_eta0.05_conOFF_s0
INFO:root:Burning data for 5000 steps
INFO:root:Epoch     1, Energy: -1.52404e+01 (-1.55405e+01), Variance: 5.07839e+01 (7.68648e+01), Accept ratio: 0.47238, 
INFO:root:Epoch     2, Energy: -1.58760e+01 (-1.61294e+01), Variance: 6.48188e+01 (9.74793e+01), Accept ratio: 0.47330, 
INFO:root:Epoch     3, Energy: -1.60130e+01 (-1.62108e+01), Variance: 5.94834e+01 (7.56754e+01), Accept ratio: 0.46760, 
INFO:root:Epoch     4, Energy: -1.70102e+01 (-1.73972e+01), Variance: 6.73979e+01 (1.21059e+02), Accept ratio: 0.46028, 
INFO:root:Epoch     5, Energy: -1.76535e+01 (-1.78973e+01), Variance: 6.28125e+01 (9.95182e+01), Accept ratio: 0.45423, 
INFO:root:Epoch     6, Energy: -1.83334e+01 (-1.86665e+01), Variance: 7.37646e+01 (1.10308e+02), Accept ratio: 0.44439, 
INFO:root:Epoch     7, Energy: -1.95070e+01 (-2.00195e+01), Variance: 9.00896e+01 (2.29031e+02), Accept ratio: 0.42774, 
INFO:root:Epoch     8, Energy: -2.03620e+01 (-2.05778e+01), Variance: 8.42959e+01 (1.05191e+02), Accept ratio: 0.41367, 
INFO:root:Epoch     9, Energy: -2.20294e+01 (-2.22911e+01), Variance: 1.04206e+02 (1.33806e+02), Accept ratio: 0.38990, 
INFO:root:Epoch    10, Energy: -2.35177e+01 (-2.37528e+01), Variance: 9.09838e+01 (1.23211e+02), Accept ratio: 0.38318, 
INFO:root:Epoch    11, Energy: -2.61386e+01 (-2.64989e+01), Variance: 1.17713e+02 (1.69439e+02), Accept ratio: 0.38815, 
INFO:root:Epoch    12, Energy: -2.77230e+01 (-2.79567e+01), Variance: 1.12450e+02 (1.39843e+02), Accept ratio: 0.36554, 
INFO:root:Epoch    13, Energy: -2.86627e+01 (-2.87226e+01), Variance: 8.97443e+01 (9.54012e+01), Accept ratio: 0.33763, 
INFO:root:Epoch    14, Energy: -2.99420e+01 (-3.01301e+01), Variance: 9.09918e+01 (1.21439e+02), Accept ratio: 0.32315, 
INFO:root:Epoch    15, Energy: -3.04045e+01 (-3.05932e+01), Variance: 8.85420e+01 (1.14487e+02), Accept ratio: 0.30059, 
INFO:root:Epoch    16, Energy: -3.21276e+01 (-3.22317e+01), Variance: 7.94255e+01 (9.09313e+01), Accept ratio: 0.28841, 
INFO:root:Epoch    17, Energy: -3.31377e+01 (-3.31785e+01), Variance: 7.07136e+01 (8.15626e+01), Accept ratio: 0.26366, 
INFO:root:Epoch    18, Energy: -3.41278e+01 (-3.42584e+01), Variance: 7.67702e+01 (1.03755e+02), Accept ratio: 0.25300, 
INFO:root:Epoch    19, Energy: -3.46664e+01 (-3.46572e+01), Variance: 7.51923e+01 (9.39623e+01), Accept ratio: 0.24708, 
INFO:root:Epoch    20, Energy: -3.52420e+01 (-3.52575e+01), Variance: 5.45091e+01 (7.17036e+01), Accept ratio: 0.23226, 
INFO:root:Epoch    21, Energy: -3.53817e+01 (-3.55689e+01), Variance: 4.93496e+01 (7.45226e+01), Accept ratio: 0.26043, 
INFO:root:Epoch    22, Energy: -3.56844e+01 (-3.56312e+01), Variance: 4.07845e+01 (6.09603e+01), Accept ratio: 0.26045, 
INFO:root:Epoch    23, Energy: -3.67074e+01 (-3.69241e+01), Variance: 3.84687e+01 (8.02170e+01), Accept ratio: 0.24484, 
INFO:root:Epoch    24, Energy: -3.66486e+01 (-3.65354e+01), Variance: 4.16847e+01 (5.53060e+01), Accept ratio: 0.23065, 
INFO:root:Epoch    25, Energy: -3.62683e+01 (-3.63237e+01), Variance: 4.59422e+01 (5.77930e+01), Accept ratio: 0.23790, 
INFO:root:Epoch    26, Energy: -3.64241e+01 (-3.65415e+01), Variance: 3.81606e+01 (4.69553e+01), Accept ratio: 0.22801, 
INFO:root:Epoch    27, Energy: -3.68078e+01 (-3.68824e+01), Variance: 3.31757e+01 (4.16953e+01), Accept ratio: 0.22842, 
INFO:root:Epoch    28, Energy: -3.72018e+01 (-3.72148e+01), Variance: 3.28137e+01 (4.52727e+01), Accept ratio: 0.21938, 
INFO:root:Epoch    29, Energy: -3.71166e+01 (-3.71747e+01), Variance: 2.76661e+01 (4.06856e+01), Accept ratio: 0.21565, 
INFO:root:Epoch    30, Energy: -3.73907e+01 (-3.73938e+01), Variance: 2.41806e+01 (3.23174e+01), Accept ratio: 0.21323, 
INFO:root:Epoch    31, Energy: -3.69988e+01 (-3.70311e+01), Variance: 2.29815e+01 (2.86719e+01), Accept ratio: 0.24711, 
INFO:root:Epoch    32, Energy: -3.70554e+01 (-3.70788e+01), Variance: 1.93429e+01 (2.96919e+01), Accept ratio: 0.24484, 
INFO:root:Epoch    33, Energy: -3.73094e+01 (-3.73363e+01), Variance: 1.67772e+01 (2.04455e+01), Accept ratio: 0.24382, 
INFO:root:Epoch    34, Energy: -3.74634e+01 (-3.74574e+01), Variance: 1.95133e+01 (2.46619e+01), Accept ratio: 0.24444, 
INFO:root:Epoch    35, Energy: -3.71106e+01 (-3.69952e+01), Variance: 1.64592e+01 (2.44494e+01), Accept ratio: 0.24283, 
INFO:root:Epoch    36, Energy: -3.72745e+01 (-3.72423e+01), Variance: 1.84685e+01 (2.45773e+01), Accept ratio: 0.23808, 
INFO:root:Epoch    37, Energy: -3.73581e+01 (-3.74232e+01), Variance: 1.78014e+01 (3.73480e+01), Accept ratio: 0.23908, 
INFO:root:Epoch    38, Energy: -3.74331e+01 (-3.74944e+01), Variance: 1.90037e+01 (4.10875e+01), Accept ratio: 0.23037, 
INFO:root:Epoch    39, Energy: -3.71317e+01 (-3.70718e+01), Variance: 1.88760e+01 (2.59179e+01), Accept ratio: 0.23204, 
INFO:root:Epoch    40, Energy: -3.72884e+01 (-3.72434e+01), Variance: 1.89256e+01 (2.38381e+01), Accept ratio: 0.23341, 
INFO:root:Epoch    41, Energy: -3.73038e+01 (-3.73149e+01), Variance: 1.84175e+01 (2.28763e+01), Accept ratio: 0.27367, 
INFO:root:Epoch    42, Energy: -3.72933e+01 (-3.72110e+01), Variance: 1.65370e+01 (2.47892e+01), Accept ratio: 0.26850, 
INFO:root:Epoch    43, Energy: -3.73629e+01 (-3.73256e+01), Variance: 2.01218e+01 (2.97734e+01), Accept ratio: 0.27053, 
INFO:root:Epoch    44, Energy: -3.73916e+01 (-3.73819e+01), Variance: 2.17777e+01 (2.76575e+01), Accept ratio: 0.27495, 
INFO:root:Epoch    45, Energy: -3.75871e+01 (-3.75598e+01), Variance: 2.24487e+01 (2.94209e+01), Accept ratio: 0.27134, 
INFO:root:Epoch    46, Energy: -3.71825e+01 (-3.71004e+01), Variance: 2.84655e+01 (3.80216e+01), Accept ratio: 0.26383, 
INFO:root:Epoch    47, Energy: -3.71156e+01 (-3.70337e+01), Variance: 2.51635e+01 (4.40966e+01), Accept ratio: 0.26892, 
INFO:root:Epoch    48, Energy: -3.76353e+01 (-3.76682e+01), Variance: 2.62290e+01 (3.20457e+01), Accept ratio: 0.27498, 
INFO:root:Epoch    49, Energy: -3.70982e+01 (-3.70344e+01), Variance: 2.78081e+01 (3.33228e+01), Accept ratio: 0.28514, 
INFO:root:Epoch    50, Energy: -3.77526e+01 (-3.77548e+01), Variance: 3.54050e+01 (4.99699e+01), Accept ratio: 0.27761, 
INFO:root:Epoch    51, Energy: -3.73368e+01 (-3.73799e+01), Variance: 3.08333e+01 (3.79867e+01), Accept ratio: 0.31341, 
INFO:root:Epoch    52, Energy: -3.71390e+01 (-3.70973e+01), Variance: 3.22392e+01 (3.99437e+01), Accept ratio: 0.31765, 
INFO:root:Epoch    53, Energy: -3.75091e+01 (-3.72688e+01), Variance: 3.78464e+01 (2.09053e+02), Accept ratio: 0.31330, 
INFO:root:Epoch    54, Energy: -3.71717e+01 (-3.71678e+01), Variance: 4.77515e+01 (6.46957e+01), Accept ratio: 0.31107, 
INFO:root:Epoch    55, Energy: -3.68335e+01 (-3.67796e+01), Variance: 5.14958e+01 (6.23188e+01), Accept ratio: 0.31172, 
INFO:root:Epoch    56, Energy: -3.77200e+01 (-3.79880e+01), Variance: 4.37046e+01 (1.19640e+02), Accept ratio: 0.30927, 
INFO:root:Epoch    57, Energy: -3.75363e+01 (-3.75464e+01), Variance: 6.26747e+01 (1.69899e+02), Accept ratio: 0.31153, 
INFO:root:Epoch    58, Energy: -3.73468e+01 (-3.73935e+01), Variance: 7.06702e+01 (9.93450e+01), Accept ratio: 0.31832, 
INFO:root:Epoch    59, Energy: -3.70824e+01 (-3.70275e+01), Variance: 8.35463e+01 (1.11883e+02), Accept ratio: 0.31711, 
INFO:root:Epoch    60, Energy: -3.70828e+01 (-3.71654e+01), Variance: 9.23382e+01 (1.57315e+02), Accept ratio: 0.31094, 
INFO:root:Epoch    61, Energy: -3.75629e+01 (-3.76784e+01), Variance: 8.84885e+01 (1.39801e+02), Accept ratio: 0.35127, 
INFO:root:Epoch    62, Energy: -3.69432e+01 (-3.70487e+01), Variance: 1.01954e+02 (1.38642e+02), Accept ratio: 0.35039, 
INFO:root:Epoch    63, Energy: -3.72555e+01 (-3.71351e+01), Variance: 1.25678e+02 (1.73409e+02), Accept ratio: 0.34560, 
INFO:root:Epoch    64, Energy: -3.69149e+01 (-3.72548e+01), Variance: 1.33669e+02 (4.04083e+02), Accept ratio: 0.35302, 
INFO:root:Epoch    65, Energy: -3.65267e+01 (-3.64350e+01), Variance: 1.75899e+02 (2.18209e+02), Accept ratio: 0.35614, 
INFO:root:Epoch    66, Energy: -3.71224e+01 (-3.69544e+01), Variance: 1.86733e+02 (2.44637e+02), Accept ratio: 0.35766, 
INFO:root:Epoch    67, Energy: -3.74380e+01 (-3.75193e+01), Variance: 2.44875e+02 (3.97359e+02), Accept ratio: 0.35583, 
INFO:root:Epoch    68, Energy: -3.73412e+01 (-3.72249e+01), Variance: 2.89409e+02 (3.26122e+02), Accept ratio: 0.35689, 
INFO:root:Epoch    69, Energy: -3.77286e+01 (-3.75743e+01), Variance: 3.87804e+02 (7.70311e+02), Accept ratio: 0.35434, 
INFO:root:Epoch    70, Energy: -3.82437e+01 (-3.87465e+01), Variance: 4.54084e+02 (5.93843e+02), Accept ratio: 0.34687, 
INFO:root:Epoch    71, Energy: -3.64303e+01 (-3.67229e+01), Variance: 6.02340e+02 (1.13073e+03), Accept ratio: 0.39975, 
INFO:root:Epoch    72, Energy: -3.59300e+01 (-3.57281e+01), Variance: 8.02898e+02 (1.01800e+03), Accept ratio: 0.40065, 
INFO:root:Epoch    73, Energy: -3.73585e+01 (-3.69691e+01), Variance: 9.83764e+02 (2.30029e+03), Accept ratio: 0.40420, 
INFO:root:Epoch    74, Energy: -3.68035e+01 (-3.67183e+01), Variance: 1.27915e+03 (4.56620e+03), Accept ratio: 0.40215, 
INFO:root:Epoch    75, Energy: -3.57655e+01 (-3.68093e+01), Variance: 2.22705e+03 (3.30541e+03), Accept ratio: 0.40483, 
INFO:root:Epoch    76, Energy: -3.68612e+01 (-4.04743e+01), Variance: 2.95442e+03 (1.26539e+04), Accept ratio: 0.41005, 
INFO:root:Epoch    77, Energy: -3.58896e+01 (-3.44315e+01), Variance: 4.02617e+03 (8.02472e+03), Accept ratio: 0.40941, 
INFO:root:Epoch    78, Energy: -3.19769e+01 (-2.90170e+01), Variance: 7.10144e+03 (1.64206e+04), Accept ratio: 0.36601, 
INFO:root:Epoch    79, Energy: -3.77249e+01 (-3.77949e+01), Variance: 1.17983e+04 (3.23103e+04), Accept ratio: 0.37440, 
INFO:root:Epoch    80, Energy: -1.76365e+01 (-8.79552e+00), Variance: 3.21563e+04 (8.76723e+04), Accept ratio: 0.38992, 
INFO:root:Epoch    81, Energy: -1.26119e+01 (-1.63126e+01), Variance: 5.40828e+04 (1.72249e+05), Accept ratio: 0.39825, 
INFO:root:Epoch    82, Energy: -2.17774e+01 (-1.53397e+02), Variance: 6.86468e+04 (1.90855e+07), Accept ratio: 0.46406, 
INFO:root:Epoch    83, Energy: -3.03631e+01 (-1.00084e+02), Variance: 1.50721e+05 (4.23893e+06), Accept ratio: 0.47095, 
INFO:root:Epoch    84, Energy: -1.62242e+00 (-2.48706e+01), Variance: 9.79777e+04 (1.88584e+06), Accept ratio: 0.34571, 
INFO:root:Epoch    85, Energy: 5.62178e+01 (1.23669e+03), Variance: 1.53893e+06 (1.24517e+09), Accept ratio: 0.48164, 
INFO:root:Epoch    86, Energy: -2.10004e-01 (1.68973e+00), Variance: 1.78323e+06 (2.59991e+07), Accept ratio: 0.35551, 
INFO:root:Epoch    87, Energy: -1.03212e+01 (-1.88370e+02), Variance: 1.13319e+06 (1.85534e+07), Accept ratio: 0.31374, 
INFO:root:Epoch    88, Energy: -1.13137e+02 (-1.52418e+02), Variance: 2.99276e+06 (8.67423e+06), Accept ratio: 0.26729, 
INFO:root:Epoch    89, Energy: -5.21673e+01 (-5.56297e+01), Variance: 2.65680e+06 (1.67234e+07), Accept ratio: 0.23214, 
INFO:root:Epoch    90, Energy: 4.21232e+01 (9.47857e+01), Variance: 4.30094e+06 (4.26451e+07), Accept ratio: 0.19769, 
INFO:root:Epoch    91, Energy: -1.60330e+03 (-1.25535e+03), Variance: 1.81216e+07 (1.08124e+08), Accept ratio: 0.26433, 
INFO:root:Epoch    92, Energy: nan (nan), Variance: nan (nan), Accept ratio: nan, , nans ckpt saved
INFO:root:VMC terminated due to Nans! Aborting.
[1;34mwandb[0m: 
[1;34mwandb[0m: You can sync this run to the cloud by running:
[1;34mwandb[0m: [1mwandb sync /global/scratch/users/ren27/wandb/wandb/offline-run-20260802_142808-j7gq9jjt[0m
[1;34mwandb[0m: Find logs at: [1;35m../wandb/wandb/offline-run-20260802_142808-j7gq9jjt/logs[0m
