jax devices: [CudaDevice(id=0)]
wandb: WARNING Unable to verify login in offline mode.
wandb: Tracking run with wandb version 0.28.1
wandb: W&B syncing is set to `offline` in this directory. Run `wandb online` or set WANDB_MODE=online to enable cloud syncing.
wandb: Run data is saved locally in /global/scratch/users/ren27/wandb/wandb/offline-run-20260802_142956-7u1kt7kn
wandb: View this run in the terminal with `wandb leet`
INFO:root:Reload configuration: 
append: true
checkpoint_relative_file_path: best_checkpoint.npz
config_relative_file_path: config.json
logdir: NONE
new_optimizer_state: false
reburn: false
same_logdir: false
use_checkpoint_file: true
use_config_file: true

INFO:root:Running with configuration: 
base_logdir: /global/scratch/users/ren27/vmcnet_logs/phase_a/e2_eta_sweep_carbon
debug_nans: false
distribute: false
dtype: float32
eval:
  nan_safe: false
  nburn: 0
  nchains: 2000
  nepochs: 0
  nmoves_per_width_update: 100
  nsteps_per_param_update: 10
  record_amplitudes: false
  record_local_energies: true
  std_move: 0.25
  use_data_from_training: false
initial_seed: 0
logdir: /global/scratch/users/ren27/vmcnet_logs/phase_a/e2_eta_sweep_carbon/e2_carbon_same_sampled_spring_unified_eta0.05_conOFF_s0
logging_level: INFO
model:
  backflow:
    activation_fn: tanh
    bias_init_1e_stream:
      type: normal
    bias_init_2e_stream:
      type: normal
    kernel_init_2e_1e_stream:
      scale: 1.0
      type: orthogonal
    kernel_init_2e_2e_stream:
      scale: 2.0
      type: orthogonal
    kernel_init_mixed:
      scale: 1.0
      type: orthogonal
    kernel_init_unmixed:
      scale: 2.0
      type: orthogonal
    ndense_list: !!python/tuple
    - &id001 !!python/tuple
      - 256
      - 16
    - *id001
    - *id001
    - !!python/tuple
      - 256
    one_electron_skip: true
    one_electron_skip_scale: 1.0
    two_electron_skip: true
    two_electron_skip_scale: 1.0
    use_bias: true
  bias_init_orbital_linear:
    type: normal
  envelope_softening: 0.0
  full_det: true
  include_cusp_jastrow: false
  input_streams:
    ee_norm_softening: 0.0
    ei_norm_softening: 0.0
    include_2e_stream: true
    include_ee_norm: true
    include_ei_norm: true
  isotropic_decay: true
  kernel_init_envelope_dim:
    type: ones
  kernel_init_envelope_ion:
    type: ones
  kernel_init_orbital_linear:
    scale: 2.0
    type: orthogonal
  ndeterminants: 16
  orbitals_use_bias: true
  type: ferminet
notes: Carbon atom, tuned settings from SPRING paper (arXiv:2401.10190)
problem:
  ee_softening: 0.0
  ei_softening: 0.0
  ion_charges: !!python/tuple
  - 6.0
  ion_pos: !!python/tuple
  - !!python/tuple
    - 0.0
    - 0.0
    - 0.0
  nelec: !!python/tuple
  - 4
  - 2
save_to_current_datetime_subfolder: false
subfolder_name: e2_carbon_same_sampled_spring_unified_eta0.05_conOFF_s0
vmc:
  best_checkpoint_every: 100
  check_for_nans: true
  checkpoint_dir: checkpoints
  checkpoint_every: 5000
  checkpoint_variance_scale: 10
  clip_center: mean
  clip_threshold: 5.0
  nan_safe: true
  nburn: 5000
  nchains: 1000
  nepochs: 25000
  nhistory_max: 200
  nmoves_per_width_update: 100
  nsteps_per_param_update: 10
  optimizer:
    adam:
      b1: 0.9
      b2: 0.999
      eps: 1.0e-08
      eps_root: 0.0
      learning_decay_rate: 0.0001
      learning_rate: 0.05
      schedule_type: inverse_time
    gauss_newton:
      E: 0.0
      clip_threshold: 1000.0
      constrain_norm: true
      damping: 0.001
      learning_decay_rate: 0.0001
      learning_rate: 1.0
      norm_constraint: 0.001
      schedule_type: inverse_time
    kfac:
      curvature_ema: 0.95
      damping: 0.001
      estimation_mode: fisher_exact
      inverse_update_period: 1
      l2_reg: 0.0
      learning_decay_rate: 0.0001
      learning_rate: 0.05
      min_damping: 0.0001
      norm_constraint: 0.001
      register_only_generic: false
      schedule_type: inverse_time
    prime_sr:
      constrain_norm: true
      damping: 0.001
      learning_decay_rate: 0.0001
      learning_rate: 0.02
      mu_cap: 1.0
      norm_constraint: 0.001
      schedule_type: inverse_time
    same_sampled_spring_unified:
      adaptive_eta: false
      adaptive_probe: false
      constrain_norm: false
      damping: 0.001
      lb_window: 30
      learning_decay_rate: 0.0001
      learning_rate: 0.05
      mu: 0.0
      norm_constraint: 0.001
      probe_damping: 0.001
      probe_lr: -1.0
      schedule_type: inverse_time
    sgd:
      learning_decay_rate: 0.0001
      learning_rate: 0.05
      momentum: 0.0
      nesterov: false
      schedule_type: inverse_time
    spring:
      constrain_norm: true
      damping: 0.001
      learning_decay_rate: 0.0001
      learning_rate: 0.05
      mu: 0.99
      norm_constraint: 0.001
      schedule_type: inverse_time
  optimizer_type: same_sampled_spring_unified
  record_amplitudes: false
  record_param_l1_norm: false
  std_move: 0.25
wandb:
  group: e2-eta-carbon-conOFF
  mode: offline
  name: e2_carbon_same_sampled_spring_unified_eta0.05_conOFF_s0
  project: vmcnet-phase-a

INFO:jax._src.xla_bridge:Unable to initialize backend 'rocm': module 'jaxlib.xla_extension' has no attribute 'GpuAllocatorConfig'
INFO:jax._src.xla_bridge:Unable to initialize backend 'tpu': INTERNAL: Failed to open libtpu.so: libtpu.so: cannot open shared object file: No such file or directory
INFO:root:Saving to /global/scratch/users/ren27/vmcnet_logs/phase_a/e2_eta_sweep_carbon/e2_carbon_same_sampled_spring_unified_eta0.05_conOFF_s0
INFO:root:Burning data for 5000 steps
INFO:root:Epoch     1, Energy: -1.52506e+01 (-1.54799e+01), Variance: 4.60893e+01 (6.69961e+01), Accept ratio: 0.47033, 
INFO:root:Epoch     2, Energy: -1.56189e+01 (-1.58004e+01), Variance: 5.21427e+01 (6.48403e+01), Accept ratio: 0.46661, 
INFO:root:Epoch     3, Energy: -1.58746e+01 (-1.60481e+01), Variance: 5.59689e+01 (7.04173e+01), Accept ratio: 0.46860, 
INFO:root:Epoch     4, Energy: -1.67466e+01 (-1.71075e+01), Variance: 6.40102e+01 (9.91022e+01), Accept ratio: 0.46663, 
INFO:root:Epoch     5, Energy: -1.73885e+01 (-1.76210e+01), Variance: 7.09074e+01 (9.74810e+01), Accept ratio: 0.45584, 
INFO:root:Epoch     6, Energy: -1.77587e+01 (-1.80600e+01), Variance: 6.32796e+01 (9.98347e+01), Accept ratio: 0.45070, 
INFO:root:Epoch     7, Energy: -1.83918e+01 (-1.84966e+01), Variance: 7.11948e+01 (8.45568e+01), Accept ratio: 0.43422, 
INFO:root:Epoch     8, Energy: -2.00369e+01 (-2.01577e+01), Variance: 8.68612e+01 (1.01661e+02), Accept ratio: 0.41730, 
INFO:root:Epoch     9, Energy: -2.08982e+01 (-2.09820e+01), Variance: 7.83199e+01 (8.62019e+01), Accept ratio: 0.40391, 
INFO:root:Epoch    10, Energy: -2.22176e+01 (-2.25438e+01), Variance: 9.22383e+01 (1.38466e+02), Accept ratio: 0.38909, 
INFO:root:Epoch    11, Energy: -2.30457e+01 (-2.32090e+01), Variance: 9.44422e+01 (1.14005e+02), Accept ratio: 0.40162, 
INFO:root:Epoch    12, Energy: -2.45162e+01 (-2.47121e+01), Variance: 9.08773e+01 (1.12071e+02), Accept ratio: 0.39609, 
INFO:root:Epoch    13, Energy: -2.52842e+01 (-2.54210e+01), Variance: 8.91581e+01 (1.12773e+02), Accept ratio: 0.38938, 
INFO:root:Epoch    14, Energy: -2.71981e+01 (-2.74961e+01), Variance: 1.10911e+02 (1.48130e+02), Accept ratio: 0.37157, 
INFO:root:Epoch    15, Energy: -2.80301e+01 (-2.82047e+01), Variance: 9.33281e+01 (1.18172e+02), Accept ratio: 0.35302, 
INFO:root:Epoch    16, Energy: -2.87425e+01 (-2.91217e+01), Variance: 8.70147e+01 (1.46890e+02), Accept ratio: 0.34519, 
INFO:root:Epoch    17, Energy: -2.98854e+01 (-3.00773e+01), Variance: 8.72048e+01 (1.06313e+02), Accept ratio: 0.33723, 
INFO:root:Epoch    18, Energy: -3.05358e+01 (-3.07856e+01), Variance: 9.34966e+01 (1.23674e+02), Accept ratio: 0.32984, 
INFO:root:Epoch    19, Energy: -3.03995e+01 (-3.05413e+01), Variance: 7.86673e+01 (1.13480e+02), Accept ratio: 0.32606, 
INFO:root:Epoch    20, Energy: -3.09980e+01 (-3.11634e+01), Variance: 6.13579e+01 (8.20621e+01), Accept ratio: 0.30161, 
INFO:root:Epoch    21, Energy: -3.20725e+01 (-3.23288e+01), Variance: 6.85411e+01 (9.90548e+01), Accept ratio: 0.33811, 
INFO:root:Epoch    22, Energy: -3.25020e+01 (-3.27101e+01), Variance: 5.25472e+01 (7.81181e+01), Accept ratio: 0.32291, 
INFO:root:Epoch    23, Energy: -3.33108e+01 (-3.34275e+01), Variance: 3.85525e+01 (5.13367e+01), Accept ratio: 0.30329, 
INFO:root:Epoch    24, Energy: -3.42078e+01 (-3.42500e+01), Variance: 4.30333e+01 (5.88569e+01), Accept ratio: 0.28363, 
INFO:root:Epoch    25, Energy: -3.49362e+01 (-3.49622e+01), Variance: 3.64209e+01 (5.50926e+01), Accept ratio: 0.26601, 
INFO:root:Epoch    26, Energy: -3.51952e+01 (-3.51935e+01), Variance: 3.54157e+01 (4.47399e+01), Accept ratio: 0.26652, 
INFO:root:Epoch    27, Energy: -3.54088e+01 (-3.54043e+01), Variance: 3.24236e+01 (4.84511e+01), Accept ratio: 0.25598, 
INFO:root:Epoch    28, Energy: -3.54244e+01 (-3.54690e+01), Variance: 2.82454e+01 (5.08666e+01), Accept ratio: 0.26141, 
INFO:root:Epoch    29, Energy: -3.59447e+01 (-3.58222e+01), Variance: 2.24059e+01 (3.78112e+01), Accept ratio: 0.24481, 
INFO:root:Epoch    30, Energy: -3.61701e+01 (-3.62084e+01), Variance: 2.26354e+01 (4.18180e+01), Accept ratio: 0.24462, 
INFO:root:Epoch    31, Energy: -3.64027e+01 (-3.63448e+01), Variance: 1.93833e+01 (3.28270e+01), Accept ratio: 0.27323, 
INFO:root:Epoch    32, Energy: -3.64436e+01 (-3.64021e+01), Variance: 1.75086e+01 (3.08207e+01), Accept ratio: 0.27345, 
INFO:root:Epoch    33, Energy: -3.66095e+01 (-3.66073e+01), Variance: 2.03472e+01 (3.28982e+01), Accept ratio: 0.26091, 
INFO:root:Epoch    34, Energy: -3.64426e+01 (-3.63672e+01), Variance: 1.58327e+01 (3.13840e+01), Accept ratio: 0.25745, 
INFO:root:Epoch    35, Energy: -3.68157e+01 (-3.65395e+01), Variance: 1.62606e+01 (5.49694e+01), Accept ratio: 0.25569, 
INFO:root:Epoch    36, Energy: -3.67405e+01 (-3.66120e+01), Variance: 1.29764e+01 (2.24376e+01), Accept ratio: 0.25292, 
INFO:root:Epoch    37, Energy: -3.68084e+01 (-3.65689e+01), Variance: 1.54953e+01 (3.51863e+01), Accept ratio: 0.25222, 
INFO:root:Epoch    38, Energy: -3.66720e+01 (-3.67436e+01), Variance: 1.81276e+01 (3.46654e+01), Accept ratio: 0.24931, 
INFO:root:Epoch    39, Energy: -3.70059e+01 (-3.69828e+01), Variance: 1.40181e+01 (2.84475e+01), Accept ratio: 0.25955, 
INFO:root:Epoch    40, Energy: -3.70555e+01 (-3.70846e+01), Variance: 1.28937e+01 (2.73900e+01), Accept ratio: 0.25415, 
INFO:root:Epoch    41, Energy: -3.69229e+01 (-3.67911e+01), Variance: 1.07260e+01 (2.42881e+01), Accept ratio: 0.29607, 
INFO:root:Epoch    42, Energy: -3.69440e+01 (-3.68248e+01), Variance: 1.08223e+01 (1.75301e+01), Accept ratio: 0.28812, 
INFO:root:Epoch    43, Energy: -3.70447e+01 (-3.69670e+01), Variance: 1.11229e+01 (2.03467e+01), Accept ratio: 0.28506, 
INFO:root:Epoch    44, Energy: -3.70904e+01 (-3.71148e+01), Variance: 1.35173e+01 (3.85907e+01), Accept ratio: 0.28855, 
INFO:root:Epoch    45, Energy: -3.71645e+01 (-3.71606e+01), Variance: 1.19139e+01 (2.10206e+01), Accept ratio: 0.28749, 
INFO:root:Epoch    46, Energy: -3.71774e+01 (-3.73050e+01), Variance: 1.13832e+01 (3.87703e+01), Accept ratio: 0.28763, 
INFO:root:Epoch    47, Energy: -3.69668e+01 (-3.69149e+01), Variance: 1.24490e+01 (1.97980e+01), Accept ratio: 0.29256, 
INFO:root:Epoch    48, Energy: -3.69504e+01 (-3.70559e+01), Variance: 1.22344e+01 (2.63153e+01), Accept ratio: 0.29375, 
INFO:root:Epoch    49, Energy: -3.71504e+01 (-3.72063e+01), Variance: 1.05706e+01 (1.75835e+01), Accept ratio: 0.28987, 
INFO:root:Epoch    50, Energy: -3.70909e+01 (-3.71168e+01), Variance: 8.94483e+00 (1.99982e+01), Accept ratio: 0.29228, 
INFO:root:Epoch    51, Energy: -3.70331e+01 (-3.70228e+01), Variance: 8.04045e+00 (1.17388e+01), Accept ratio: 0.33354, 
INFO:root:Epoch    52, Energy: -3.72826e+01 (-3.71913e+01), Variance: 6.15758e+00 (1.34801e+01), Accept ratio: 0.33078, 
INFO:root:Epoch    53, Energy: -3.71417e+01 (-3.70500e+01), Variance: 6.49841e+00 (1.25266e+01), Accept ratio: 0.33544, 
INFO:root:Epoch    54, Energy: -3.73036e+01 (-3.72397e+01), Variance: 6.67490e+00 (1.93701e+01), Accept ratio: 0.33474, 
INFO:root:Epoch    55, Energy: -3.70110e+01 (-3.70952e+01), Variance: 6.56396e+00 (1.86244e+01), Accept ratio: 0.32905, 
INFO:root:Epoch    56, Energy: -3.72740e+01 (-3.71832e+01), Variance: 5.56362e+00 (9.84419e+00), Accept ratio: 0.33295, 
INFO:root:Epoch    57, Energy: -3.71765e+01 (-3.71514e+01), Variance: 5.52501e+00 (1.12682e+01), Accept ratio: 0.33135, 
INFO:root:Epoch    58, Energy: -3.73233e+01 (-3.72981e+01), Variance: 5.56758e+00 (1.44053e+01), Accept ratio: 0.33031, 
INFO:root:Epoch    59, Energy: -3.72591e+01 (-3.73723e+01), Variance: 6.07573e+00 (1.87438e+01), Accept ratio: 0.32440, 
INFO:root:Epoch    60, Energy: -3.72669e+01 (-3.72505e+01), Variance: 5.27722e+00 (1.03021e+01), Accept ratio: 0.32222, 
INFO:root:Epoch    61, Energy: -3.74246e+01 (-3.74840e+01), Variance: 6.30064e+00 (1.66634e+01), Accept ratio: 0.36250, 
INFO:root:Epoch    62, Energy: -3.72399e+01 (-3.74017e+01), Variance: 6.73397e+00 (2.17121e+01), Accept ratio: 0.37736, 
INFO:root:Epoch    63, Energy: -3.72675e+01 (-3.73741e+01), Variance: 7.20490e+00 (1.76698e+01), Accept ratio: 0.38125, 
INFO:root:Epoch    64, Energy: -3.72284e+01 (-3.72169e+01), Variance: 6.90920e+00 (1.11539e+01), Accept ratio: 0.38410, 
INFO:root:Epoch    65, Energy: -3.72509e+01 (-3.72328e+01), Variance: 7.74460e+00 (1.37082e+01), Accept ratio: 0.37938, 
INFO:root:Epoch    66, Energy: -3.71058e+01 (-3.72699e+01), Variance: 8.41673e+00 (2.83169e+01), Accept ratio: 0.38502, 
INFO:root:Epoch    67, Energy: -3.73804e+01 (-3.74085e+01), Variance: 6.90668e+00 (1.09463e+01), Accept ratio: 0.37897, 
INFO:root:Epoch    68, Energy: -3.71588e+01 (-3.71652e+01), Variance: 5.89869e+00 (8.38431e+00), Accept ratio: 0.38241, 
INFO:root:Epoch    69, Energy: -3.72763e+01 (-3.72721e+01), Variance: 7.80188e+00 (1.34858e+01), Accept ratio: 0.37531, 
INFO:root:Epoch    70, Energy: -3.69508e+01 (-3.71673e+01), Variance: 1.34870e+01 (2.64918e+01), Accept ratio: 0.37588, 
INFO:root:Epoch    71, Energy: -3.69300e+01 (-3.70447e+01), Variance: 1.72736e+01 (2.60295e+01), Accept ratio: 0.43564, 
INFO:root:Epoch    72, Energy: -3.67024e+01 (-3.70131e+01), Variance: 2.67507e+01 (5.33922e+01), Accept ratio: 0.43733, 
INFO:root:Epoch    73, Energy: -3.67914e+01 (-3.73892e+01), Variance: 2.68271e+01 (1.78648e+02), Accept ratio: 0.44265, 
INFO:root:Epoch    74, Energy: -3.67972e+01 (-3.69066e+01), Variance: 2.21658e+01 (3.80304e+01), Accept ratio: 0.44465, 
INFO:root:Epoch    75, Energy: -3.70634e+01 (-3.70756e+01), Variance: 1.06432e+01 (1.35138e+01), Accept ratio: 0.43626, 
INFO:root:Epoch    76, Energy: -3.71241e+01 (-3.71318e+01), Variance: 7.58540e+00 (1.75552e+01), Accept ratio: 0.42771, 
INFO:root:Epoch    77, Energy: -3.73662e+01 (-3.73121e+01), Variance: 6.05783e+00 (1.35243e+01), Accept ratio: 0.41733, 
INFO:root:Epoch    78, Energy: -3.72240e+01 (-3.71970e+01), Variance: 4.78037e+00 (7.10055e+00), Accept ratio: 0.40575, 
INFO:root:Epoch    79, Energy: -3.71851e+01 (-3.71438e+01), Variance: 4.55011e+00 (7.57197e+00), Accept ratio: 0.41078, 
INFO:root:Epoch    80, Energy: -3.72628e+01 (-3.72270e+01), Variance: 3.76376e+00 (4.64649e+00), Accept ratio: 0.41061, 
INFO:root:Epoch    81, Energy: -3.73671e+01 (-3.73575e+01), Variance: 3.94464e+00 (5.13707e+00), Accept ratio: 0.46252, 
INFO:root:Epoch    82, Energy: -3.72678e+01 (-3.72184e+01), Variance: 3.60720e+00 (4.98054e+00), Accept ratio: 0.45441, 
INFO:root:Epoch    83, Energy: -3.72632e+01 (-3.71109e+01), Variance: 4.87361e+00 (1.34044e+01), Accept ratio: 0.45045, 
INFO:root:Epoch    84, Energy: -3.73136e+01 (-3.72918e+01), Variance: 4.06119e+00 (4.84518e+00), Accept ratio: 0.45654, 
INFO:root:Epoch    85, Energy: -3.72613e+01 (-3.72251e+01), Variance: 4.03784e+00 (5.29727e+00), Accept ratio: 0.45387, 
INFO:root:Epoch    86, Energy: -3.72996e+01 (-3.72926e+01), Variance: 4.54796e+00 (5.20216e+00), Accept ratio: 0.45876, 
INFO:root:Epoch    87, Energy: -3.72448e+01 (-3.72061e+01), Variance: 4.59682e+00 (5.64872e+00), Accept ratio: 0.44963, 
INFO:root:Epoch    88, Energy: -3.72194e+01 (-3.71763e+01), Variance: 4.52228e+00 (6.44398e+00), Accept ratio: 0.45498, 
INFO:root:Epoch    89, Energy: -3.71006e+01 (-3.70295e+01), Variance: 6.03933e+00 (1.10052e+01), Accept ratio: 0.45559, 
INFO:root:Epoch    90, Energy: -3.71844e+01 (-3.71188e+01), Variance: 7.06096e+00 (1.28173e+01), Accept ratio: 0.44999, 
INFO:root:Epoch    91, Energy: -3.71469e+01 (-3.71068e+01), Variance: 7.45100e+00 (1.03375e+01), Accept ratio: 0.44860, 
INFO:root:Epoch    92, Energy: -3.72732e+01 (-3.72252e+01), Variance: 8.53694e+00 (1.37550e+01), Accept ratio: 0.44740, 
INFO:root:Epoch    93, Energy: -3.72327e+01 (-3.72441e+01), Variance: 7.89877e+00 (1.00905e+01), Accept ratio: 0.45353, 
INFO:root:Epoch    94, Energy: -3.71421e+01 (-3.71079e+01), Variance: 8.31526e+00 (1.10660e+01), Accept ratio: 0.44722, 
INFO:root:Epoch    95, Energy: -3.71745e+01 (-3.71172e+01), Variance: 8.86269e+00 (1.17139e+01), Accept ratio: 0.45135, 
INFO:root:Epoch    96, Energy: -3.72939e+01 (-3.72904e+01), Variance: 9.36870e+00 (1.05274e+01), Accept ratio: 0.46077, 
INFO:root:Epoch    97, Energy: -3.72819e+01 (-3.72552e+01), Variance: 1.02625e+01 (1.38839e+01), Accept ratio: 0.45155, 
INFO:root:Epoch    98, Energy: -3.72148e+01 (-3.70995e+01), Variance: 1.06119e+01 (2.37078e+01), Accept ratio: 0.45508, 
INFO:root:Epoch    99, Energy: -3.71307e+01 (-3.71298e+01), Variance: 1.06512e+01 (1.19699e+01), Accept ratio: 0.44569, 
INFO:root:Epoch   100, Energy: -3.73368e+01 (-3.72923e+01), Variance: 1.24165e+01 (1.54641e+01), Accept ratio: 0.44956, , best weights saved
INFO:root:Epoch   101, Energy: -3.73284e+01 (-3.73245e+01), Variance: 1.36190e+01 (1.59672e+01), Accept ratio: 0.44513, 
INFO:root:Epoch   102, Energy: -3.75322e+01 (-3.75291e+01), Variance: 1.60804e+01 (1.87054e+01), Accept ratio: 0.44808, 
INFO:root:Epoch   103, Energy: -3.72888e+01 (-3.71882e+01), Variance: 1.90319e+01 (2.77095e+01), Accept ratio: 0.45599, 
INFO:root:Epoch   104, Energy: -3.72444e+01 (-3.73029e+01), Variance: 1.82811e+01 (2.30655e+01), Accept ratio: 0.44617, 
INFO:root:Epoch   105, Energy: -3.71370e+01 (-3.70787e+01), Variance: 1.77068e+01 (2.52580e+01), Accept ratio: 0.44990, 
INFO:root:Epoch   106, Energy: -3.74353e+01 (-3.73976e+01), Variance: 1.78298e+01 (2.83527e+01), Accept ratio: 0.44387, 
INFO:root:Epoch   107, Energy: -3.70635e+01 (-3.70811e+01), Variance: 2.46776e+01 (3.34265e+01), Accept ratio: 0.45589, 
INFO:root:Epoch   108, Energy: -3.70826e+01 (-3.71064e+01), Variance: 2.79599e+01 (3.98392e+01), Accept ratio: 0.45227, 
INFO:root:Epoch   109, Energy: -3.72722e+01 (-3.72489e+01), Variance: 3.28958e+01 (4.02954e+01), Accept ratio: 0.45348, 
INFO:root:Epoch   110, Energy: -3.72636e+01 (-3.71569e+01), Variance: 3.37032e+01 (6.63327e+01), Accept ratio: 0.44165, 
INFO:root:Epoch   111, Energy: -3.71000e+01 (-3.70582e+01), Variance: 3.50163e+01 (4.31082e+01), Accept ratio: 0.48795, 
INFO:root:Epoch   112, Energy: -3.72927e+01 (-3.71937e+01), Variance: 3.53237e+01 (4.53296e+01), Accept ratio: 0.48764, 
INFO:root:Epoch   113, Energy: -3.68744e+01 (-3.70361e+01), Variance: 5.49258e+01 (8.41557e+01), Accept ratio: 0.48853, 
INFO:root:Epoch   114, Energy: -3.68365e+01 (-3.64549e+01), Variance: 5.80664e+01 (1.80743e+02), Accept ratio: 0.48371, 
INFO:root:Epoch   115, Energy: -3.71225e+01 (-3.70648e+01), Variance: 5.81958e+01 (1.18835e+02), Accept ratio: 0.49080, 
INFO:root:Epoch   116, Energy: -3.72367e+01 (-3.71899e+01), Variance: 6.98029e+01 (8.31044e+01), Accept ratio: 0.48799, 
INFO:root:Epoch   117, Energy: -3.70367e+01 (-3.70868e+01), Variance: 8.47920e+01 (1.18056e+02), Accept ratio: 0.47971, 
INFO:root:Epoch   118, Energy: -3.63745e+01 (-3.66652e+01), Variance: 1.32088e+02 (1.79272e+02), Accept ratio: 0.50018, 
INFO:root:Epoch   119, Energy: -3.67405e+01 (-3.65637e+01), Variance: 1.42018e+02 (2.40299e+02), Accept ratio: 0.49916, 
INFO:root:Epoch   120, Energy: -3.59633e+01 (-3.62100e+01), Variance: 1.64756e+02 (8.39738e+02), Accept ratio: 0.50152, 
INFO:root:Epoch   121, Energy: -3.60185e+01 (-3.58356e+01), Variance: 2.14234e+02 (2.96998e+02), Accept ratio: 0.49039, 
INFO:root:Epoch   122, Energy: -3.74591e+01 (-3.74200e+01), Variance: 2.71099e+02 (4.53936e+02), Accept ratio: 0.49353, 
INFO:root:Epoch   123, Energy: -3.60092e+01 (-3.62000e+01), Variance: 3.13258e+02 (8.01219e+02), Accept ratio: 0.48959, 
INFO:root:Epoch   124, Energy: -3.64315e+01 (-3.65248e+01), Variance: 3.82456e+02 (4.64696e+02), Accept ratio: 0.48885, 
INFO:root:Epoch   125, Energy: -3.65747e+01 (-3.70956e+01), Variance: 4.03024e+02 (7.65735e+02), Accept ratio: 0.48481, 
INFO:root:Epoch   126, Energy: -3.60854e+01 (-3.62267e+01), Variance: 3.80583e+02 (5.11531e+02), Accept ratio: 0.48976, 
INFO:root:Epoch   127, Energy: -3.68569e+01 (-3.63369e+01), Variance: 5.86303e+02 (1.57012e+03), Accept ratio: 0.49498, 
INFO:root:Epoch   128, Energy: -3.65133e+01 (-3.67933e+01), Variance: 1.27718e+03 (2.62430e+03), Accept ratio: 0.49556, 
INFO:root:Epoch   129, Energy: -3.52384e+01 (-3.56754e+01), Variance: 1.20286e+03 (2.26094e+03), Accept ratio: 0.48457, 
INFO:root:Epoch   130, Energy: -3.72197e+01 (-3.89331e+01), Variance: 1.45253e+03 (3.29610e+03), Accept ratio: 0.48119, 
INFO:root:Epoch   131, Energy: -3.84969e+01 (-3.90034e+01), Variance: 1.62409e+03 (4.36407e+03), Accept ratio: 0.47518, 
INFO:root:Epoch   132, Energy: -3.22739e+01 (-3.25926e+01), Variance: 3.22084e+03 (1.38893e+04), Accept ratio: 0.46790, 
INFO:root:Epoch   133, Energy: -3.78134e+01 (-3.61215e+01), Variance: 3.78999e+03 (1.22169e+04), Accept ratio: 0.49489, 
INFO:root:Epoch   134, Energy: -3.52211e+01 (-3.28137e+01), Variance: 5.55055e+03 (2.63806e+04), Accept ratio: 0.49915, 
INFO:root:Epoch   135, Energy: -3.24312e+01 (-2.68737e+01), Variance: 6.82954e+03 (2.08825e+04), Accept ratio: 0.47507, 
INFO:root:Epoch   136, Energy: -2.94810e+01 (-6.82137e+01), Variance: 1.29218e+04 (1.14137e+06), Accept ratio: 0.47705, 
INFO:root:Epoch   137, Energy: -3.45919e+01 (-3.10427e+01), Variance: 7.44575e+03 (2.52204e+04), Accept ratio: 0.44353, 
INFO:root:Epoch   138, Energy: -2.83484e+01 (-2.86252e+01), Variance: 9.47047e+03 (3.50241e+04), Accept ratio: 0.43289, 
INFO:root:Epoch   139, Energy: -3.50063e+01 (-5.54869e+01), Variance: 1.25961e+04 (3.64280e+05), Accept ratio: 0.47884, 
INFO:root:Epoch   140, Energy: -2.60413e+01 (-4.25009e+01), Variance: 1.95945e+04 (2.10970e+05), Accept ratio: 0.45236, 
INFO:root:Epoch   141, Energy: -3.32671e+01 (-4.93728e+01), Variance: 3.72978e+04 (8.50771e+05), Accept ratio: 0.50512, 
INFO:root:Epoch   142, Energy: -2.71868e+01 (-2.02359e+01), Variance: 2.63395e+04 (1.39335e+05), Accept ratio: 0.54699, 
INFO:root:Epoch   143, Energy: -2.72882e+01 (-1.39360e+01), Variance: 2.40438e+04 (1.54966e+05), Accept ratio: 0.46117, 
INFO:root:Epoch   144, Energy: -2.33579e+01 (-2.57470e+01), Variance: 2.47321e+04 (5.02277e+04), Accept ratio: 0.52823, 
INFO:root:Epoch   145, Energy: 2.35177e-01 (6.39136e+01), Variance: 1.39903e+05 (3.53211e+06), Accept ratio: 0.48119, 
INFO:root:Epoch   146, Energy: -2.24787e+01 (-2.89276e+01), Variance: 1.06760e+05 (2.96272e+05), Accept ratio: 0.47225, 
INFO:root:Epoch   147, Energy: -3.44036e+01 (-5.93533e+01), Variance: 2.54607e+05 (8.80047e+05), Accept ratio: 0.57214, 
INFO:root:Epoch   148, Energy: 9.64457e+00 (2.71517e+01), Variance: 4.75192e+05 (1.61148e+06), Accept ratio: 0.46560, 
INFO:root:Epoch   149, Energy: 2.69055e+01 (2.90986e+01), Variance: 5.30778e+05 (9.92648e+05), Accept ratio: 0.50376, 
INFO:root:Epoch   150, Energy: 4.51175e+01 (7.65758e+01), Variance: 6.26088e+05 (1.63832e+06), Accept ratio: 0.55154, 
INFO:root:Epoch   151, Energy: 3.01595e+01 (4.38645e+01), Variance: 1.56714e+06 (7.48361e+06), Accept ratio: 0.47374, 
INFO:root:Epoch   152, Energy: 1.46456e+02 (2.16486e+02), Variance: 1.68293e+06 (7.23055e+06), Accept ratio: 0.41584, 
INFO:root:Epoch   153, Energy: 1.49610e+02 (3.21468e+02), Variance: 2.80779e+06 (1.91291e+07), Accept ratio: 0.45771, 
INFO:root:Epoch   154, Energy: -5.07718e+01 (-2.16848e+02), Variance: 3.27595e+06 (1.09009e+08), Accept ratio: 0.36236, 
INFO:root:Epoch   155, Energy: -1.09964e+03 (-7.89178e+03), Variance: 5.83142e+07 (1.79549e+10), Accept ratio: 0.25165, 
INFO:root:Epoch   156, Energy: nan (nan), Variance: nan (nan), Accept ratio: nan, , nans ckpt saved
INFO:root:VMC terminated due to Nans! Aborting.
[1;34mwandb[0m: 
[1;34mwandb[0m: You can sync this run to the cloud by running:
[1;34mwandb[0m: [1mwandb sync /global/scratch/users/ren27/wandb/wandb/offline-run-20260802_142956-7u1kt7kn[0m
[1;34mwandb[0m: Find logs at: [1;35m../wandb/wandb/offline-run-20260802_142956-7u1kt7kn/logs[0m
