jax devices: [CudaDevice(id=0)]
wandb: WARNING Unable to verify login in offline mode.
wandb: Tracking run with wandb version 0.28.1
wandb: W&B syncing is set to `offline` in this directory. Run `wandb online` or set WANDB_MODE=online to enable cloud syncing.
wandb: Run data is saved locally in /global/scratch/users/ren27/wandb/wandb/offline-run-20260802_160746-f485kgmo
wandb: View this run in the terminal with `wandb leet`
INFO:root:Reload configuration: 
append: true
checkpoint_relative_file_path: best_checkpoint.npz
config_relative_file_path: config.json
logdir: NONE
new_optimizer_state: false
reburn: false
same_logdir: false
use_checkpoint_file: true
use_config_file: true

INFO:root:Running with configuration: 
base_logdir: /global/scratch/users/ren27/vmcnet_logs/phase_a/e2_eta_sweep_carbon
debug_nans: false
distribute: false
dtype: float32
eval:
  nan_safe: false
  nburn: 0
  nchains: 2000
  nepochs: 0
  nmoves_per_width_update: 100
  nsteps_per_param_update: 10
  record_amplitudes: false
  record_local_energies: true
  std_move: 0.25
  use_data_from_training: false
initial_seed: 0
logdir: /global/scratch/users/ren27/vmcnet_logs/phase_a/e2_eta_sweep_carbon/e2_carbon_prime_sr_eta0.2_conOFF_s0
logging_level: INFO
model:
  backflow:
    activation_fn: tanh
    bias_init_1e_stream:
      type: normal
    bias_init_2e_stream:
      type: normal
    kernel_init_2e_1e_stream:
      scale: 1.0
      type: orthogonal
    kernel_init_2e_2e_stream:
      scale: 2.0
      type: orthogonal
    kernel_init_mixed:
      scale: 1.0
      type: orthogonal
    kernel_init_unmixed:
      scale: 2.0
      type: orthogonal
    ndense_list: !!python/tuple
    - &id001 !!python/tuple
      - 256
      - 16
    - *id001
    - *id001
    - !!python/tuple
      - 256
    one_electron_skip: true
    one_electron_skip_scale: 1.0
    two_electron_skip: true
    two_electron_skip_scale: 1.0
    use_bias: true
  bias_init_orbital_linear:
    type: normal
  envelope_softening: 0.0
  full_det: true
  include_cusp_jastrow: false
  input_streams:
    ee_norm_softening: 0.0
    ei_norm_softening: 0.0
    include_2e_stream: true
    include_ee_norm: true
    include_ei_norm: true
  isotropic_decay: true
  kernel_init_envelope_dim:
    type: ones
  kernel_init_envelope_ion:
    type: ones
  kernel_init_orbital_linear:
    scale: 2.0
    type: orthogonal
  ndeterminants: 16
  orbitals_use_bias: true
  type: ferminet
notes: Carbon atom, tuned settings from SPRING paper (arXiv:2401.10190)
problem:
  ee_softening: 0.0
  ei_softening: 0.0
  ion_charges: !!python/tuple
  - 6.0
  ion_pos: !!python/tuple
  - !!python/tuple
    - 0.0
    - 0.0
    - 0.0
  nelec: !!python/tuple
  - 4
  - 2
save_to_current_datetime_subfolder: false
subfolder_name: e2_carbon_prime_sr_eta0.2_conOFF_s0
vmc:
  best_checkpoint_every: 100
  check_for_nans: true
  checkpoint_dir: checkpoints
  checkpoint_every: 5000
  checkpoint_variance_scale: 10
  clip_center: mean
  clip_threshold: 5.0
  nan_safe: true
  nburn: 5000
  nchains: 1000
  nepochs: 25000
  nhistory_max: 200
  nmoves_per_width_update: 100
  nsteps_per_param_update: 10
  optimizer:
    adam:
      b1: 0.9
      b2: 0.999
      eps: 1.0e-08
      eps_root: 0.0
      learning_decay_rate: 0.0001
      learning_rate: 0.05
      schedule_type: inverse_time
    gauss_newton:
      E: 0.0
      clip_threshold: 1000.0
      constrain_norm: true
      damping: 0.001
      learning_decay_rate: 0.0001
      learning_rate: 1.0
      norm_constraint: 0.001
      schedule_type: inverse_time
    kfac:
      curvature_ema: 0.95
      damping: 0.001
      estimation_mode: fisher_exact
      inverse_update_period: 1
      l2_reg: 0.0
      learning_decay_rate: 0.0001
      learning_rate: 0.05
      min_damping: 0.0001
      norm_constraint: 0.001
      register_only_generic: false
      schedule_type: inverse_time
    prime_sr:
      constrain_norm: false
      damping: 0.001
      learning_decay_rate: 0.0001
      learning_rate: 0.2
      mu_cap: 1.0
      norm_constraint: 0.001
      schedule_type: inverse_time
    same_sampled_spring_unified:
      adaptive_eta: false
      adaptive_probe: false
      constrain_norm: true
      damping: 0.001
      lb_window: 30
      learning_decay_rate: 0.0001
      learning_rate: 0.05
      mu: 0.0
      norm_constraint: 0.001
      probe_damping: 0.001
      probe_lr: -1.0
      schedule_type: inverse_time
    sgd:
      learning_decay_rate: 0.0001
      learning_rate: 0.05
      momentum: 0.0
      nesterov: false
      schedule_type: inverse_time
    spring:
      constrain_norm: true
      damping: 0.001
      learning_decay_rate: 0.0001
      learning_rate: 0.05
      mu: 0.99
      norm_constraint: 0.001
      schedule_type: inverse_time
  optimizer_type: prime_sr
  record_amplitudes: false
  record_param_l1_norm: false
  std_move: 0.25
wandb:
  group: e2-eta-carbon-conOFF
  mode: offline
  name: e2_carbon_prime_sr_eta0.2_conOFF_s0
  project: vmcnet-phase-a

INFO:jax._src.xla_bridge:Unable to initialize backend 'rocm': module 'jaxlib.xla_extension' has no attribute 'GpuAllocatorConfig'
INFO:jax._src.xla_bridge:Unable to initialize backend 'tpu': INTERNAL: Failed to open libtpu.so: libtpu.so: cannot open shared object file: No such file or directory
INFO:root:Saving to /global/scratch/users/ren27/vmcnet_logs/phase_a/e2_eta_sweep_carbon/e2_carbon_prime_sr_eta0.2_conOFF_s0
INFO:root:Burning data for 5000 steps
INFO:root:Epoch     1, Energy: -1.52404e+01 (-1.55405e+01), Variance: 5.07839e+01 (7.68648e+01), Accept ratio: 0.47238, 
INFO:root:Epoch     2, Energy: -1.56774e+01 (-1.60122e+01), Variance: 5.49085e+01 (9.18736e+01), Accept ratio: 0.49439, 
INFO:root:Epoch     3, Energy: -1.60431e+01 (-1.61946e+01), Variance: 4.82997e+01 (6.47677e+01), Accept ratio: 0.48307, 
INFO:root:Epoch     4, Energy: -1.74954e+01 (-1.80083e+01), Variance: 6.69208e+01 (1.92443e+02), Accept ratio: 0.47010, 
INFO:root:Epoch     5, Energy: -1.87295e+01 (-1.89866e+01), Variance: 8.51591e+01 (1.13070e+02), Accept ratio: 0.45090, 
INFO:root:Epoch     6, Energy: -2.06225e+01 (-2.06988e+01), Variance: 8.80570e+01 (1.01135e+02), Accept ratio: 0.41899, 
INFO:root:Epoch     7, Energy: -2.36743e+01 (-2.38013e+01), Variance: 8.10748e+01 (9.90795e+01), Accept ratio: 0.39451, 
INFO:root:Epoch     8, Energy: -2.73239e+01 (-2.76192e+01), Variance: 8.26985e+01 (1.64859e+02), Accept ratio: 0.34277, 
INFO:root:Epoch     9, Energy: -3.05556e+01 (-3.09071e+01), Variance: 5.93344e+01 (1.43143e+02), Accept ratio: 0.30275, 
INFO:root:Epoch    10, Energy: -3.27716e+01 (-3.28563e+01), Variance: 4.96468e+01 (1.10768e+02), Accept ratio: 0.27069, 
INFO:root:Epoch    11, Energy: -3.53997e+01 (-3.54500e+01), Variance: 4.00170e+01 (5.40361e+01), Accept ratio: 0.27800, 
INFO:root:Epoch    12, Energy: -3.65923e+01 (-3.65658e+01), Variance: 3.24366e+01 (4.66217e+01), Accept ratio: 0.25105, 
INFO:root:Epoch    13, Energy: -3.68926e+01 (-3.68347e+01), Variance: 1.49918e+01 (1.96651e+01), Accept ratio: 0.23809, 
INFO:root:Epoch    14, Energy: -3.75453e+01 (-3.75300e+01), Variance: 1.47085e+01 (1.60173e+01), Accept ratio: 0.22718, 
INFO:root:Epoch    15, Energy: -3.74556e+01 (-3.74736e+01), Variance: 1.36711e+01 (1.77322e+01), Accept ratio: 0.21009, 
INFO:root:Epoch    16, Energy: -3.75174e+01 (-3.76540e+01), Variance: 1.61880e+01 (2.65455e+01), Accept ratio: 0.20412, 
INFO:root:Epoch    17, Energy: -3.76662e+01 (-3.77938e+01), Variance: 1.60313e+01 (5.56737e+01), Accept ratio: 0.19378, 
INFO:root:Epoch    18, Energy: -3.72617e+01 (-3.71359e+01), Variance: 2.51080e+01 (4.42693e+01), Accept ratio: 0.18371, 
INFO:root:Epoch    19, Energy: -3.70952e+01 (-3.71228e+01), Variance: 3.31606e+01 (4.23943e+01), Accept ratio: 0.18250, 
INFO:root:Epoch    20, Energy: -3.69080e+01 (-3.69065e+01), Variance: 4.91909e+01 (5.80080e+01), Accept ratio: 0.18903, 
INFO:root:Epoch    21, Energy: -3.73155e+01 (-3.73452e+01), Variance: 9.82064e+01 (1.16583e+02), Accept ratio: 0.21527, 
INFO:root:Epoch    22, Energy: -3.65744e+01 (-3.67437e+01), Variance: 1.72163e+02 (2.44658e+02), Accept ratio: 0.23851, 
INFO:root:Epoch    23, Energy: -3.78519e+01 (-3.78342e+01), Variance: 5.33008e+02 (6.91736e+02), Accept ratio: 0.25926, 
INFO:root:Epoch    24, Energy: -2.81853e+01 (-2.78346e+01), Variance: 1.66467e+03 (2.03655e+03), Accept ratio: 0.34574, 
INFO:root:Epoch    25, Energy: -3.03332e+01 (-2.90019e+01), Variance: 4.23296e+03 (8.51432e+03), Accept ratio: 0.28056, 
INFO:root:Epoch    26, Energy: -1.86055e+01 (-1.88112e+01), Variance: 2.34835e+04 (5.52582e+04), Accept ratio: 0.37807, 
INFO:root:Epoch    27, Energy: 7.67835e+01 (8.55730e+01), Variance: 1.90090e+06 (1.27490e+08), Accept ratio: 0.28929, 
INFO:root:Epoch    28, Energy: 6.04726e+03 (1.22161e+05), Variance: 5.76883e+10 (9.00389e+12), Accept ratio: 0.14754, 
INFO:root:Epoch    29, Energy: nan (nan), Variance: nan (nan), Accept ratio: nan, , nans ckpt saved
INFO:root:VMC terminated due to Nans! Aborting.
[1;34mwandb[0m: 
[1;34mwandb[0m: You can sync this run to the cloud by running:
[1;34mwandb[0m: [1mwandb sync /global/scratch/users/ren27/wandb/wandb/offline-run-20260802_160746-f485kgmo[0m
[1;34mwandb[0m: Find logs at: [1;35m../wandb/wandb/offline-run-20260802_160746-f485kgmo/logs[0m
